<?xml version="1.0" encoding="ISO-8859-1" ?>
<link_info>
   <banner>TI ARM Linker PC v20.2.2.LTS</banner>
   <copyright>Copyright (c) 1996-2018 Texas Instruments Incorporated</copyright>
   <link_time>0x61003344</link_time>
   <link_errors>0x0</link_errors>
   <output_file>MusicPlayer_FreeRTOS.out</output_file>
   <entry_point>
      <name>_c_int00_noargs</name>
      <address>0x89c5</address>
   </entry_point>
   <input_file_list>
      <input_file id="fl-2">
         <path>.\</path>
         <kind>object</kind>
         <file>main.obj</file>
         <name>main.obj</name>
      </input_file>
      <input_file id="fl-3">
         <path>.\</path>
         <kind>object</kind>
         <file>tm4c123gh6pm_startup_ccs.obj</file>
         <name>tm4c123gh6pm_startup_ccs.obj</name>
      </input_file>
      <input_file id="fl-4">
         <path>.\Application\</path>
         <kind>object</kind>
         <file>uartstdio.obj</file>
         <name>uartstdio.obj</name>
      </input_file>
      <input_file id="fl-5">
         <path>.\FatFs_Control\</path>
         <kind>object</kind>
         <file>SPI_Control.obj</file>
         <name>SPI_Control.obj</name>
      </input_file>
      <input_file id="fl-6">
         <path>.\FatFs_Control\</path>
         <kind>object</kind>
         <file>ff.obj</file>
         <name>ff.obj</name>
      </input_file>
      <input_file id="fl-7">
         <path>.\FatFs_Control\</path>
         <kind>object</kind>
         <file>sdmm.obj</file>
         <name>sdmm.obj</name>
      </input_file>
      <input_file id="fl-8">
         <path>.\Source\</path>
         <kind>object</kind>
         <file>croutine.obj</file>
         <name>croutine.obj</name>
      </input_file>
      <input_file id="fl-9">
         <path>.\Source\</path>
         <kind>object</kind>
         <file>event_groups.obj</file>
         <name>event_groups.obj</name>
      </input_file>
      <input_file id="fl-a">
         <path>.\Source\</path>
         <kind>object</kind>
         <file>list.obj</file>
         <name>list.obj</name>
      </input_file>
      <input_file id="fl-b">
         <path>.\Source\</path>
         <kind>object</kind>
         <file>queue.obj</file>
         <name>queue.obj</name>
      </input_file>
      <input_file id="fl-c">
         <path>.\Source\</path>
         <kind>object</kind>
         <file>stream_buffer.obj</file>
         <name>stream_buffer.obj</name>
      </input_file>
      <input_file id="fl-d">
         <path>.\Source\</path>
         <kind>object</kind>
         <file>tasks.obj</file>
         <name>tasks.obj</name>
      </input_file>
      <input_file id="fl-e">
         <path>.\Source\</path>
         <kind>object</kind>
         <file>timers.obj</file>
         <name>timers.obj</name>
      </input_file>
      <input_file id="fl-f">
         <path>.\Source\portable\CCS\ARM_CM4F\</path>
         <kind>object</kind>
         <file>port.obj</file>
         <name>port.obj</name>
      </input_file>
      <input_file id="fl-10">
         <path>.\Source\portable\CCS\ARM_CM4F\</path>
         <kind>object</kind>
         <file>portasm.obj</file>
         <name>portasm.obj</name>
      </input_file>
      <input_file id="fl-11">
         <path>.\Source\portable\MemMang\</path>
         <kind>object</kind>
         <file>heap_2.obj</file>
         <name>heap_2.obj</name>
      </input_file>
      <input_file id="fl-16">
         <kind>object</kind>
         <file>&lt;internal&gt;</file>
         <name>&lt;internal&gt;</name>
      </input_file>
      <input_file id="fl-17">
         <path>C:\ti\TivaWare_C_Series-2.2.0.295\driverlib\ccs\Debug\</path>
         <kind>archive</kind>
         <file>driverlib.lib</file>
         <name>gpio.obj</name>
      </input_file>
      <input_file id="fl-18">
         <path>C:\ti\TivaWare_C_Series-2.2.0.295\driverlib\ccs\Debug\</path>
         <kind>archive</kind>
         <file>driverlib.lib</file>
         <name>interrupt.obj</name>
      </input_file>
      <input_file id="fl-19">
         <path>C:\ti\TivaWare_C_Series-2.2.0.295\driverlib\ccs\Debug\</path>
         <kind>archive</kind>
         <file>driverlib.lib</file>
         <name>pwm.obj</name>
      </input_file>
      <input_file id="fl-1a">
         <path>C:\ti\TivaWare_C_Series-2.2.0.295\driverlib\ccs\Debug\</path>
         <kind>archive</kind>
         <file>driverlib.lib</file>
         <name>ssi.obj</name>
      </input_file>
      <input_file id="fl-1b">
         <path>C:\ti\TivaWare_C_Series-2.2.0.295\driverlib\ccs\Debug\</path>
         <kind>archive</kind>
         <file>driverlib.lib</file>
         <name>sysctl.obj</name>
      </input_file>
      <input_file id="fl-1c">
         <path>C:\ti\TivaWare_C_Series-2.2.0.295\driverlib\ccs\Debug\</path>
         <kind>archive</kind>
         <file>driverlib.lib</file>
         <name>uart.obj</name>
      </input_file>
      <input_file id="fl-1d">
         <path>C:\ti\TivaWare_C_Series-2.2.0.295\driverlib\ccs\Debug\</path>
         <kind>archive</kind>
         <file>driverlib.lib</file>
         <name>cpu.obj</name>
      </input_file>
      <input_file id="fl-d3">
         <path>C:\ti\ccs1020\ccs\tools\compiler\ti-cgt-arm_20.2.2.LTS\lib\</path>
         <kind>archive</kind>
         <file>rtsv7M4_T_le_v4SPD16_eabi.lib</file>
         <name>memcpy_t2.asm.obj</name>
      </input_file>
      <input_file id="fl-d4">
         <path>C:\ti\ccs1020\ccs\tools\compiler\ti-cgt-arm_20.2.2.LTS\lib\</path>
         <kind>archive</kind>
         <file>rtsv7M4_T_le_v4SPD16_eabi.lib</file>
         <name>memset_t2.asm.obj</name>
      </input_file>
      <input_file id="fl-d5">
         <path>C:\ti\ccs1020\ccs\tools\compiler\ti-cgt-arm_20.2.2.LTS\lib\</path>
         <kind>archive</kind>
         <file>rtsv7M4_T_le_v4SPD16_eabi.lib</file>
         <name>u_divt2.asm.obj</name>
      </input_file>
      <input_file id="fl-d6">
         <path>C:\ti\ccs1020\ccs\tools\compiler\ti-cgt-arm_20.2.2.LTS\lib\</path>
         <kind>archive</kind>
         <file>rtsv7M4_T_le_v4SPD16_eabi.lib</file>
         <name>copy_zero_init.c.obj</name>
      </input_file>
      <input_file id="fl-d7">
         <path>C:\ti\ccs1020\ccs\tools\compiler\ti-cgt-arm_20.2.2.LTS\lib\</path>
         <kind>archive</kind>
         <file>rtsv7M4_T_le_v4SPD16_eabi.lib</file>
         <name>copy_decompress_none.c.obj</name>
      </input_file>
      <input_file id="fl-d8">
         <path>C:\ti\ccs1020\ccs\tools\compiler\ti-cgt-arm_20.2.2.LTS\lib\</path>
         <kind>archive</kind>
         <file>rtsv7M4_T_le_v4SPD16_eabi.lib</file>
         <name>copy_decompress_lzss.c.obj</name>
      </input_file>
      <input_file id="fl-d9">
         <path>C:\ti\ccs1020\ccs\tools\compiler\ti-cgt-arm_20.2.2.LTS\lib\</path>
         <kind>archive</kind>
         <file>rtsv7M4_T_le_v4SPD16_eabi.lib</file>
         <name>memcmp.c.obj</name>
      </input_file>
      <input_file id="fl-da">
         <path>C:\ti\ccs1020\ccs\tools\compiler\ti-cgt-arm_20.2.2.LTS\lib\</path>
         <kind>archive</kind>
         <file>rtsv7M4_T_le_v4SPD16_eabi.lib</file>
         <name>strchr.c.obj</name>
      </input_file>
      <input_file id="fl-db">
         <path>C:\ti\ccs1020\ccs\tools\compiler\ti-cgt-arm_20.2.2.LTS\lib\</path>
         <kind>archive</kind>
         <file>rtsv7M4_T_le_v4SPD16_eabi.lib</file>
         <name>boot_cortex_m.c.obj</name>
      </input_file>
      <input_file id="fl-dc">
         <path>C:\ti\ccs1020\ccs\tools\compiler\ti-cgt-arm_20.2.2.LTS\lib\</path>
         <kind>archive</kind>
         <file>rtsv7M4_T_le_v4SPD16_eabi.lib</file>
         <name>div0.asm.obj</name>
      </input_file>
      <input_file id="fl-dd">
         <path>C:\ti\ccs1020\ccs\tools\compiler\ti-cgt-arm_20.2.2.LTS\lib\</path>
         <kind>archive</kind>
         <file>rtsv7M4_T_le_v4SPD16_eabi.lib</file>
         <name>autoinit.c.obj</name>
      </input_file>
      <input_file id="fl-de">
         <path>C:\ti\ccs1020\ccs\tools\compiler\ti-cgt-arm_20.2.2.LTS\lib\</path>
         <kind>archive</kind>
         <file>rtsv7M4_T_le_v4SPD16_eabi.lib</file>
         <name>pre_init.c.obj</name>
      </input_file>
      <input_file id="fl-df">
         <path>C:\ti\ccs1020\ccs\tools\compiler\ti-cgt-arm_20.2.2.LTS\lib\</path>
         <kind>archive</kind>
         <file>rtsv7M4_T_le_v4SPD16_eabi.lib</file>
         <name>cpy_tbl.c.obj</name>
      </input_file>
      <input_file id="fl-e0">
         <path>C:\ti\ccs1020\ccs\tools\compiler\ti-cgt-arm_20.2.2.LTS\lib\</path>
         <kind>archive</kind>
         <file>rtsv7M4_T_le_v4SPD16_eabi.lib</file>
         <name>exit.c.obj</name>
      </input_file>
      <input_file id="fl-e1">
         <path>C:\ti\ccs1020\ccs\tools\compiler\ti-cgt-arm_20.2.2.LTS\lib\</path>
         <kind>archive</kind>
         <file>rtsv7M4_T_le_v4SPD16_eabi.lib</file>
         <name>_lock.c.obj</name>
      </input_file>
      <input_file id="fl-e2">
         <path>C:\ti\ccs1020\ccs\tools\compiler\ti-cgt-arm_20.2.2.LTS\lib\</path>
         <kind>archive</kind>
         <file>rtsv7M4_T_le_v4SPD16_eabi.lib</file>
         <name>args_main.c.obj</name>
      </input_file>
   </input_file_list>
   <object_component_list>
      <object_component id="oc-12">
         <name>.intvecs</name>
         <load_address>0x0</load_address>
         <run_address>0x0</run_address>
         <size>0x26c</size>
         <input_file_ref idref="fl-3"/>
      </object_component>
      <object_component id="oc-b9">
         <name>.text</name>
         <load_address>0x26c</load_address>
         <run_address>0x26c</run_address>
         <size>0x42a2</size>
         <input_file_ref idref="fl-6"/>
      </object_component>
      <object_component id="oc-34a">
         <name>.text</name>
         <load_address>0x450e</load_address>
         <run_address>0x450e</run_address>
         <size>0x2</size>
         <input_file_ref idref="fl-dc"/>
      </object_component>
      <object_component id="oc-85">
         <name>.text</name>
         <load_address>0x4510</load_address>
         <run_address>0x4510</run_address>
         <size>0x19f8</size>
         <input_file_ref idref="fl-d"/>
      </object_component>
      <object_component id="oc-ad">
         <name>.text</name>
         <load_address>0x5f08</load_address>
         <run_address>0x5f08</run_address>
         <size>0xca0</size>
         <input_file_ref idref="fl-b"/>
      </object_component>
      <object_component id="oc-223">
         <name>.text</name>
         <load_address>0x6ba8</load_address>
         <run_address>0x6ba8</run_address>
         <size>0x668</size>
         <input_file_ref idref="fl-7"/>
      </object_component>
      <object_component id="oc-38">
         <name>.text</name>
         <load_address>0x7210</load_address>
         <run_address>0x7210</run_address>
         <size>0x518</size>
         <input_file_ref idref="fl-2"/>
      </object_component>
      <object_component id="oc-b3">
         <name>.text</name>
         <load_address>0x7728</load_address>
         <run_address>0x7728</run_address>
         <size>0x4a8</size>
         <input_file_ref idref="fl-4"/>
      </object_component>
      <object_component id="oc-190">
         <name>.text</name>
         <load_address>0x7bd0</load_address>
         <run_address>0x7bd0</run_address>
         <size>0x1d8</size>
         <input_file_ref idref="fl-11"/>
      </object_component>
      <object_component id="oc-1d1">
         <name>.text:GPIOPadConfigSet</name>
         <load_address>0x7da8</load_address>
         <run_address>0x7da8</run_address>
         <size>0x16c</size>
         <input_file_ref idref="fl-17"/>
      </object_component>
      <object_component id="oc-32">
         <name>.text</name>
         <load_address>0x7f14</load_address>
         <run_address>0x7f14</run_address>
         <size>0x13c</size>
         <input_file_ref idref="fl-f"/>
      </object_component>
      <object_component id="oc-196">
         <name>.text</name>
         <load_address>0x8050</load_address>
         <run_address>0x8050</run_address>
         <size>0x12a</size>
         <input_file_ref idref="fl-a"/>
      </object_component>
      <object_component id="oc-e6">
         <name>.text:SysCtlClockGet</name>
         <load_address>0x817c</load_address>
         <run_address>0x817c</run_address>
         <size>0x118</size>
         <input_file_ref idref="fl-1b"/>
      </object_component>
      <object_component id="oc-9b">
         <name>.text:SysCtlClockSet</name>
         <load_address>0x8294</load_address>
         <run_address>0x8294</run_address>
         <size>0xf4</size>
         <input_file_ref idref="fl-1b"/>
      </object_component>
      <object_component id="oc-2d">
         <name>.text</name>
         <load_address>0x8388</load_address>
         <run_address>0x8388</run_address>
         <size>0xda</size>
         <input_file_ref idref="fl-10"/>
      </object_component>
      <object_component id="oc-355">
         <name>.text</name>
         <load_address>0x8464</load_address>
         <run_address>0x8464</run_address>
         <size>0xd4</size>
         <input_file_ref idref="fl-5"/>
      </object_component>
      <object_component id="oc-27d">
         <name>.text:_PWMGenIntNumberGet</name>
         <load_address>0x8538</load_address>
         <run_address>0x8538</run_address>
         <size>0xb0</size>
         <input_file_ref idref="fl-19"/>
      </object_component>
      <object_component id="oc-4c">
         <name>.text</name>
         <load_address>0x85e8</load_address>
         <run_address>0x85e8</run_address>
         <size>0x9c</size>
         <input_file_ref idref="fl-d3"/>
      </object_component>
      <object_component id="oc-16e">
         <name>.text</name>
         <load_address>0x8684</load_address>
         <run_address>0x8684</run_address>
         <size>0x7a</size>
         <input_file_ref idref="fl-d4"/>
      </object_component>
      <object_component id="oc-104">
         <name>.text:IntEnable</name>
         <load_address>0x8700</load_address>
         <run_address>0x8700</run_address>
         <size>0x68</size>
         <input_file_ref idref="fl-18"/>
      </object_component>
      <object_component id="oc-15">
         <name>.text:decompress:lzss:__TI_decompress_lzss</name>
         <load_address>0x8768</load_address>
         <run_address>0x8768</run_address>
         <size>0x68</size>
         <input_file_ref idref="fl-d8"/>
      </object_component>
      <object_component id="oc-d4">
         <name>.text:GPIOPinConfigure</name>
         <load_address>0x87d0</load_address>
         <run_address>0x87d0</run_address>
         <size>0x4c</size>
         <input_file_ref idref="fl-17"/>
      </object_component>
      <object_component id="oc-1f3">
         <name>.text:UARTConfigSetExpClk</name>
         <load_address>0x881c</load_address>
         <run_address>0x881c</run_address>
         <size>0x46</size>
         <input_file_ref idref="fl-1c"/>
      </object_component>
      <object_component id="oc-2b4">
         <name>.text:__TI_auto_init_nobinit_nopinit:__TI_auto_init_nobinit_nopinit</name>
         <load_address>0x8864</load_address>
         <run_address>0x8864</run_address>
         <size>0x44</size>
         <input_file_ref idref="fl-dd"/>
      </object_component>
      <object_component id="oc-214">
         <name>.text</name>
         <load_address>0x88a8</load_address>
         <run_address>0x88a8</run_address>
         <size>0x40</size>
         <input_file_ref idref="fl-d5"/>
      </object_component>
      <object_component id="oc-3da">
         <name>.text:SSIConfigSetExpClk</name>
         <load_address>0x88e8</load_address>
         <run_address>0x88e8</run_address>
         <size>0x3c</size>
         <input_file_ref idref="fl-1a"/>
      </object_component>
      <object_component id="oc-1ed">
         <name>.text:SysCtlPeripheralPresent</name>
         <load_address>0x8924</load_address>
         <run_address>0x8924</run_address>
         <size>0x38</size>
         <input_file_ref idref="fl-1b"/>
      </object_component>
      <object_component id="oc-283">
         <name>.text:IntRegister</name>
         <load_address>0x895c</load_address>
         <run_address>0x895c</run_address>
         <size>0x34</size>
         <input_file_ref idref="fl-18"/>
      </object_component>
      <object_component id="oc-a1">
         <name>.text:SysCtlPeripheralEnable</name>
         <load_address>0x8990</load_address>
         <run_address>0x8990</run_address>
         <size>0x34</size>
         <input_file_ref idref="fl-1b"/>
      </object_component>
      <object_component id="oc-6a">
         <name>.text:_c_int00_noargs:_c_int00_noargs</name>
         <load_address>0x89c4</load_address>
         <run_address>0x89c4</run_address>
         <size>0x34</size>
         <input_file_ref idref="fl-db"/>
      </object_component>
      <object_component id="oc-1d7">
         <name>.text:GPIODirModeSet</name>
         <load_address>0x89f8</load_address>
         <run_address>0x89f8</run_address>
         <size>0x2c</size>
         <input_file_ref idref="fl-17"/>
      </object_component>
      <object_component id="oc-116">
         <name>.text:IntPrioritySet</name>
         <load_address>0x8a24</load_address>
         <run_address>0x8a24</run_address>
         <size>0x24</size>
         <input_file_ref idref="fl-18"/>
      </object_component>
      <object_component id="oc-229">
         <name>.text:memcmp</name>
         <load_address>0x8a48</load_address>
         <run_address>0x8a48</run_address>
         <size>0x24</size>
         <input_file_ref idref="fl-d9"/>
      </object_component>
      <object_component id="oc-e0">
         <name>.text:PWMGenConfigure</name>
         <load_address>0x8a6c</load_address>
         <run_address>0x8a6c</run_address>
         <size>0x22</size>
         <input_file_ref idref="fl-19"/>
      </object_component>
      <object_component id="oc-339">
         <name>.text:UARTDisable</name>
         <load_address>0x8a90</load_address>
         <run_address>0x8a90</run_address>
         <size>0x20</size>
         <input_file_ref idref="fl-1c"/>
      </object_component>
      <object_component id="oc-c5">
         <name>.text:PWMPulseWidthSet</name>
         <load_address>0x8ab0</load_address>
         <run_address>0x8ab0</run_address>
         <size>0x1e</size>
         <input_file_ref idref="fl-19"/>
      </object_component>
      <object_component id="oc-a7">
         <name>.text:GPIOPinTypeGPIOOutput</name>
         <load_address>0x8ace</load_address>
         <run_address>0x8ace</run_address>
         <size>0x1a</size>
         <input_file_ref idref="fl-17"/>
      </object_component>
      <object_component id="oc-110">
         <name>.text:PWMGenIntRegister</name>
         <load_address>0x8ae8</load_address>
         <run_address>0x8ae8</run_address>
         <size>0x18</size>
         <input_file_ref idref="fl-19"/>
      </object_component>
      <object_component id="oc-da">
         <name>.text:GPIOPinTypePWM</name>
         <load_address>0x8b00</load_address>
         <run_address>0x8b00</run_address>
         <size>0x16</size>
         <input_file_ref idref="fl-17"/>
      </object_component>
      <object_component id="oc-3d4">
         <name>.text:GPIOPinTypeSSI</name>
         <load_address>0x8b16</load_address>
         <run_address>0x8b16</run_address>
         <size>0x16</size>
         <input_file_ref idref="fl-17"/>
      </object_component>
      <object_component id="oc-11f">
         <name>.text:GPIOPinTypeUART</name>
         <load_address>0x8b2c</load_address>
         <run_address>0x8b2c</run_address>
         <size>0x16</size>
         <input_file_ref idref="fl-17"/>
      </object_component>
      <object_component id="oc-22f">
         <name>.text:strchr</name>
         <load_address>0x8b42</load_address>
         <run_address>0x8b42</run_address>
         <size>0x16</size>
         <input_file_ref idref="fl-da"/>
      </object_component>
      <object_component id="oc-ce">
         <name>.text:SysCtlPWMClockSet</name>
         <load_address>0x8b58</load_address>
         <run_address>0x8b58</run_address>
         <size>0x14</size>
         <input_file_ref idref="fl-1b"/>
      </object_component>
      <object_component id="oc-1f9">
         <name>.text:UARTEnable</name>
         <load_address>0x8b6c</load_address>
         <run_address>0x8b6c</run_address>
         <size>0x14</size>
         <input_file_ref idref="fl-1c"/>
      </object_component>
      <object_component id="oc-10a">
         <name>.text:PWMOutputState</name>
         <load_address>0x8b80</load_address>
         <run_address>0x8b80</run_address>
         <size>0x12</size>
         <input_file_ref idref="fl-19"/>
      </object_component>
      <object_component id="oc-3e6">
         <name>.text:SSIDataGetNonBlocking</name>
         <load_address>0x8b92</load_address>
         <run_address>0x8b92</run_address>
         <size>0x12</size>
         <input_file_ref idref="fl-1a"/>
      </object_component>
      <object_component id="oc-27">
         <name>.text</name>
         <load_address>0x8ba4</load_address>
         <run_address>0x8ba4</run_address>
         <size>0x12</size>
         <input_file_ref idref="fl-3"/>
      </object_component>
      <object_component id="oc-f2">
         <name>.text:IntMasterEnable</name>
         <load_address>0x8bb6</load_address>
         <run_address>0x8bb6</run_address>
         <size>0x10</size>
         <input_file_ref idref="fl-18"/>
      </object_component>
      <object_component id="oc-ec">
         <name>.text:PWMGenPeriodSet</name>
         <load_address>0x8bc6</load_address>
         <run_address>0x8bc6</run_address>
         <size>0x10</size>
         <input_file_ref idref="fl-19"/>
      </object_component>
      <object_component id="oc-1b">
         <name>.text:decompress:none:__TI_decompress_none</name>
         <load_address>0x8bd6</load_address>
         <run_address>0x8bd6</run_address>
         <size>0xe</size>
         <input_file_ref idref="fl-d7"/>
      </object_component>
      <object_component id="oc-26e">
         <name>.text:CPUcpsie</name>
         <load_address>0x8be4</load_address>
         <run_address>0x8be4</run_address>
         <size>0xc</size>
         <input_file_ref idref="fl-1d"/>
      </object_component>
      <object_component id="oc-132">
         <name>.text:PWMGenDisable</name>
         <load_address>0x8bf0</load_address>
         <run_address>0x8bf0</run_address>
         <size>0xc</size>
         <input_file_ref idref="fl-19"/>
      </object_component>
      <object_component id="oc-12c">
         <name>.text:PWMGenEnable</name>
         <load_address>0x8bfc</load_address>
         <run_address>0x8bfc</run_address>
         <size>0xc</size>
         <input_file_ref idref="fl-19"/>
      </object_component>
      <object_component id="oc-361">
         <name>.text:SSIDataGet</name>
         <load_address>0x8c08</load_address>
         <run_address>0x8c08</run_address>
         <size>0xc</size>
         <input_file_ref idref="fl-1a"/>
      </object_component>
      <object_component id="oc-5e">
         <name>.text:decompress:ZI:__TI_zero_init</name>
         <load_address>0x8c14</load_address>
         <run_address>0x8c14</run_address>
         <size>0xc</size>
         <input_file_ref idref="fl-d6"/>
      </object_component>
      <object_component id="oc-fe">
         <name>.text:PWMGenIntTrigEnable</name>
         <load_address>0x8c20</load_address>
         <run_address>0x8c20</run_address>
         <size>0xa</size>
         <input_file_ref idref="fl-19"/>
      </object_component>
      <object_component id="oc-35b">
         <name>.text:SSIDataPut</name>
         <load_address>0x8c2a</load_address>
         <run_address>0x8c2a</run_address>
         <size>0xa</size>
         <input_file_ref idref="fl-1a"/>
      </object_component>
      <object_component id="oc-3e0">
         <name>.text:SSIEnable</name>
         <load_address>0x8c34</load_address>
         <run_address>0x8c34</run_address>
         <size>0xa</size>
         <input_file_ref idref="fl-1a"/>
      </object_component>
      <object_component id="oc-205">
         <name>.text:UARTCharGet</name>
         <load_address>0x8c3e</load_address>
         <run_address>0x8c3e</run_address>
         <size>0xa</size>
         <input_file_ref idref="fl-1c"/>
      </object_component>
      <object_component id="oc-1ff">
         <name>.text:UARTCharPut</name>
         <load_address>0x8c48</load_address>
         <run_address>0x8c48</run_address>
         <size>0xa</size>
         <input_file_ref idref="fl-1c"/>
      </object_component>
      <object_component id="oc-f8">
         <name>.text:PWMIntEnable</name>
         <load_address>0x8c52</load_address>
         <run_address>0x8c52</run_address>
         <size>0x8</size>
         <input_file_ref idref="fl-19"/>
      </object_component>
      <object_component id="oc-367">
         <name>.text:GPIOPinWrite</name>
         <load_address>0x8c5a</load_address>
         <run_address>0x8c5a</run_address>
         <size>0x6</size>
         <input_file_ref idref="fl-17"/>
      </object_component>
      <object_component id="oc-bf">
         <name>.text:PWMGenIntClear</name>
         <load_address>0x8c60</load_address>
         <run_address>0x8c60</run_address>
         <size>0x6</size>
         <input_file_ref idref="fl-19"/>
      </object_component>
      <object_component id="oc-1c8">
         <name>.text:SysCtlDelay</name>
         <load_address>0x8c66</load_address>
         <run_address>0x8c66</run_address>
         <size>0x6</size>
         <input_file_ref idref="fl-1b"/>
      </object_component>
      <object_component id="oc-174">
         <name>.text:_system_pre_init</name>
         <load_address>0x8c6c</load_address>
         <run_address>0x8c6c</run_address>
         <size>0x4</size>
         <input_file_ref idref="fl-de"/>
      </object_component>
      <object_component id="oc-2a8">
         <name>.text:abort:abort</name>
         <load_address>0x8c70</load_address>
         <run_address>0x8c70</run_address>
         <size>0x4</size>
         <input_file_ref idref="fl-e0"/>
      </object_component>
      <object_component id="oc-28a">
         <name>.const:g_pui32Regs</name>
         <load_address>0x8c74</load_address>
         <run_address>0x8c74</run_address>
         <size>0x9c</size>
         <input_file_ref idref="fl-18"/>
      </object_component>
      <object_component id="oc-263">
         <name>.const:g_pui32GPIOBaseAddrs</name>
         <load_address>0x8d10</load_address>
         <run_address>0x8d10</run_address>
         <size>0x90</size>
         <input_file_ref idref="fl-17"/>
      </object_component>
      <object_component id="oc-235">
         <name>.const:.string:ExCvt</name>
         <load_address>0x8da0</load_address>
         <run_address>0x8da0</run_address>
         <size>0x80</size>
         <input_file_ref idref="fl-6"/>
      </object_component>
      <object_component id="oc-269">
         <name>.const:g_pui32Xtals</name>
         <load_address>0x8e20</load_address>
         <run_address>0x8e20</run_address>
         <size>0x6c</size>
         <input_file_ref idref="fl-1b"/>
      </object_component>
      <object_component id="oc-277">
         <name>.const:g_pui32EnRegs</name>
         <load_address>0x8e8c</load_address>
         <run_address>0x8e8c</run_address>
         <size>0x14</size>
         <input_file_ref idref="fl-18"/>
      </object_component>
      <object_component id="oc-23e">
         <name>.const:.string:badchr$1</name>
         <load_address>0x8ea0</load_address>
         <run_address>0x8ea0</run_address>
         <size>0x12</size>
         <input_file_ref idref="fl-6"/>
      </object_component>
      <object_component id="oc-350">
         <name>.const:.string</name>
         <load_address>0x8eb4</load_address>
         <run_address>0x8eb4</run_address>
         <size>0x12</size>
         <input_file_ref idref="fl-4"/>
      </object_component>
      <object_component id="oc-23f">
         <name>.const:defopt$4</name>
         <load_address>0x8ec8</load_address>
         <run_address>0x8ec8</run_address>
         <size>0x10</size>
         <input_file_ref idref="fl-6"/>
      </object_component>
      <object_component id="oc-241">
         <name>.const:cst$2</name>
         <load_address>0x8ed8</load_address>
         <run_address>0x8ed8</run_address>
         <size>0xe</size>
         <input_file_ref idref="fl-6"/>
      </object_component>
      <object_component id="oc-240">
         <name>.const:cst32$3</name>
         <load_address>0x8ee6</load_address>
         <run_address>0x8ee6</run_address>
         <size>0xe</size>
         <input_file_ref idref="fl-6"/>
      </object_component>
      <object_component id="oc-211">
         <name>.const:g_ui32UARTBase</name>
         <load_address>0x8ef4</load_address>
         <run_address>0x8ef4</run_address>
         <size>0xc</size>
         <input_file_ref idref="fl-4"/>
      </object_component>
      <object_component id="oc-20b">
         <name>.const:g_ui32UARTPeriph</name>
         <load_address>0x8f00</load_address>
         <run_address>0x8f00</run_address>
         <size>0xc</size>
         <input_file_ref idref="fl-4"/>
      </object_component>
      <object_component id="oc-13b">
         <name>.const:.string:$P$T3$4</name>
         <load_address>0x8f0c</load_address>
         <run_address>0x8f0c</run_address>
         <size>0xa</size>
         <input_file_ref idref="fl-2"/>
      </object_component>
      <object_component id="oc-13c">
         <name>.const:.string:$P$T4$5</name>
         <load_address>0x8f16</load_address>
         <run_address>0x8f16</run_address>
         <size>0xa</size>
         <input_file_ref idref="fl-2"/>
      </object_component>
      <object_component id="oc-11d">
         <name>.const:.string:$P$T1$2</name>
         <load_address>0x8f20</load_address>
         <run_address>0x8f20</run_address>
         <size>0x9</size>
         <input_file_ref idref="fl-2"/>
      </object_component>
      <object_component id="oc-13a">
         <name>.const:.string:$P$T2$3</name>
         <load_address>0x8f29</load_address>
         <run_address>0x8f29</run_address>
         <size>0x8</size>
         <input_file_ref idref="fl-2"/>
      </object_component>
      <object_component id="oc-11c">
         <name>.const:.string:$P$T0$1</name>
         <load_address>0x8f31</load_address>
         <run_address>0x8f31</run_address>
         <size>0x5</size>
         <input_file_ref idref="fl-2"/>
      </object_component>
      <object_component id="oc-82">
         <name>.const</name>
         <load_address>0x8f38</load_address>
         <run_address>0x8f38</run_address>
         <size>0x4</size>
         <input_file_ref idref="fl-f"/>
      </object_component>
      <object_component id="oc-1ab">
         <name>.const</name>
         <load_address>0x8f3c</load_address>
         <run_address>0x8f3c</run_address>
         <size>0x4</size>
         <input_file_ref idref="fl-d"/>
      </object_component>
      <object_component id="oc-219">
         <name>.const</name>
         <load_address>0x8f40</load_address>
         <run_address>0x8f40</run_address>
         <size>0x4</size>
         <input_file_ref idref="fl-4"/>
      </object_component>
      <object_component id="oc-45f">
         <name>.cinit..data.load</name>
         <load_address>0x8f48</load_address>
         <run_address>0x8f48</run_address>
         <size>0x1b</size>
      </object_component>
      <object_component id="oc-45c">
         <name>__TI_handler_table</name>
         <load_address>0x8f64</load_address>
         <run_address>0x8f64</run_address>
         <size>0xc</size>
      </object_component>
      <object_component id="oc-460">
         <name>.cinit..bss.load</name>
         <load_address>0x8f70</load_address>
         <run_address>0x8f70</run_address>
         <size>0x8</size>
      </object_component>
      <object_component id="oc-45e">
         <name>.cinit..vtable.load</name>
         <load_address>0x8f78</load_address>
         <run_address>0x8f78</run_address>
         <size>0x8</size>
      </object_component>
      <object_component id="oc-45d">
         <name>__TI_cinit_table</name>
         <load_address>0x8f80</load_address>
         <run_address>0x8f80</run_address>
         <size>0x18</size>
      </object_component>
      <object_component id="oc-38d">
         <name>.vtable</name>
         <uninitialized>true</uninitialized>
         <run_address>0x20000000</run_address>
         <size>0x26c</size>
         <input_file_ref idref="fl-18"/>
      </object_component>
      <object_component id="oc-127">
         <name>.data</name>
         <load_address>0x20005d34</load_address>
         <run_address>0x20005d34</run_address>
         <size>0xb</size>
         <input_file_ref idref="fl-2"/>
      </object_component>
      <object_component id="oc-20e">
         <name>.data</name>
         <load_address>0x20005d48</load_address>
         <run_address>0x20005d48</run_address>
         <size>0x5</size>
         <input_file_ref idref="fl-4"/>
      </object_component>
      <object_component id="oc-36d">
         <name>.data</name>
         <load_address>0x20005d3f</load_address>
         <run_address>0x20005d3f</run_address>
         <size>0x1</size>
         <input_file_ref idref="fl-7"/>
      </object_component>
      <object_component id="oc-7f">
         <name>.data</name>
         <load_address>0x20005d00</load_address>
         <run_address>0x20005d00</run_address>
         <size>0x34</size>
         <input_file_ref idref="fl-d"/>
      </object_component>
      <object_component id="oc-8c">
         <name>.data</name>
         <load_address>0x20005d50</load_address>
         <run_address>0x20005d50</run_address>
         <size>0x4</size>
         <input_file_ref idref="fl-f"/>
      </object_component>
      <object_component id="oc-2f7">
         <name>.data</name>
         <load_address>0x20005d40</load_address>
         <run_address>0x20005d40</run_address>
         <size>0x8</size>
         <input_file_ref idref="fl-11"/>
      </object_component>
      <object_component id="oc-238">
         <name>.bss:FatFs</name>
         <uninitialized>true</uninitialized>
         <run_address>0x200058e8</run_address>
         <size>0x4</size>
         <input_file_ref idref="fl-6"/>
      </object_component>
      <object_component id="oc-23b">
         <name>.bss</name>
         <uninitialized>true</uninitialized>
         <run_address>0x200058fc</run_address>
         <size>0x2</size>
         <input_file_ref idref="fl-6"/>
      </object_component>
      <object_component id="oc-370">
         <name>.bss</name>
         <uninitialized>true</uninitialized>
         <run_address>0x200058fe</run_address>
         <size>0x1</size>
         <input_file_ref idref="fl-7"/>
      </object_component>
      <object_component id="oc-19c">
         <name>.bss:pxReadyTasksLists</name>
         <uninitialized>true</uninitialized>
         <run_address>0x200056dc</run_address>
         <size>0x140</size>
         <input_file_ref idref="fl-d"/>
      </object_component>
      <object_component id="oc-1ae">
         <name>.bss:xDelayedTaskList1</name>
         <uninitialized>true</uninitialized>
         <run_address>0x2000586c</run_address>
         <size>0x14</size>
         <input_file_ref idref="fl-d"/>
      </object_component>
      <object_component id="oc-1b1">
         <name>.bss:xDelayedTaskList2</name>
         <uninitialized>true</uninitialized>
         <run_address>0x20005880</run_address>
         <size>0x14</size>
         <input_file_ref idref="fl-d"/>
      </object_component>
      <object_component id="oc-1a2">
         <name>.bss</name>
         <uninitialized>true</uninitialized>
         <run_address>0x200058d0</run_address>
         <size>0x8</size>
         <input_file_ref idref="fl-d"/>
      </object_component>
      <object_component id="oc-1a8">
         <name>.bss:xPendingReadyList</name>
         <uninitialized>true</uninitialized>
         <run_address>0x20005894</run_address>
         <size>0x14</size>
         <input_file_ref idref="fl-d"/>
      </object_component>
      <object_component id="oc-19f">
         <name>.bss:xTasksWaitingTermination</name>
         <uninitialized>true</uninitialized>
         <run_address>0x200058bc</run_address>
         <size>0x14</size>
         <input_file_ref idref="fl-d"/>
      </object_component>
      <object_component id="oc-1a5">
         <name>.bss:xSuspendedTaskList</name>
         <uninitialized>true</uninitialized>
         <run_address>0x200058a8</run_address>
         <size>0x14</size>
         <input_file_ref idref="fl-d"/>
      </object_component>
      <object_component id="oc-300">
         <name>.bss:ucHeap</name>
         <uninitialized>true</uninitialized>
         <run_address>0x2000026c</run_address>
         <size>0x4e20</size>
         <input_file_ref idref="fl-11"/>
      </object_component>
      <object_component id="oc-2fa">
         <name>.bss:xStart</name>
         <uninitialized>true</uninitialized>
         <run_address>0x200058e0</run_address>
         <size>0x8</size>
         <input_file_ref idref="fl-11"/>
      </object_component>
      <object_component id="oc-2fd">
         <name>.bss:xEnd</name>
         <uninitialized>true</uninitialized>
         <run_address>0x200058d8</run_address>
         <size>0x8</size>
         <input_file_ref idref="fl-11"/>
      </object_component>
      <object_component id="oc-138">
         <name>.common:audioState</name>
         <uninitialized>true</uninitialized>
         <run_address>0x200058ff</run_address>
         <size>0x1</size>
      </object_component>
      <object_component id="oc-11e">
         <name>.common:FatFs</name>
         <uninitialized>true</uninitialized>
         <run_address>0x2000508c</run_address>
         <size>0x230</size>
      </object_component>
      <object_component id="oc-125">
         <name>.common:Fil</name>
         <uninitialized>true</uninitialized>
         <run_address>0x200052bc</run_address>
         <size>0x22c</size>
      </object_component>
      <object_component id="oc-12b">
         <name>.common:SoundArray</name>
         <uninitialized>true</uninitialized>
         <run_address>0x200054e8</run_address>
         <size>0x1f4</size>
      </object_component>
      <object_component id="oc-126">
         <name>.common:rx_32</name>
         <uninitialized>true</uninitialized>
         <run_address>0x200058f0</run_address>
         <size>0x4</size>
      </object_component>
      <object_component id="oc-12a">
         <name>.common:u32CountWriteSoundArray</name>
         <uninitialized>true</uninitialized>
         <run_address>0x200058f8</run_address>
         <size>0x4</size>
      </object_component>
      <object_component id="oc-139">
         <name>.common:u32CountReadSoundArray</name>
         <uninitialized>true</uninitialized>
         <run_address>0x200058f4</run_address>
         <size>0x4</size>
      </object_component>
      <object_component id="oc-cb">
         <name>.common:BiSemap_PWM</name>
         <uninitialized>true</uninitialized>
         <run_address>0x200058ec</run_address>
         <size>0x4</size>
      </object_component>
      <object_component id="oc-1df">
         <name>.common:xQueueRegistry</name>
         <uninitialized>true</uninitialized>
         <run_address>0x2000581c</run_address>
         <size>0x50</size>
      </object_component>
      <object_component id="oc-24">
         <name>.stack</name>
         <uninitialized>true</uninitialized>
         <run_address>0x20005900</run_address>
         <size>0x4</size>
         <input_file_ref idref="fl-db"/>
      </object_component>
      <object_component id="oc-462">
         <name>.stack</name>
         <uninitialized>true</uninitialized>
         <run_address>0x20005900</run_address>
         <size>0x0</size>
      </object_component>
      <object_component id="oc-cc">
         <name>.debug_info</name>
         <load_address>0x0</load_address>
         <run_address>0x0</run_address>
         <size>0xd89</size>
         <input_file_ref idref="fl-2"/>
      </object_component>
      <object_component id="oc-128">
         <name>.debug_info</name>
         <load_address>0xd89</load_address>
         <run_address>0xd89</run_address>
         <size>0x170</size>
         <input_file_ref idref="fl-2"/>
      </object_component>
      <object_component id="oc-3c">
         <name>.debug_info</name>
         <load_address>0xef9</load_address>
         <run_address>0xef9</run_address>
         <size>0x9b8</size>
         <input_file_ref idref="fl-2"/>
      </object_component>
      <object_component id="oc-13e">
         <name>.debug_info</name>
         <load_address>0x18b1</load_address>
         <run_address>0x18b1</run_address>
         <size>0x315</size>
         <input_file_ref idref="fl-2"/>
      </object_component>
      <object_component id="oc-148">
         <name>.debug_info</name>
         <load_address>0x1bc6</load_address>
         <run_address>0x1bc6</run_address>
         <size>0x5f9</size>
         <input_file_ref idref="fl-2"/>
      </object_component>
      <object_component id="oc-258">
         <name>.debug_info</name>
         <load_address>0x21bf</load_address>
         <run_address>0x21bf</run_address>
         <size>0x51</size>
         <input_file_ref idref="fl-2"/>
      </object_component>
      <object_component id="oc-154">
         <name>.debug_info</name>
         <load_address>0x2210</load_address>
         <run_address>0x2210</run_address>
         <size>0x26b</size>
         <input_file_ref idref="fl-2"/>
      </object_component>
      <object_component id="oc-1c3">
         <name>.debug_info</name>
         <load_address>0x247b</load_address>
         <run_address>0x247b</run_address>
         <size>0x461</size>
         <input_file_ref idref="fl-2"/>
      </object_component>
      <object_component id="oc-253">
         <name>.debug_info</name>
         <load_address>0x28dc</load_address>
         <run_address>0x28dc</run_address>
         <size>0x4f</size>
         <input_file_ref idref="fl-2"/>
      </object_component>
      <object_component id="oc-25d">
         <name>.debug_info</name>
         <load_address>0x292b</load_address>
         <run_address>0x292b</run_address>
         <size>0x2c</size>
         <input_file_ref idref="fl-2"/>
      </object_component>
      <object_component id="oc-143">
         <name>.debug_info</name>
         <load_address>0x2957</load_address>
         <run_address>0x2957</run_address>
         <size>0x8b</size>
         <input_file_ref idref="fl-2"/>
      </object_component>
      <object_component id="oc-91">
         <name>.debug_info</name>
         <load_address>0x29e2</load_address>
         <run_address>0x29e2</run_address>
         <size>0x2c</size>
         <input_file_ref idref="fl-2"/>
      </object_component>
      <object_component id="oc-293">
         <name>.debug_info</name>
         <load_address>0x2a0e</load_address>
         <run_address>0x2a0e</run_address>
         <size>0x2a4</size>
         <input_file_ref idref="fl-2"/>
      </object_component>
      <object_component id="oc-14d">
         <name>.debug_info</name>
         <load_address>0x2cb2</load_address>
         <run_address>0x2cb2</run_address>
         <size>0xbb</size>
         <input_file_ref idref="fl-2"/>
      </object_component>
      <object_component id="oc-1b9">
         <name>.debug_info</name>
         <load_address>0x2d6d</load_address>
         <run_address>0x2d6d</run_address>
         <size>0x53</size>
         <input_file_ref idref="fl-2"/>
      </object_component>
      <object_component id="oc-96">
         <name>.debug_info</name>
         <load_address>0x2dc0</load_address>
         <run_address>0x2dc0</run_address>
         <size>0x53</size>
         <input_file_ref idref="fl-2"/>
      </object_component>
      <object_component id="oc-21e">
         <name>.debug_info</name>
         <load_address>0x2e13</load_address>
         <run_address>0x2e13</run_address>
         <size>0x2c</size>
         <input_file_ref idref="fl-2"/>
      </object_component>
      <object_component id="oc-1be">
         <name>.debug_info</name>
         <load_address>0x2e3f</load_address>
         <run_address>0x2e3f</run_address>
         <size>0x14c</size>
         <input_file_ref idref="fl-2"/>
      </object_component>
      <object_component id="oc-40">
         <name>.debug_info</name>
         <load_address>0x2f8b</load_address>
         <run_address>0x2f8b</run_address>
         <size>0x35f</size>
         <input_file_ref idref="fl-3"/>
      </object_component>
      <object_component id="oc-13">
         <name>.debug_info</name>
         <load_address>0x32ea</load_address>
         <run_address>0x32ea</run_address>
         <size>0xf2</size>
         <input_file_ref idref="fl-3"/>
      </object_component>
      <object_component id="oc-29">
         <name>.debug_info</name>
         <load_address>0x33dc</load_address>
         <run_address>0x33dc</run_address>
         <size>0x3d7</size>
         <input_file_ref idref="fl-3"/>
      </object_component>
      <object_component id="oc-47">
         <name>.debug_info</name>
         <load_address>0x37b3</load_address>
         <run_address>0x37b3</run_address>
         <size>0x84</size>
         <input_file_ref idref="fl-3"/>
      </object_component>
      <object_component id="oc-21d">
         <name>.debug_info</name>
         <load_address>0x3837</load_address>
         <run_address>0x3837</run_address>
         <size>0x3f3</size>
         <input_file_ref idref="fl-4"/>
      </object_component>
      <object_component id="oc-20f">
         <name>.debug_info</name>
         <load_address>0x3c2a</load_address>
         <run_address>0x3c2a</run_address>
         <size>0xea</size>
         <input_file_ref idref="fl-4"/>
      </object_component>
      <object_component id="oc-21a">
         <name>.debug_info</name>
         <load_address>0x3d14</load_address>
         <run_address>0x3d14</run_address>
         <size>0xe4</size>
         <input_file_ref idref="fl-4"/>
      </object_component>
      <object_component id="oc-212">
         <name>.debug_info</name>
         <load_address>0x3df8</load_address>
         <run_address>0x3df8</run_address>
         <size>0xf2</size>
         <input_file_ref idref="fl-4"/>
      </object_component>
      <object_component id="oc-20c">
         <name>.debug_info</name>
         <load_address>0x3eea</load_address>
         <run_address>0x3eea</run_address>
         <size>0xf6</size>
         <input_file_ref idref="fl-4"/>
      </object_component>
      <object_component id="oc-b4">
         <name>.debug_info</name>
         <load_address>0x3fe0</load_address>
         <run_address>0x3fe0</run_address>
         <size>0x823</size>
         <input_file_ref idref="fl-4"/>
      </object_component>
      <object_component id="oc-357">
         <name>.debug_info</name>
         <load_address>0x4803</load_address>
         <run_address>0x4803</run_address>
         <size>0x3f7</size>
         <input_file_ref idref="fl-5"/>
      </object_component>
      <object_component id="oc-243">
         <name>.debug_info</name>
         <load_address>0x4bfa</load_address>
         <run_address>0x4bfa</run_address>
         <size>0x571</size>
         <input_file_ref idref="fl-6"/>
      </object_component>
      <object_component id="oc-239">
         <name>.debug_info</name>
         <load_address>0x516b</load_address>
         <run_address>0x516b</run_address>
         <size>0xdc</size>
         <input_file_ref idref="fl-6"/>
      </object_component>
      <object_component id="oc-23c">
         <name>.debug_info</name>
         <load_address>0x5247</load_address>
         <run_address>0x5247</run_address>
         <size>0xda</size>
         <input_file_ref idref="fl-6"/>
      </object_component>
      <object_component id="oc-236">
         <name>.debug_info</name>
         <load_address>0x5321</load_address>
         <run_address>0x5321</run_address>
         <size>0xdc</size>
         <input_file_ref idref="fl-6"/>
      </object_component>
      <object_component id="oc-bb">
         <name>.debug_info</name>
         <load_address>0x53fd</load_address>
         <run_address>0x53fd</run_address>
         <size>0x534c</size>
         <input_file_ref idref="fl-6"/>
      </object_component>
      <object_component id="oc-244">
         <name>.debug_info</name>
         <load_address>0xa749</load_address>
         <run_address>0xa749</run_address>
         <size>0x70</size>
         <input_file_ref idref="fl-6"/>
      </object_component>
      <object_component id="oc-249">
         <name>.debug_info</name>
         <load_address>0xa7b9</load_address>
         <run_address>0xa7b9</run_address>
         <size>0x8c</size>
         <input_file_ref idref="fl-6"/>
      </object_component>
      <object_component id="oc-29f">
         <name>.debug_info</name>
         <load_address>0xa845</load_address>
         <run_address>0xa845</run_address>
         <size>0x2c</size>
         <input_file_ref idref="fl-6"/>
      </object_component>
      <object_component id="oc-374">
         <name>.debug_info</name>
         <load_address>0xa871</load_address>
         <run_address>0xa871</run_address>
         <size>0x3c3</size>
         <input_file_ref idref="fl-7"/>
      </object_component>
      <object_component id="oc-36e">
         <name>.debug_info</name>
         <load_address>0xac34</load_address>
         <run_address>0xac34</run_address>
         <size>0xec</size>
         <input_file_ref idref="fl-7"/>
      </object_component>
      <object_component id="oc-371">
         <name>.debug_info</name>
         <load_address>0xad20</load_address>
         <run_address>0xad20</run_address>
         <size>0xe3</size>
         <input_file_ref idref="fl-7"/>
      </object_component>
      <object_component id="oc-225">
         <name>.debug_info</name>
         <load_address>0xae03</load_address>
         <run_address>0xae03</run_address>
         <size>0xedf</size>
         <input_file_ref idref="fl-7"/>
      </object_component>
      <object_component id="oc-337">
         <name>.debug_info</name>
         <load_address>0xbce2</load_address>
         <run_address>0xbce2</run_address>
         <size>0x64b</size>
         <input_file_ref idref="fl-9"/>
      </object_component>
      <object_component id="oc-1e8">
         <name>.debug_info</name>
         <load_address>0xc32d</load_address>
         <run_address>0xc32d</run_address>
         <size>0x110</size>
         <input_file_ref idref="fl-9"/>
      </object_component>
      <object_component id="oc-2f2">
         <name>.debug_info</name>
         <load_address>0xc43d</load_address>
         <run_address>0xc43d</run_address>
         <size>0x461</size>
         <input_file_ref idref="fl-9"/>
      </object_component>
      <object_component id="oc-3c6">
         <name>.debug_info</name>
         <load_address>0xc89e</load_address>
         <run_address>0xc89e</run_address>
         <size>0x76</size>
         <input_file_ref idref="fl-9"/>
      </object_component>
      <object_component id="oc-3cb">
         <name>.debug_info</name>
         <load_address>0xc914</load_address>
         <run_address>0xc914</run_address>
         <size>0x39</size>
         <input_file_ref idref="fl-9"/>
      </object_component>
      <object_component id="oc-2e8">
         <name>.debug_info</name>
         <load_address>0xc94d</load_address>
         <run_address>0xc94d</run_address>
         <size>0x4f</size>
         <input_file_ref idref="fl-9"/>
      </object_component>
      <object_component id="oc-306">
         <name>.debug_info</name>
         <load_address>0xc99c</load_address>
         <run_address>0xc99c</run_address>
         <size>0x382</size>
         <input_file_ref idref="fl-a"/>
      </object_component>
      <object_component id="oc-197">
         <name>.debug_info</name>
         <load_address>0xcd1e</load_address>
         <run_address>0xcd1e</run_address>
         <size>0x498</size>
         <input_file_ref idref="fl-a"/>
      </object_component>
      <object_component id="oc-1e0">
         <name>.debug_info</name>
         <load_address>0xd1b6</load_address>
         <run_address>0xd1b6</run_address>
         <size>0x84b</size>
         <input_file_ref idref="fl-b"/>
      </object_component>
      <object_component id="oc-af">
         <name>.debug_info</name>
         <load_address>0xda01</load_address>
         <run_address>0xda01</run_address>
         <size>0x32e7</size>
         <input_file_ref idref="fl-b"/>
      </object_component>
      <object_component id="oc-332">
         <name>.debug_info</name>
         <load_address>0x10ce8</load_address>
         <run_address>0x10ce8</run_address>
         <size>0x23f</size>
         <input_file_ref idref="fl-b"/>
      </object_component>
      <object_component id="oc-1e3">
         <name>.debug_info</name>
         <load_address>0x10f27</load_address>
         <run_address>0x10f27</run_address>
         <size>0x46</size>
         <input_file_ref idref="fl-b"/>
      </object_component>
      <object_component id="oc-188">
         <name>.debug_info</name>
         <load_address>0x10f6d</load_address>
         <run_address>0x10f6d</run_address>
         <size>0x7d7</size>
         <input_file_ref idref="fl-d"/>
      </object_component>
      <object_component id="oc-80">
         <name>.debug_info</name>
         <load_address>0x11744</load_address>
         <run_address>0x11744</run_address>
         <size>0x347</size>
         <input_file_ref idref="fl-d"/>
      </object_component>
      <object_component id="oc-19d">
         <name>.debug_info</name>
         <load_address>0x11a8b</load_address>
         <run_address>0x11a8b</run_address>
         <size>0xf0</size>
         <input_file_ref idref="fl-d"/>
      </object_component>
      <object_component id="oc-1af">
         <name>.debug_info</name>
         <load_address>0x11b7b</load_address>
         <run_address>0x11b7b</run_address>
         <size>0xf0</size>
         <input_file_ref idref="fl-d"/>
      </object_component>
      <object_component id="oc-1b2">
         <name>.debug_info</name>
         <load_address>0x11c6b</load_address>
         <run_address>0x11c6b</run_address>
         <size>0xf0</size>
         <input_file_ref idref="fl-d"/>
      </object_component>
      <object_component id="oc-1a3">
         <name>.debug_info</name>
         <load_address>0x11d5b</load_address>
         <run_address>0x11d5b</run_address>
         <size>0x133</size>
         <input_file_ref idref="fl-d"/>
      </object_component>
      <object_component id="oc-1a9">
         <name>.debug_info</name>
         <load_address>0x11e8e</load_address>
         <run_address>0x11e8e</run_address>
         <size>0xf0</size>
         <input_file_ref idref="fl-d"/>
      </object_component>
      <object_component id="oc-1a0">
         <name>.debug_info</name>
         <load_address>0x11f7e</load_address>
         <run_address>0x11f7e</run_address>
         <size>0xfe</size>
         <input_file_ref idref="fl-d"/>
      </object_component>
      <object_component id="oc-1a6">
         <name>.debug_info</name>
         <load_address>0x1207c</load_address>
         <run_address>0x1207c</run_address>
         <size>0xf2</size>
         <input_file_ref idref="fl-d"/>
      </object_component>
      <object_component id="oc-1ac">
         <name>.debug_info</name>
         <load_address>0x1216e</load_address>
         <run_address>0x1216e</run_address>
         <size>0xf1</size>
         <input_file_ref idref="fl-d"/>
      </object_component>
      <object_component id="oc-87">
         <name>.debug_info</name>
         <load_address>0x1225f</load_address>
         <run_address>0x1225f</run_address>
         <size>0x4c8e</size>
         <input_file_ref idref="fl-d"/>
      </object_component>
      <object_component id="oc-189">
         <name>.debug_info</name>
         <load_address>0x16eed</load_address>
         <run_address>0x16eed</run_address>
         <size>0x30c</size>
         <input_file_ref idref="fl-d"/>
      </object_component>
      <object_component id="oc-2ed">
         <name>.debug_info</name>
         <load_address>0x171f9</load_address>
         <run_address>0x171f9</run_address>
         <size>0x144</size>
         <input_file_ref idref="fl-d"/>
      </object_component>
      <object_component id="oc-90">
         <name>.debug_info</name>
         <load_address>0x1733d</load_address>
         <run_address>0x1733d</run_address>
         <size>0x418</size>
         <input_file_ref idref="fl-f"/>
      </object_component>
      <object_component id="oc-83">
         <name>.debug_info</name>
         <load_address>0x17755</load_address>
         <run_address>0x17755</run_address>
         <size>0x11d</size>
         <input_file_ref idref="fl-f"/>
      </object_component>
      <object_component id="oc-8d">
         <name>.debug_info</name>
         <load_address>0x17872</load_address>
         <run_address>0x17872</run_address>
         <size>0x104</size>
         <input_file_ref idref="fl-f"/>
      </object_component>
      <object_component id="oc-34">
         <name>.debug_info</name>
         <load_address>0x17976</load_address>
         <run_address>0x17976</run_address>
         <size>0x694</size>
         <input_file_ref idref="fl-f"/>
      </object_component>
      <object_component id="oc-30">
         <name>.debug_info</name>
         <load_address>0x1800a</load_address>
         <run_address>0x1800a</run_address>
         <size>0x252</size>
         <input_file_ref idref="fl-10"/>
      </object_component>
      <object_component id="oc-304">
         <name>.debug_info</name>
         <load_address>0x1825c</load_address>
         <run_address>0x1825c</run_address>
         <size>0x427</size>
         <input_file_ref idref="fl-11"/>
      </object_component>
      <object_component id="oc-301">
         <name>.debug_info</name>
         <load_address>0x18683</load_address>
         <run_address>0x18683</run_address>
         <size>0xeb</size>
         <input_file_ref idref="fl-11"/>
      </object_component>
      <object_component id="oc-2fb">
         <name>.debug_info</name>
         <load_address>0x1876e</load_address>
         <run_address>0x1876e</run_address>
         <size>0xeb</size>
         <input_file_ref idref="fl-11"/>
      </object_component>
      <object_component id="oc-2fe">
         <name>.debug_info</name>
         <load_address>0x18859</load_address>
         <run_address>0x18859</run_address>
         <size>0xe7</size>
         <input_file_ref idref="fl-11"/>
      </object_component>
      <object_component id="oc-2f8">
         <name>.debug_info</name>
         <load_address>0x18940</load_address>
         <run_address>0x18940</run_address>
         <size>0x105</size>
         <input_file_ref idref="fl-11"/>
      </object_component>
      <object_component id="oc-191">
         <name>.debug_info</name>
         <load_address>0x18a45</load_address>
         <run_address>0x18a45</run_address>
         <size>0x654</size>
         <input_file_ref idref="fl-11"/>
      </object_component>
      <object_component id="oc-3b7">
         <name>.debug_info</name>
         <load_address>0x19099</load_address>
         <run_address>0x19099</run_address>
         <size>0x62</size>
         <input_file_ref idref="fl-11"/>
      </object_component>
      <object_component id="oc-1de">
         <name>.debug_info</name>
         <load_address>0x190fb</load_address>
         <run_address>0x190fb</run_address>
         <size>0x3e4</size>
         <input_file_ref idref="fl-17"/>
      </object_component>
      <object_component id="oc-264">
         <name>.debug_info</name>
         <load_address>0x194df</load_address>
         <run_address>0x194df</run_address>
         <size>0x164</size>
         <input_file_ref idref="fl-17"/>
      </object_component>
      <object_component id="oc-36a">
         <name>.debug_info</name>
         <load_address>0x19643</load_address>
         <run_address>0x19643</run_address>
         <size>0x2ac</size>
         <input_file_ref idref="fl-17"/>
      </object_component>
      <object_component id="oc-1da">
         <name>.debug_info</name>
         <load_address>0x198ef</load_address>
         <run_address>0x198ef</run_address>
         <size>0x2bc</size>
         <input_file_ref idref="fl-17"/>
      </object_component>
      <object_component id="oc-1d4">
         <name>.debug_info</name>
         <load_address>0x19bab</load_address>
         <run_address>0x19bab</run_address>
         <size>0x31f</size>
         <input_file_ref idref="fl-17"/>
      </object_component>
      <object_component id="oc-122">
         <name>.debug_info</name>
         <load_address>0x19eca</load_address>
         <run_address>0x19eca</run_address>
         <size>0x29b</size>
         <input_file_ref idref="fl-17"/>
      </object_component>
      <object_component id="oc-3d7">
         <name>.debug_info</name>
         <load_address>0x1a165</load_address>
         <run_address>0x1a165</run_address>
         <size>0x299</size>
         <input_file_ref idref="fl-17"/>
      </object_component>
      <object_component id="oc-dd">
         <name>.debug_info</name>
         <load_address>0x1a3fe</load_address>
         <run_address>0x1a3fe</run_address>
         <size>0x299</size>
         <input_file_ref idref="fl-17"/>
      </object_component>
      <object_component id="oc-aa">
         <name>.debug_info</name>
         <load_address>0x1a697</load_address>
         <run_address>0x1a697</run_address>
         <size>0x2c0</size>
         <input_file_ref idref="fl-17"/>
      </object_component>
      <object_component id="oc-d7">
         <name>.debug_info</name>
         <load_address>0x1a957</load_address>
         <run_address>0x1a957</run_address>
         <size>0x289</size>
         <input_file_ref idref="fl-17"/>
      </object_component>
      <object_component id="oc-327">
         <name>.debug_info</name>
         <load_address>0x1abe0</load_address>
         <run_address>0x1abe0</run_address>
         <size>0x26b</size>
         <input_file_ref idref="fl-17"/>
      </object_component>
      <object_component id="oc-317">
         <name>.debug_info</name>
         <load_address>0x1ae4b</load_address>
         <run_address>0x1ae4b</run_address>
         <size>0x297</size>
         <input_file_ref idref="fl-17"/>
      </object_component>
      <object_component id="oc-322">
         <name>.debug_info</name>
         <load_address>0x1b0e2</load_address>
         <run_address>0x1b0e2</run_address>
         <size>0xef</size>
         <input_file_ref idref="fl-17"/>
      </object_component>
      <object_component id="oc-1ca">
         <name>.debug_info</name>
         <load_address>0x1b1d1</load_address>
         <run_address>0x1b1d1</run_address>
         <size>0xbb</size>
         <input_file_ref idref="fl-17"/>
      </object_component>
      <object_component id="oc-27b">
         <name>.debug_info</name>
         <load_address>0x1b28c</load_address>
         <run_address>0x1b28c</run_address>
         <size>0x3b7</size>
         <input_file_ref idref="fl-18"/>
      </object_component>
      <object_component id="oc-28b">
         <name>.debug_info</name>
         <load_address>0x1b643</load_address>
         <run_address>0x1b643</run_address>
         <size>0x157</size>
         <input_file_ref idref="fl-18"/>
      </object_component>
      <object_component id="oc-278">
         <name>.debug_info</name>
         <load_address>0x1b79a</load_address>
         <run_address>0x1b79a</run_address>
         <size>0x15b</size>
         <input_file_ref idref="fl-18"/>
      </object_component>
      <object_component id="oc-38e">
         <name>.debug_info</name>
         <load_address>0x1b8f5</load_address>
         <run_address>0x1b8f5</run_address>
         <size>0x160</size>
         <input_file_ref idref="fl-18"/>
      </object_component>
      <object_component id="oc-287">
         <name>.debug_info</name>
         <load_address>0x1ba55</load_address>
         <run_address>0x1ba55</run_address>
         <size>0x2ca</size>
         <input_file_ref idref="fl-18"/>
      </object_component>
      <object_component id="oc-11a">
         <name>.debug_info</name>
         <load_address>0x1bd1f</load_address>
         <run_address>0x1bd1f</run_address>
         <size>0x2d2</size>
         <input_file_ref idref="fl-18"/>
      </object_component>
      <object_component id="oc-f6">
         <name>.debug_info</name>
         <load_address>0x1bff1</load_address>
         <run_address>0x1bff1</run_address>
         <size>0x247</size>
         <input_file_ref idref="fl-18"/>
      </object_component>
      <object_component id="oc-106">
         <name>.debug_info</name>
         <load_address>0x1c238</load_address>
         <run_address>0x1c238</run_address>
         <size>0x271</size>
         <input_file_ref idref="fl-18"/>
      </object_component>
      <object_component id="oc-24f">
         <name>.debug_info</name>
         <load_address>0x1c4a9</load_address>
         <run_address>0x1c4a9</run_address>
         <size>0x396</size>
         <input_file_ref idref="fl-19"/>
      </object_component>
      <object_component id="oc-c7">
         <name>.debug_info</name>
         <load_address>0x1c83f</load_address>
         <run_address>0x1c83f</run_address>
         <size>0x2ff</size>
         <input_file_ref idref="fl-19"/>
      </object_component>
      <object_component id="oc-10c">
         <name>.debug_info</name>
         <load_address>0x1cb3e</load_address>
         <run_address>0x1cb3e</run_address>
         <size>0x2cd</size>
         <input_file_ref idref="fl-19"/>
      </object_component>
      <object_component id="oc-fa">
         <name>.debug_info</name>
         <load_address>0x1ce0b</load_address>
         <run_address>0x1ce0b</run_address>
         <size>0x293</size>
         <input_file_ref idref="fl-19"/>
      </object_component>
      <object_component id="oc-ee">
         <name>.debug_info</name>
         <load_address>0x1d09e</load_address>
         <run_address>0x1d09e</run_address>
         <size>0x2bf</size>
         <input_file_ref idref="fl-19"/>
      </object_component>
      <object_component id="oc-27f">
         <name>.debug_info</name>
         <load_address>0x1d35d</load_address>
         <run_address>0x1d35d</run_address>
         <size>0x2c0</size>
         <input_file_ref idref="fl-19"/>
      </object_component>
      <object_component id="oc-100">
         <name>.debug_info</name>
         <load_address>0x1d61d</load_address>
         <run_address>0x1d61d</run_address>
         <size>0x2cb</size>
         <input_file_ref idref="fl-19"/>
      </object_component>
      <object_component id="oc-112">
         <name>.debug_info</name>
         <load_address>0x1d8e8</load_address>
         <run_address>0x1d8e8</run_address>
         <size>0x2f2</size>
         <input_file_ref idref="fl-19"/>
      </object_component>
      <object_component id="oc-c1">
         <name>.debug_info</name>
         <load_address>0x1dbda</load_address>
         <run_address>0x1dbda</run_address>
         <size>0x2b5</size>
         <input_file_ref idref="fl-19"/>
      </object_component>
      <object_component id="oc-12d">
         <name>.debug_info</name>
         <load_address>0x1de8f</load_address>
         <run_address>0x1de8f</run_address>
         <size>0x27f</size>
         <input_file_ref idref="fl-19"/>
      </object_component>
      <object_component id="oc-133">
         <name>.debug_info</name>
         <load_address>0x1e10e</load_address>
         <run_address>0x1e10e</run_address>
         <size>0x281</size>
         <input_file_ref idref="fl-19"/>
      </object_component>
      <object_component id="oc-e1">
         <name>.debug_info</name>
         <load_address>0x1e38f</load_address>
         <run_address>0x1e38f</run_address>
         <size>0x2bc</size>
         <input_file_ref idref="fl-19"/>
      </object_component>
      <object_component id="oc-3ee">
         <name>.debug_info</name>
         <load_address>0x1e64b</load_address>
         <run_address>0x1e64b</run_address>
         <size>0x3c0</size>
         <input_file_ref idref="fl-1a"/>
      </object_component>
      <object_component id="oc-3e1">
         <name>.debug_info</name>
         <load_address>0x1ea0b</load_address>
         <run_address>0x1ea0b</run_address>
         <size>0x24b</size>
         <input_file_ref idref="fl-1a"/>
      </object_component>
      <object_component id="oc-35d">
         <name>.debug_info</name>
         <load_address>0x1ec56</load_address>
         <run_address>0x1ec56</run_address>
         <size>0x27f</size>
         <input_file_ref idref="fl-1a"/>
      </object_component>
      <object_component id="oc-3e8">
         <name>.debug_info</name>
         <load_address>0x1eed5</load_address>
         <run_address>0x1eed5</run_address>
         <size>0x2a3</size>
         <input_file_ref idref="fl-1a"/>
      </object_component>
      <object_component id="oc-362">
         <name>.debug_info</name>
         <load_address>0x1f178</load_address>
         <run_address>0x1f178</run_address>
         <size>0x283</size>
         <input_file_ref idref="fl-1a"/>
      </object_component>
      <object_component id="oc-3db">
         <name>.debug_info</name>
         <load_address>0x1f3fb</load_address>
         <run_address>0x1f3fb</run_address>
         <size>0x3e2</size>
         <input_file_ref idref="fl-1a"/>
      </object_component>
      <object_component id="oc-1cf">
         <name>.debug_info</name>
         <load_address>0x1f7dd</load_address>
         <run_address>0x1f7dd</run_address>
         <size>0x441</size>
         <input_file_ref idref="fl-1b"/>
      </object_component>
      <object_component id="oc-26a">
         <name>.debug_info</name>
         <load_address>0x1fc1e</load_address>
         <run_address>0x1fc1e</run_address>
         <size>0x156</size>
         <input_file_ref idref="fl-1b"/>
      </object_component>
      <object_component id="oc-1ef">
         <name>.debug_info</name>
         <load_address>0x1fd74</load_address>
         <run_address>0x1fd74</run_address>
         <size>0x28c</size>
         <input_file_ref idref="fl-1b"/>
      </object_component>
      <object_component id="oc-a3">
         <name>.debug_info</name>
         <load_address>0x20000</load_address>
         <run_address>0x20000</run_address>
         <size>0x286</size>
         <input_file_ref idref="fl-1b"/>
      </object_component>
      <object_component id="oc-d0">
         <name>.debug_info</name>
         <load_address>0x20286</load_address>
         <run_address>0x20286</run_address>
         <size>0x26c</size>
         <input_file_ref idref="fl-1b"/>
      </object_component>
      <object_component id="oc-9d">
         <name>.debug_info</name>
         <load_address>0x204f2</load_address>
         <run_address>0x204f2</run_address>
         <size>0x2e4</size>
         <input_file_ref idref="fl-1b"/>
      </object_component>
      <object_component id="oc-e8">
         <name>.debug_info</name>
         <load_address>0x207d6</load_address>
         <run_address>0x207d6</run_address>
         <size>0x2be</size>
         <input_file_ref idref="fl-1b"/>
      </object_component>
      <object_component id="oc-31e">
         <name>.debug_info</name>
         <load_address>0x20a94</load_address>
         <run_address>0x20a94</run_address>
         <size>0x51</size>
         <input_file_ref idref="fl-1b"/>
      </object_component>
      <object_component id="oc-340">
         <name>.debug_info</name>
         <load_address>0x20ae5</load_address>
         <run_address>0x20ae5</run_address>
         <size>0x3cb</size>
         <input_file_ref idref="fl-1c"/>
      </object_component>
      <object_component id="oc-1fa">
         <name>.debug_info</name>
         <load_address>0x20eb0</load_address>
         <run_address>0x20eb0</run_address>
         <size>0x250</size>
         <input_file_ref idref="fl-1c"/>
      </object_component>
      <object_component id="oc-33b">
         <name>.debug_info</name>
         <load_address>0x21100</load_address>
         <run_address>0x21100</run_address>
         <size>0x252</size>
         <input_file_ref idref="fl-1c"/>
      </object_component>
      <object_component id="oc-1f4">
         <name>.debug_info</name>
         <load_address>0x21352</load_address>
         <run_address>0x21352</run_address>
         <size>0x32f</size>
         <input_file_ref idref="fl-1c"/>
      </object_component>
      <object_component id="oc-201">
         <name>.debug_info</name>
         <load_address>0x21681</load_address>
         <run_address>0x21681</run_address>
         <size>0x27c</size>
         <input_file_ref idref="fl-1c"/>
      </object_component>
      <object_component id="oc-207">
         <name>.debug_info</name>
         <load_address>0x218fd</load_address>
         <run_address>0x218fd</run_address>
         <size>0x256</size>
         <input_file_ref idref="fl-1c"/>
      </object_component>
      <object_component id="oc-271">
         <name>.debug_info</name>
         <load_address>0x21b53</load_address>
         <run_address>0x21b53</run_address>
         <size>0x21b</size>
         <input_file_ref idref="fl-1d"/>
      </object_component>
      <object_component id="oc-4e">
         <name>.debug_info</name>
         <load_address>0x21d6e</load_address>
         <run_address>0x21d6e</run_address>
         <size>0x119</size>
         <input_file_ref idref="fl-d3"/>
      </object_component>
      <object_component id="oc-170">
         <name>.debug_info</name>
         <load_address>0x21e87</load_address>
         <run_address>0x21e87</run_address>
         <size>0x147</size>
         <input_file_ref idref="fl-d4"/>
      </object_component>
      <object_component id="oc-216">
         <name>.debug_info</name>
         <load_address>0x21fce</load_address>
         <run_address>0x21fce</run_address>
         <size>0x142</size>
         <input_file_ref idref="fl-d5"/>
      </object_component>
      <object_component id="oc-16d">
         <name>.debug_info</name>
         <load_address>0x22110</load_address>
         <run_address>0x22110</run_address>
         <size>0x2d4</size>
         <input_file_ref idref="fl-d6"/>
      </object_component>
      <object_component id="oc-5f">
         <name>.debug_info</name>
         <load_address>0x223e4</load_address>
         <run_address>0x223e4</run_address>
         <size>0x1b5</size>
         <input_file_ref idref="fl-d6"/>
      </object_component>
      <object_component id="oc-168">
         <name>.debug_info</name>
         <load_address>0x22599</load_address>
         <run_address>0x22599</run_address>
         <size>0x46</size>
         <input_file_ref idref="fl-d6"/>
      </object_component>
      <object_component id="oc-57">
         <name>.debug_info</name>
         <load_address>0x225df</load_address>
         <run_address>0x225df</run_address>
         <size>0x2a8</size>
         <input_file_ref idref="fl-d7"/>
      </object_component>
      <object_component id="oc-1c">
         <name>.debug_info</name>
         <load_address>0x22887</load_address>
         <run_address>0x22887</run_address>
         <size>0x1ea</size>
         <input_file_ref idref="fl-d7"/>
      </object_component>
      <object_component id="oc-52">
         <name>.debug_info</name>
         <load_address>0x22a71</load_address>
         <run_address>0x22a71</run_address>
         <size>0x46</size>
         <input_file_ref idref="fl-d7"/>
      </object_component>
      <object_component id="oc-160">
         <name>.debug_info</name>
         <load_address>0x22ab7</load_address>
         <run_address>0x22ab7</run_address>
         <size>0x2c</size>
         <input_file_ref idref="fl-d7"/>
      </object_component>
      <object_component id="oc-15e">
         <name>.debug_info</name>
         <load_address>0x22ae3</load_address>
         <run_address>0x22ae3</run_address>
         <size>0x29e</size>
         <input_file_ref idref="fl-d8"/>
      </object_component>
      <object_component id="oc-17">
         <name>.debug_info</name>
         <load_address>0x22d81</load_address>
         <run_address>0x22d81</run_address>
         <size>0x250</size>
         <input_file_ref idref="fl-d8"/>
      </object_component>
      <object_component id="oc-42">
         <name>.debug_info</name>
         <load_address>0x22fd1</load_address>
         <run_address>0x22fd1</run_address>
         <size>0x60</size>
         <input_file_ref idref="fl-d8"/>
      </object_component>
      <object_component id="oc-298">
         <name>.debug_info</name>
         <load_address>0x23031</load_address>
         <run_address>0x23031</run_address>
         <size>0x46</size>
         <input_file_ref idref="fl-d8"/>
      </object_component>
      <object_component id="oc-159">
         <name>.debug_info</name>
         <load_address>0x23077</load_address>
         <run_address>0x23077</run_address>
         <size>0x39</size>
         <input_file_ref idref="fl-d8"/>
      </object_component>
      <object_component id="oc-376">
         <name>.debug_info</name>
         <load_address>0x230b0</load_address>
         <run_address>0x230b0</run_address>
         <size>0x29a</size>
         <input_file_ref idref="fl-d9"/>
      </object_component>
      <object_component id="oc-22d">
         <name>.debug_info</name>
         <load_address>0x2334a</load_address>
         <run_address>0x2334a</run_address>
         <size>0x292</size>
         <input_file_ref idref="fl-d9"/>
      </object_component>
      <object_component id="oc-378">
         <name>.debug_info</name>
         <load_address>0x235dc</load_address>
         <run_address>0x235dc</run_address>
         <size>0x29a</size>
         <input_file_ref idref="fl-da"/>
      </object_component>
      <object_component id="oc-232">
         <name>.debug_info</name>
         <load_address>0x23876</load_address>
         <run_address>0x23876</run_address>
         <size>0x262</size>
         <input_file_ref idref="fl-da"/>
      </object_component>
      <object_component id="oc-25">
         <name>.debug_info</name>
         <load_address>0x23ad8</load_address>
         <run_address>0x23ad8</run_address>
         <size>0x10b</size>
         <input_file_ref idref="fl-db"/>
      </object_component>
      <object_component id="oc-6c">
         <name>.debug_info</name>
         <load_address>0x23be3</load_address>
         <run_address>0x23be3</run_address>
         <size>0x1a9</size>
         <input_file_ref idref="fl-db"/>
      </object_component>
      <object_component id="oc-34b">
         <name>.debug_info</name>
         <load_address>0x23d8c</load_address>
         <run_address>0x23d8c</run_address>
         <size>0x115</size>
         <input_file_ref idref="fl-dc"/>
      </object_component>
      <object_component id="oc-39e">
         <name>.debug_info</name>
         <load_address>0x23ea1</load_address>
         <run_address>0x23ea1</run_address>
         <size>0x4b3</size>
         <input_file_ref idref="fl-dd"/>
      </object_component>
      <object_component id="oc-2b8">
         <name>.debug_info</name>
         <load_address>0x24354</load_address>
[...]
         <name>vTaskStartScheduler</name>
         <value>0x4d39</value>
         <object_component_ref idref="oc-85"/>
      </symbol>
      <symbol id="sm-8d1">
         <name>vTaskInternalSetTimeOutState</name>
         <value>0x5327</value>
         <object_component_ref idref="oc-85"/>
      </symbol>
      <symbol id="sm-8d2">
         <name>pvTaskIncrementMutexHeldCount</name>
         <value>0x5927</value>
         <object_component_ref idref="oc-85"/>
      </symbol>
      <symbol id="sm-8d3">
         <name>uxTaskGetStackHighWaterMark</name>
         <value>0x564d</value>
         <object_component_ref idref="oc-85"/>
      </symbol>
      <symbol id="sm-8d4">
         <name>xTaskGenericNotifyStateClear</name>
         <value>0x5db5</value>
         <object_component_ref idref="oc-85"/>
      </symbol>
      <symbol id="sm-8d5">
         <name>xTaskGenericNotify</name>
         <value>0x5ab7</value>
         <object_component_ref idref="oc-85"/>
      </symbol>
      <symbol id="sm-8d6">
         <name>vTaskPriorityDisinheritAfterTimeout</name>
         <value>0x5845</value>
         <object_component_ref idref="oc-85"/>
      </symbol>
      <symbol id="sm-8d7">
         <name>xTaskCreate</name>
         <value>0x4511</value>
         <object_component_ref idref="oc-85"/>
      </symbol>
      <symbol id="sm-8d8">
         <name>xTaskDelayUntil</name>
         <value>0x47cd</value>
         <object_component_ref idref="oc-85"/>
      </symbol>
      <symbol id="sm-8d9">
         <name>uxTaskGetTaskNumber</name>
         <value>0x53e1</value>
         <object_component_ref idref="oc-85"/>
      </symbol>
      <symbol id="sm-8da">
         <name>vTaskEndScheduler</name>
         <value>0x4d83</value>
         <object_component_ref idref="oc-85"/>
      </symbol>
      <symbol id="sm-8db">
         <name>vTaskMissedYield</name>
         <value>0x53d9</value>
         <object_component_ref idref="oc-85"/>
      </symbol>
      <symbol id="sm-8dc">
         <name>uxTaskGetNumberOfTasks</name>
         <value>0x4ebd</value>
         <object_component_ref idref="oc-85"/>
      </symbol>
      <symbol id="sm-8dd">
         <name>xTaskCatchUpTicks</name>
         <value>0x4fc5</value>
         <object_component_ref idref="oc-85"/>
      </symbol>
      <symbol id="sm-8de">
         <name>xTaskGenericNotifyFromISR</name>
         <value>0x5bc5</value>
         <object_component_ref idref="oc-85"/>
      </symbol>
      <symbol id="sm-8df">
         <name>vTaskGetInfo</name>
         <value>0x54bd</value>
         <object_component_ref idref="oc-85"/>
      </symbol>
      <symbol id="sm-8e0">
         <name>uxTaskPriorityGet</name>
         <value>0x4969</value>
         <object_component_ref idref="oc-85"/>
      </symbol>
      <symbol id="sm-8e1">
         <name>xTaskResumeAll</name>
         <value>0x4db1</value>
         <object_component_ref idref="oc-85"/>
      </symbol>
      <symbol id="sm-8e2">
         <name>xTaskGetTickCount</name>
         <value>0x4e93</value>
         <object_component_ref idref="oc-85"/>
      </symbol>
      <symbol id="sm-8e3">
         <name>ulTaskGenericNotifyTake</name>
         <value>0x5949</value>
         <object_component_ref idref="oc-85"/>
      </symbol>
      <symbol id="sm-8e4">
         <name>uxTaskGetSystemState</name>
         <value>0x4eed</value>
         <object_component_ref idref="oc-85"/>
      </symbol>
      <symbol id="sm-8e5">
         <name>vTaskDelete</name>
         <value>0x471f</value>
         <object_component_ref idref="oc-85"/>
      </symbol>
      <symbol id="sm-8e6">
         <name>ulTaskGenericNotifyValueClear</name>
         <value>0x5e09</value>
         <object_component_ref idref="oc-85"/>
      </symbol>
      <symbol id="sm-8e7">
         <name>xTaskGenericNotifyWait</name>
         <value>0x59ed</value>
         <object_component_ref idref="oc-85"/>
      </symbol>
      <symbol id="sm-8e8">
         <name>pxCurrentTCB</name>
         <value>0x20005d00</value>
         <object_component_ref idref="oc-7f"/>
      </symbol>
      <symbol id="sm-8e9">
         <name>eTaskGetState</name>
         <value>0x48a1</value>
         <object_component_ref idref="oc-85"/>
      </symbol>
      <symbol id="sm-8ea">
         <name>vTaskSuspend</name>
         <value>0x4af1</value>
         <object_component_ref idref="oc-85"/>
      </symbol>
      <symbol id="sm-8eb">
         <name>xTaskGetTickCountFromISR</name>
         <value>0x4ea9</value>
         <object_component_ref idref="oc-85"/>
      </symbol>
      <symbol id="sm-8ec">
         <name>vTaskResume</name>
         <value>0x4c23</value>
         <object_component_ref idref="oc-85"/>
      </symbol>
      <symbol id="sm-8ed">
         <name>uxTopUsedPriority</name>
         <value>0x8f3c</value>
         <object_component_ref idref="oc-1ab"/>
      </symbol>
      <symbol id="sm-8ee">
         <name>vTaskSetTimeOutState</name>
         <value>0x5309</value>
         <object_component_ref idref="oc-85"/>
      </symbol>
      <symbol id="sm-8ef">
         <name>xTaskIncrementTick</name>
         <value>0x5005</value>
         <object_component_ref idref="oc-85"/>
      </symbol>
      <symbol id="sm-8f0">
         <name>vTaskSwitchContext</name>
         <value>0x5121</value>
         <object_component_ref idref="oc-85"/>
      </symbol>
      <symbol id="sm-8f1">
         <name>uxTaskResetEventItemValue</name>
         <value>0x5905</value>
         <object_component_ref idref="oc-85"/>
      </symbol>
      <symbol id="sm-8f2">
         <name>xTaskResumeFromISR</name>
         <value>0x4ca1</value>
         <object_component_ref idref="oc-85"/>
      </symbol>
      <symbol id="sm-8f3">
         <name>xTaskGetCurrentTaskHandle</name>
         <value>0x56b3</value>
         <object_component_ref idref="oc-85"/>
      </symbol>
      <symbol id="sm-8f4">
         <name>vTaskPlaceOnUnorderedEventList</name>
         <value>0x51e5</value>
         <object_component_ref idref="oc-85"/>
      </symbol>
      <symbol id="sm-8f5">
         <name>xTaskRemoveFromEventList</name>
         <value>0x521d</value>
         <object_component_ref idref="oc-85"/>
      </symbol>
      <symbol id="sm-8f6">
         <name>xTaskPriorityInherit</name>
         <value>0x56ed</value>
         <object_component_ref idref="oc-85"/>
      </symbol>
      <symbol id="sm-927">
         <name>ulMaxSyscallInterruptPriority</name>
         <value>0x8f38</value>
         <object_component_ref idref="oc-82"/>
      </symbol>
      <symbol id="sm-928">
         <name>vPortSetupTimerInterrupt</name>
         <value>0x8013</value>
         <object_component_ref idref="oc-32"/>
      </symbol>
      <symbol id="sm-929">
         <name>vPortEndScheduler</name>
         <value>0x7fb5</value>
         <object_component_ref idref="oc-32"/>
      </symbol>
      <symbol id="sm-92a">
         <name>xPortSysTickHandler</name>
         <value>0x7fed</value>
         <object_component_ref idref="oc-32"/>
      </symbol>
      <symbol id="sm-92b">
         <name>pxPortInitialiseStack</name>
         <value>0x7f15</value>
         <object_component_ref idref="oc-32"/>
      </symbol>
      <symbol id="sm-92c">
         <name>vPortExitCritical</name>
         <value>0x7fd7</value>
         <object_component_ref idref="oc-32"/>
      </symbol>
      <symbol id="sm-92d">
         <name>xPortStartScheduler</name>
         <value>0x7f7f</value>
         <object_component_ref idref="oc-32"/>
      </symbol>
      <symbol id="sm-92e">
         <name>vPortEnterCritical</name>
         <value>0x7fb7</value>
         <object_component_ref idref="oc-32"/>
      </symbol>
      <symbol id="sm-93d">
         <name>vPortStartFirstTask</name>
         <value>0x8431</value>
         <object_component_ref idref="oc-2d"/>
      </symbol>
      <symbol id="sm-93e">
         <name>ulPortGetIPSR</name>
         <value>0x8399</value>
         <object_component_ref idref="oc-2d"/>
      </symbol>
      <symbol id="sm-93f">
         <name>vPortEnableVFP</name>
         <value>0x8455</value>
         <object_component_ref idref="oc-2d"/>
      </symbol>
      <symbol id="sm-940">
         <name>xPortPendSVHandler</name>
         <value>0x83b1</value>
         <object_component_ref idref="oc-2d"/>
      </symbol>
      <symbol id="sm-941">
         <name>vPortSVCHandler</name>
         <value>0x8411</value>
         <object_component_ref idref="oc-2d"/>
      </symbol>
      <symbol id="sm-98a">
         <name>vPortInitialiseBlocks</name>
         <value>0x7d4d</value>
         <object_component_ref idref="oc-190"/>
      </symbol>
      <symbol id="sm-98b">
         <name>xPortGetFreeHeapSize</name>
         <value>0x7d47</value>
         <object_component_ref idref="oc-190"/>
      </symbol>
      <symbol id="sm-98c">
         <name>pvPortMalloc</name>
         <value>0x7bd1</value>
         <object_component_ref idref="oc-190"/>
      </symbol>
      <symbol id="sm-98d">
         <name>vPortFree</name>
         <value>0x7ce9</value>
         <object_component_ref idref="oc-190"/>
      </symbol>
      <symbol id="sm-9fb">
         <name>GPIOPinTypePWM</name>
         <value>0x8b01</value>
         <object_component_ref idref="oc-da"/>
      </symbol>
      <symbol id="sm-9fc">
         <name>GPIOPinConfigure</name>
         <value>0x87d1</value>
         <object_component_ref idref="oc-d4"/>
      </symbol>
      <symbol id="sm-9fd">
         <name>GPIOPinTypeUART</name>
         <value>0x8b2d</value>
         <object_component_ref idref="oc-11f"/>
      </symbol>
      <symbol id="sm-9fe">
         <name>GPIOPinTypeGPIOOutput</name>
         <value>0x8acf</value>
         <object_component_ref idref="oc-a7"/>
      </symbol>
      <symbol id="sm-9ff">
         <name>GPIODirModeSet</name>
         <value>0x89f9</value>
         <object_component_ref idref="oc-1d7"/>
      </symbol>
      <symbol id="sm-a00">
         <name>GPIOPinWrite</name>
         <value>0x8c5b</value>
         <object_component_ref idref="oc-367"/>
      </symbol>
      <symbol id="sm-a01">
         <name>GPIOPadConfigSet</name>
         <value>0x7da9</value>
         <object_component_ref idref="oc-1d1"/>
      </symbol>
      <symbol id="sm-a02">
         <name>GPIOPinTypeSSI</name>
         <value>0x8b17</value>
         <object_component_ref idref="oc-3d4"/>
      </symbol>
      <symbol id="sm-a4d">
         <name>IntPrioritySet</name>
         <value>0x8a25</value>
         <object_component_ref idref="oc-116"/>
      </symbol>
      <symbol id="sm-a4e">
         <name>IntEnable</name>
         <value>0x8701</value>
         <object_component_ref idref="oc-104"/>
      </symbol>
      <symbol id="sm-a4f">
         <name>IntRegister</name>
         <value>0x895d</value>
         <object_component_ref idref="oc-283"/>
      </symbol>
      <symbol id="sm-a50">
         <name>g_pfnRAMVectors</name>
         <value>0x20000000</value>
         <object_component_ref idref="oc-38d"/>
      </symbol>
      <symbol id="sm-a51">
         <name>IntMasterEnable</name>
         <value>0x8bb7</value>
         <object_component_ref idref="oc-f2"/>
      </symbol>
      <symbol id="sm-abe">
         <name>PWMGenPeriodSet</name>
         <value>0x8bc7</value>
         <object_component_ref idref="oc-ec"/>
      </symbol>
      <symbol id="sm-abf">
         <name>PWMGenIntTrigEnable</name>
         <value>0x8c21</value>
         <object_component_ref idref="oc-fe"/>
      </symbol>
      <symbol id="sm-ac0">
         <name>PWMGenDisable</name>
         <value>0x8bf1</value>
         <object_component_ref idref="oc-132"/>
      </symbol>
      <symbol id="sm-ac1">
         <name>PWMPulseWidthSet</name>
         <value>0x8ab1</value>
         <object_component_ref idref="oc-c5"/>
      </symbol>
      <symbol id="sm-ac2">
         <name>PWMGenIntClear</name>
         <value>0x8c61</value>
         <object_component_ref idref="oc-bf"/>
      </symbol>
      <symbol id="sm-ac3">
         <name>PWMGenIntRegister</name>
         <value>0x8ae9</value>
         <object_component_ref idref="oc-110"/>
      </symbol>
      <symbol id="sm-ac4">
         <name>PWMOutputState</name>
         <value>0x8b81</value>
         <object_component_ref idref="oc-10a"/>
      </symbol>
      <symbol id="sm-ac5">
         <name>PWMGenEnable</name>
         <value>0x8bfd</value>
         <object_component_ref idref="oc-12c"/>
      </symbol>
      <symbol id="sm-ac6">
         <name>PWMIntEnable</name>
         <value>0x8c53</value>
         <object_component_ref idref="oc-f8"/>
      </symbol>
      <symbol id="sm-ac7">
         <name>PWMGenConfigure</name>
         <value>0x8a6d</value>
         <object_component_ref idref="oc-e0"/>
      </symbol>
      <symbol id="sm-af8">
         <name>SSIDataPut</name>
         <value>0x8c2b</value>
         <object_component_ref idref="oc-35b"/>
      </symbol>
      <symbol id="sm-af9">
         <name>SSIDataGet</name>
         <value>0x8c09</value>
         <object_component_ref idref="oc-361"/>
      </symbol>
      <symbol id="sm-afa">
         <name>SSIDataGetNonBlocking</name>
         <value>0x8b93</value>
         <object_component_ref idref="oc-3e6"/>
      </symbol>
      <symbol id="sm-afb">
         <name>SSIConfigSetExpClk</name>
         <value>0x88e9</value>
         <object_component_ref idref="oc-3da"/>
      </symbol>
      <symbol id="sm-afc">
         <name>SSIEnable</name>
         <value>0x8c35</value>
         <object_component_ref idref="oc-3e0"/>
      </symbol>
      <symbol id="sm-b64">
         <name>SysCtlPeripheralPresent</name>
         <value>0x8925</value>
         <object_component_ref idref="oc-1ed"/>
      </symbol>
      <symbol id="sm-b65">
         <name>SysCtlClockSet</name>
         <value>0x8295</value>
         <object_component_ref idref="oc-9b"/>
      </symbol>
      <symbol id="sm-b66">
         <name>SysCtlDelay</name>
         <value>0x8c67</value>
         <object_component_ref idref="oc-1c8"/>
      </symbol>
      <symbol id="sm-b67">
         <name>SysCtlPeripheralEnable</name>
         <value>0x8991</value>
         <object_component_ref idref="oc-a1"/>
      </symbol>
      <symbol id="sm-b68">
         <name>SysCtlClockGet</name>
         <value>0x817d</value>
         <object_component_ref idref="oc-e6"/>
      </symbol>
      <symbol id="sm-b69">
         <name>SysCtlPWMClockSet</name>
         <value>0x8b59</value>
         <object_component_ref idref="oc-ce"/>
      </symbol>
      <symbol id="sm-b9c">
         <name>UARTConfigSetExpClk</name>
         <value>0x881d</value>
         <object_component_ref idref="oc-1f3"/>
      </symbol>
      <symbol id="sm-b9d">
         <name>UARTDisable</name>
         <value>0x8a91</value>
         <object_component_ref idref="oc-339"/>
      </symbol>
      <symbol id="sm-b9e">
         <name>UARTCharPut</name>
         <value>0x8c49</value>
         <object_component_ref idref="oc-1ff"/>
      </symbol>
      <symbol id="sm-b9f">
         <name>UARTEnable</name>
         <value>0x8b6d</value>
         <object_component_ref idref="oc-1f9"/>
      </symbol>
      <symbol id="sm-ba0">
         <name>UARTCharGet</name>
         <value>0x8c3f</value>
         <object_component_ref idref="oc-205"/>
      </symbol>
      <symbol id="sm-baa">
         <name>CPUcpsie</name>
         <value>0x8be5</value>
         <object_component_ref idref="oc-26e"/>
      </symbol>
      <symbol id="sm-bc5">
         <name>memcpy</name>
         <value>0x85e9</value>
         <object_component_ref idref="oc-4c"/>
      </symbol>
      <symbol id="sm-bc6">
         <name>__aeabi_memcpy</name>
         <value>0x85e9</value>
         <object_component_ref idref="oc-4c"/>
      </symbol>
      <symbol id="sm-bc7">
         <name>__aeabi_memcpy8</name>
         <value>0x85e9</value>
         <object_component_ref idref="oc-4c"/>
      </symbol>
      <symbol id="sm-bc8">
         <name>__aeabi_memcpy4</name>
         <value>0x85e9</value>
         <object_component_ref idref="oc-4c"/>
      </symbol>
      <symbol id="sm-bd7">
         <name>__aeabi_memset</name>
         <value>0x8687</value>
         <object_component_ref idref="oc-16e"/>
      </symbol>
      <symbol id="sm-bd8">
         <name>memset</name>
         <value>0x868d</value>
         <object_component_ref idref="oc-16e"/>
      </symbol>
      <symbol id="sm-bd9">
         <name>__aeabi_memset8</name>
         <value>0x8687</value>
         <object_component_ref idref="oc-16e"/>
      </symbol>
      <symbol id="sm-bda">
         <name>__aeabi_memset4</name>
         <value>0x8687</value>
         <object_component_ref idref="oc-16e"/>
      </symbol>
      <symbol id="sm-bdb">
         <name>__aeabi_memclr8</name>
         <value>0x8685</value>
         <object_component_ref idref="oc-16e"/>
      </symbol>
      <symbol id="sm-bdc">
         <name>__aeabi_memclr4</name>
         <value>0x8685</value>
         <object_component_ref idref="oc-16e"/>
      </symbol>
      <symbol id="sm-bdd">
         <name>__aeabi_memclr</name>
         <value>0x8685</value>
         <object_component_ref idref="oc-16e"/>
      </symbol>
      <symbol id="sm-bec">
         <name>__aeabi_uidivmod</name>
         <value>0x88a9</value>
         <object_component_ref idref="oc-214"/>
      </symbol>
      <symbol id="sm-bed">
         <name>__aeabi_uidiv</name>
         <value>0x88a9</value>
         <object_component_ref idref="oc-214"/>
      </symbol>
      <symbol id="sm-bff">
         <name>__TI_zero_init</name>
         <value>0x8c15</value>
         <object_component_ref idref="oc-5e"/>
      </symbol>
      <symbol id="sm-c16">
         <name>__TI_decompress_none</name>
         <value>0x8bd7</value>
         <object_component_ref idref="oc-1b"/>
      </symbol>
      <symbol id="sm-c39">
         <name>__TI_decompress_lzss</name>
         <value>0x8769</value>
         <object_component_ref idref="oc-15"/>
      </symbol>
      <symbol id="sm-c49">
         <name>memcmp</name>
         <value>0x8a49</value>
         <object_component_ref idref="oc-229"/>
      </symbol>
      <symbol id="sm-c59">
         <name>strchr</name>
         <value>0x8b43</value>
         <object_component_ref idref="oc-22f"/>
      </symbol>
      <symbol id="sm-c6c">
         <name>__stack</name>
         <value>0x20005900</value>
         <object_component_ref idref="oc-24"/>
      </symbol>
      <symbol id="sm-c6d">
         <name>_c_int00_noargs</name>
         <value>0x89c5</value>
         <object_component_ref idref="oc-6a"/>
      </symbol>
      <symbol id="sm-c77">
         <name>__aeabi_idiv0</name>
         <value>0x450f</value>
         <object_component_ref idref="oc-34a"/>
      </symbol>
      <symbol id="sm-c78">
         <name>__aeabi_ldiv0</name>
         <value>0x450f</value>
         <object_component_ref idref="oc-34a"/>
      </symbol>
      <symbol id="sm-ca0">
         <name>__TI_auto_init_nobinit_nopinit</name>
         <value>0x8865</value>
         <object_component_ref idref="oc-2b4"/>
      </symbol>
      <symbol id="sm-caa">
         <name>_system_pre_init</name>
         <value>0x8c6d</value>
         <object_component_ref idref="oc-174"/>
      </symbol>
      <symbol id="sm-cb6">
         <name>C$$EXIT</name>
         <value>0x8c71</value>
         <object_component_ref idref="oc-2a8"/>
      </symbol>
      <symbol id="sm-cb7">
         <name>abort</name>
         <value>0x8c71</value>
         <object_component_ref idref="oc-2a8"/>
      </symbol>
      <symbol id="sm-cba">
         <name>__TI_static_base__</name>
         <value>0x0</value>
      </symbol>
      <symbol id="sm-cbd">
         <name>__mpu_init</name>
         <value>0x0</value>
      </symbol>
      <symbol id="sm-cbe">
         <name>_system_post_cinit</name>
         <value>0x0</value>
      </symbol>
   </symbol_table>
   <title>Link successful</title>
</link_info>
