******************************************************************************
                  TI ARM Linker PC v20.2.2                     
******************************************************************************
>> Linked Tue Jul 27 23:24:36 2021

OUTPUT FILE NAME:   <MusicPlayer_FreeRTOS.out>
ENTRY POINT SYMBOL: "_c_int00_noargs"  address: 000089c5


MEMORY CONFIGURATION

         name            origin    length      used     unused   attr    fill
----------------------  --------  ---------  --------  --------  ----  --------
  FLASH                 00000000   00040000  00008f94  0003706c  R  X
  SRAM                  20000000   00008000  00005d54  000022ac  RW X


SEGMENT ALLOCATION MAP

run origin  load origin   length   init length attrs members
----------  ----------- ---------- ----------- ----- -------
00000000    00000000    00008f98   00008f98    r-x
  00000000    00000000    0000026c   0000026c    r-- .intvecs
  0000026c    0000026c    00008a08   00008a08    r-x .text
  00008c74    00008c74    000002d0   000002d0    r-- .const
  00008f48    00008f48    00000050   00000050    r-- .cinit
20000000    20000000    00005d54   00000000    rw-
  20000000    20000000    0000026c   00000000    rw- .vtable
  2000026c    2000026c    00005694   00000000    rw- .bss
  20005900    20005900    00000400   00000000    rw- .stack
  20005d00    20005d00    00000054   00000000    rw- .data


SECTION ALLOCATION MAP

 output                                  attributes/
section   page    origin      length       input sections
--------  ----  ----------  ----------   ----------------
.intvecs   0    00000000    0000026c     
                  00000000    0000026c     tm4c123gh6pm_startup_ccs.obj (.intvecs)

.text      0    0000026c    00008a08     
                  0000026c    000042a2     ff.obj (.text)
                  0000450e    00000002     rtsv7M4_T_le_v4SPD16_eabi.lib : div0.asm.obj (.text)
                  00004510    000019f8     tasks.obj (.text)
                  00005f08    00000ca0     queue.obj (.text)
                  00006ba8    00000668     sdmm.obj (.text)
                  00007210    00000518     main.obj (.text)
                  00007728    000004a8     uartstdio.obj (.text)
                  00007bd0    000001d8     heap_2.obj (.text)
                  00007da8    0000016c     driverlib.lib : gpio.obj (.text:GPIOPadConfigSet)
                  00007f14    0000013c     port.obj (.text)
                  00008050    0000012a     list.obj (.text)
                  0000817a    00000002     --HOLE-- [fill = 0]
                  0000817c    00000118     driverlib.lib : sysctl.obj (.text:SysCtlClockGet)
                  00008294    000000f4                   : sysctl.obj (.text:SysCtlClockSet)
                  00008388    000000da     portasm.obj (.text)
                  00008462    00000002     --HOLE-- [fill = 0]
                  00008464    000000d4     SPI_Control.obj (.text)
                  00008538    000000b0     driverlib.lib : pwm.obj (.text:_PWMGenIntNumberGet)
                  000085e8    0000009c     rtsv7M4_T_le_v4SPD16_eabi.lib : memcpy_t2.asm.obj (.text)
                  00008684    0000007a                                   : memset_t2.asm.obj (.text)
                  000086fe    00000002     --HOLE-- [fill = 0]
                  00008700    00000068     driverlib.lib : interrupt.obj (.text:IntEnable)
                  00008768    00000068     rtsv7M4_T_le_v4SPD16_eabi.lib : copy_decompress_lzss.c.obj (.text:decompress:lzss:__TI_decompress_lzss)
                  000087d0    0000004c     driverlib.lib : gpio.obj (.text:GPIOPinConfigure)
                  0000881c    00000046                   : uart.obj (.text:UARTConfigSetExpClk)
                  00008862    00000002     --HOLE-- [fill = 0]
                  00008864    00000044     rtsv7M4_T_le_v4SPD16_eabi.lib : autoinit.c.obj (.text:__TI_auto_init_nobinit_nopinit:__TI_auto_init_nobinit_nopinit)
                  000088a8    00000040                                   : u_divt2.asm.obj (.text)
                  000088e8    0000003c     driverlib.lib : ssi.obj (.text:SSIConfigSetExpClk)
                  00008924    00000038                   : sysctl.obj (.text:SysCtlPeripheralPresent)
                  0000895c    00000034                   : interrupt.obj (.text:IntRegister)
                  00008990    00000034                   : sysctl.obj (.text:SysCtlPeripheralEnable)
                  000089c4    00000034     rtsv7M4_T_le_v4SPD16_eabi.lib : boot_cortex_m.c.obj (.text:_c_int00_noargs:_c_int00_noargs)
                  000089f8    0000002c     driverlib.lib : gpio.obj (.text:GPIODirModeSet)
                  00008a24    00000024                   : interrupt.obj (.text:IntPrioritySet)
                  00008a48    00000024     rtsv7M4_T_le_v4SPD16_eabi.lib : memcmp.c.obj (.text:memcmp)
                  00008a6c    00000022     driverlib.lib : pwm.obj (.text:PWMGenConfigure)
                  00008a8e    00000002     --HOLE-- [fill = 0]
                  00008a90    00000020                   : uart.obj (.text:UARTDisable)
                  00008ab0    0000001e                   : pwm.obj (.text:PWMPulseWidthSet)
                  00008ace    0000001a                   : gpio.obj (.text:GPIOPinTypeGPIOOutput)
                  00008ae8    00000018                   : pwm.obj (.text:PWMGenIntRegister)
                  00008b00    00000016                   : gpio.obj (.text:GPIOPinTypePWM)
                  00008b16    00000016                   : gpio.obj (.text:GPIOPinTypeSSI)
                  00008b2c    00000016                   : gpio.obj (.text:GPIOPinTypeUART)
                  00008b42    00000016     rtsv7M4_T_le_v4SPD16_eabi.lib : strchr.c.obj (.text:strchr)
                  00008b58    00000014     driverlib.lib : sysctl.obj (.text:SysCtlPWMClockSet)
                  00008b6c    00000014                   : uart.obj (.text:UARTEnable)
                  00008b80    00000012                   : pwm.obj (.text:PWMOutputState)
                  00008b92    00000012                   : ssi.obj (.text:SSIDataGetNonBlocking)
                  00008ba4    00000012     tm4c123gh6pm_startup_ccs.obj (.text)
                  00008bb6    00000010     driverlib.lib : interrupt.obj (.text:IntMasterEnable)
                  00008bc6    00000010                   : pwm.obj (.text:PWMGenPeriodSet)
                  00008bd6    0000000e     rtsv7M4_T_le_v4SPD16_eabi.lib : copy_decompress_none.c.obj (.text:decompress:none:__TI_decompress_none)
                  00008be4    0000000c     driverlib.lib : cpu.obj (.text:CPUcpsie)
                  00008bf0    0000000c                   : pwm.obj (.text:PWMGenDisable)
                  00008bfc    0000000c                   : pwm.obj (.text:PWMGenEnable)
                  00008c08    0000000c                   : ssi.obj (.text:SSIDataGet)
                  00008c14    0000000c     rtsv7M4_T_le_v4SPD16_eabi.lib : copy_zero_init.c.obj (.text:decompress:ZI:__TI_zero_init)
                  00008c20    0000000a     driverlib.lib : pwm.obj (.text:PWMGenIntTrigEnable)
                  00008c2a    0000000a                   : ssi.obj (.text:SSIDataPut)
                  00008c34    0000000a                   : ssi.obj (.text:SSIEnable)
                  00008c3e    0000000a                   : uart.obj (.text:UARTCharGet)
                  00008c48    0000000a                   : uart.obj (.text:UARTCharPut)
                  00008c52    00000008                   : pwm.obj (.text:PWMIntEnable)
                  00008c5a    00000006                   : gpio.obj (.text:GPIOPinWrite)
                  00008c60    00000006                   : pwm.obj (.text:PWMGenIntClear)
                  00008c66    00000006                   : sysctl.obj (.text:SysCtlDelay)
                  00008c6c    00000004     rtsv7M4_T_le_v4SPD16_eabi.lib : pre_init.c.obj (.text:_system_pre_init)
                  00008c70    00000004                                   : exit.c.obj (.text:abort:abort)

.const     0    00008c74    000002d0     
                  00008c74    0000009c     driverlib.lib : interrupt.obj (.const:g_pui32Regs)
                  00008d10    00000090                   : gpio.obj (.const:g_pui32GPIOBaseAddrs)
                  00008da0    00000080     ff.obj (.const:.string:ExCvt)
                  00008e20    0000006c     driverlib.lib : sysctl.obj (.const:g_pui32Xtals)
                  00008e8c    00000014                   : interrupt.obj (.const:g_pui32EnRegs)
                  00008ea0    00000012     ff.obj (.const:.string:badchr$1)
                  00008eb2    00000002     --HOLE-- [fill = 0]
                  00008eb4    00000012     uartstdio.obj (.const:.string)
                  00008ec6    00000002     --HOLE-- [fill = 0]
                  00008ec8    00000010     ff.obj (.const:defopt$4)
                  00008ed8    0000000e     ff.obj (.const:cst$2)
                  00008ee6    0000000e     ff.obj (.const:cst32$3)
                  00008ef4    0000000c     uartstdio.obj (.const:g_ui32UARTBase)
                  00008f00    0000000c     uartstdio.obj (.const:g_ui32UARTPeriph)
                  00008f0c    0000000a     main.obj (.const:.string:$P$T3$4)
                  00008f16    0000000a     main.obj (.const:.string:$P$T4$5)
                  00008f20    00000009     main.obj (.const:.string:$P$T1$2)
                  00008f29    00000008     main.obj (.const:.string:$P$T2$3)
                  00008f31    00000005     main.obj (.const:.string:$P$T0$1)
                  00008f36    00000002     --HOLE-- [fill = 0]
                  00008f38    00000004     port.obj (.const)
                  00008f3c    00000004     tasks.obj (.const)
                  00008f40    00000004     uartstdio.obj (.const)

.cinit     0    00008f48    00000050     
                  00008f48    0000001b     (.cinit..data.load) [load image, compression = lzss]
                  00008f63    00000001     --HOLE-- [fill = 0]
                  00008f64    0000000c     (__TI_handler_table)
                  00008f70    00000008     (.cinit..bss.load) [load image, compression = zero_init]
                  00008f78    00000008     (.cinit..vtable.load) [load image, compression = zero_init]
                  00008f80    00000018     (__TI_cinit_table)

.init_array 
*          0    00000000    00000000     UNINITIALIZED

.vtable    0    20000000    0000026c     UNINITIALIZED
                  20000000    0000026c     driverlib.lib : interrupt.obj (.vtable)

.bss       0    2000026c    00005694     UNINITIALIZED
                  2000026c    00004e20     heap_2.obj (.bss:ucHeap)
                  2000508c    00000230     (.common:FatFs)
                  200052bc    0000022c     (.common:Fil)
                  200054e8    000001f4     (.common:SoundArray)
                  200056dc    00000140     tasks.obj (.bss:pxReadyTasksLists)
                  2000581c    00000050     (.common:xQueueRegistry)
                  2000586c    00000014     tasks.obj (.bss:xDelayedTaskList1)
                  20005880    00000014     tasks.obj (.bss:xDelayedTaskList2)
                  20005894    00000014     tasks.obj (.bss:xPendingReadyList)
                  200058a8    00000014     tasks.obj (.bss:xSuspendedTaskList)
                  200058bc    00000014     tasks.obj (.bss:xTasksWaitingTermination)
                  200058d0    00000008     tasks.obj (.bss)
                  200058d8    00000008     heap_2.obj (.bss:xEnd)
                  200058e0    00000008     heap_2.obj (.bss:xStart)
                  200058e8    00000004     ff.obj (.bss:FatFs)
                  200058ec    00000004     (.common:BiSemap_PWM)
                  200058f0    00000004     (.common:rx_32)
                  200058f4    00000004     (.common:u32CountReadSoundArray)
                  200058f8    00000004     (.common:u32CountWriteSoundArray)
                  200058fc    00000002     ff.obj (.bss)
                  200058fe    00000001     sdmm.obj (.bss)
                  200058ff    00000001     (.common:audioState)

.data      0    20005d00    00000054     UNINITIALIZED
                  20005d00    00000034     tasks.obj (.data)
                  20005d34    0000000b     main.obj (.data)
                  20005d3f    00000001     sdmm.obj (.data)
                  20005d40    00000008     heap_2.obj (.data)
                  20005d48    00000005     uartstdio.obj (.data)
                  20005d4d    00000003     --HOLE--
                  20005d50    00000004     port.obj (.data)

.stack     0    20005900    00000400     UNINITIALIZED
                  20005900    00000004     rtsv7M4_T_le_v4SPD16_eabi.lib : boot_cortex_m.c.obj (.stack)
                  20005904    000003fc     --HOLE--

__llvm_prf_cnts 
*          0    20000000    00000000     UNINITIALIZED

MODULE SUMMARY

       Module                         code    ro data   rw data
       ------                         ----    -------   -------
    .\
       main.obj                       1304    42        1644   
       tm4c123gh6pm_startup_ccs.obj   18      620       0      
    +--+------------------------------+-------+---------+---------+
       Total:                         1322    662       1644   
                                                               
    .\Application\
       uartstdio.obj                  1192    46        5      
    +--+------------------------------+-------+---------+---------+
       Total:                         1192    46        5      
                                                               
    .\FatFs_Control\
       ff.obj                         17058   190       6      
       sdmm.obj                       1640    0         2      
       SPI_Control.obj                212     0         0      
    +--+------------------------------+-------+---------+---------+
       Total:                         18910   190       8      
                                                               
    .\Source\
       tasks.obj                      6648    4         480    
       queue.obj                      3232    0         80     
       list.obj                       298     0         0      
    +--+------------------------------+-------+---------+---------+
       Total:                         10178   4         560    
                                                               
    .\Source\portable\CCS\ARM_CM4F\
       port.obj                       316     4         4      
       portasm.obj                    218     0         0      
    +--+------------------------------+-------+---------+---------+
       Total:                         534     4         4      
                                                               
    .\Source\portable\MemMang\
       heap_2.obj                     472     0         20024  
    +--+------------------------------+-------+---------+---------+
       Total:                         472     0         20024  
                                                               
    C:/ti/TivaWare_C_Series-2.2.0.295/driverlib/ccs/Debug/driverlib.lib
       interrupt.obj                  208     176       620    
       sysctl.obj                     658     108       0      
       gpio.obj                       582     144       0      
       pwm.obj                        346     0         0      
       uart.obj                       142     0         0      
       ssi.obj                        110     0         0      
       cpu.obj                        12      0         0      
    +--+------------------------------+-------+---------+---------+
       Total:                         2058    428       620    
                                                               
    C:\ti\ccs1020\ccs\tools\compiler\ti-cgt-arm_20.2.2.LTS\lib\rtsv7M4_T_le_v4SPD16_eabi.lib
       memcpy_t2.asm.obj              156     0         0      
       memset_t2.asm.obj              122     0         0      
       copy_decompress_lzss.c.obj     104     0         0      
       autoinit.c.obj                 68      0         0      
       u_divt2.asm.obj                64      0         0      
       boot_cortex_m.c.obj            52      0         0      
       memcmp.c.obj                   36      0         0      
       strchr.c.obj                   22      0         0      
       copy_decompress_none.c.obj     14      0         0      
       copy_zero_init.c.obj           12      0         0      
       exit.c.obj                     4       0         0      
       pre_init.c.obj                 4       0         0      
       div0.asm.obj                   2       0         0      
    +--+------------------------------+-------+---------+---------+
       Total:                         660     0         0      
                                                               
       Stack:                         0       0         1024   
       Linker Generated:              0       79        0      
    +--+------------------------------+-------+---------+---------+
       Grand Total:                   35326   1413      23889  


LINKER GENERATED COPY TABLES

__TI_cinit_table @ 00008f80 records: 3, size/record: 8, table size: 24
	.data: load addr=00008f48, load size=0000001b bytes, run addr=20005d00, run size=00000054 bytes, compression=lzss
	.bss: load addr=00008f70, load size=00000008 bytes, run addr=2000026c, run size=00005694 bytes, compression=zero_init
	.vtable: load addr=00008f78, load size=00000008 bytes, run addr=20000000, run size=0000026c bytes, compression=zero_init


LINKER GENERATED HANDLER TABLE

__TI_handler_table @ 00008f64 records: 3, size/record: 4, table size: 12
	index: 0, handler: __TI_zero_init
	index: 1, handler: __TI_decompress_lzss
	index: 2, handler: __TI_decompress_none


GLOBAL SYMBOLS: SORTED ALPHABETICALLY BY Name 

address   name                               
-------   ----                               
200058ec  BiSemap_PWM                        
00008c71  C$$EXIT                            
00008be5  CPUcpsie                           
00008483  DelayMs                            
00008465  DelayUs                            
2000508c  FatFs                              
200052bc  Fil                                
000089f9  GPIODirModeSet                     
00007da9  GPIOPadConfigSet                   
000087d1  GPIOPinConfigure                   
00008acf  GPIOPinTypeGPIOOutput              
00008b01  GPIOPinTypePWM                     
00008b17  GPIOPinTypeSSI                     
00008b2d  GPIOPinTypeUART                    
00008c5b  GPIOPinWrite                       
000074a1  InitDebug                          
000073ed  InitPWM                            
00008701  IntEnable                          
00008bb7  IntMasterEnable                    
00008a25  IntPrioritySet                     
0000895d  IntRegister                        
00007377  PWM0Gen0IntHandler                 
00008a6d  PWMGenConfigure                    
00008bf1  PWMGenDisable                      
00008bfd  PWMGenEnable                       
00008c61  PWMGenIntClear                     
00008ae9  PWMGenIntRegister                  
00008c21  PWMGenIntTrigEnable                
00008bc7  PWMGenPeriodSet                    
00008c53  PWMIntEnable                       
00008b81  PWMOutputState                     
00008ab1  PWMPulseWidthSet                   
000075c5  PlayMusic                          
00008ba5  ResetISR                           
000084a3  SPI_Init                           
000088e9  SSIConfigSetExpClk                 
00008c09  SSIDataGet                         
00008b93  SSIDataGetNonBlocking              
00008c2b  SSIDataPut                         
00008c35  SSIEnable                          
200054e8  SoundArray                         
0000817d  SysCtlClockGet                     
00008295  SysCtlClockSet                     
00008c67  SysCtlDelay                        
00008b59  SysCtlPWMClockSet                  
00008991  SysCtlPeripheralEnable             
00008925  SysCtlPeripheralPresent            
00008c3f  UARTCharGet                        
00008c49  UARTCharPut                        
0000881d  UARTConfigSetExpClk                
00008a91  UARTDisable                        
00008b6d  UARTEnable                         
00007729  UARTStdioConfig                    
00007879  UARTgetc                           
000077bf  UARTgets                           
00007b9b  UARTprintf                         
000078a1  UARTvprintf                        
0000776f  UARTwrite                          
20005d00  __STACK_END                        
00000400  __STACK_SIZE                       
20005b00  __STACK_TOP                        
00008f80  __TI_CINIT_Base                    
00008f98  __TI_CINIT_Limit                   
00008f64  __TI_Handler_Table_Base            
00008f70  __TI_Handler_Table_Limit           
00008865  __TI_auto_init_nobinit_nopinit     
00008769  __TI_decompress_lzss               
00008bd7  __TI_decompress_none               
ffffffff  __TI_pprof_out_hndl                
ffffffff  __TI_prof_data_size                
ffffffff  __TI_prof_data_start               
00000000  __TI_static_base__                 
00008c15  __TI_zero_init                     
0000450f  __aeabi_idiv0                      
0000450f  __aeabi_ldiv0                      
00008685  __aeabi_memclr                     
00008685  __aeabi_memclr4                    
00008685  __aeabi_memclr8                    
000085e9  __aeabi_memcpy                     
000085e9  __aeabi_memcpy4                    
000085e9  __aeabi_memcpy8                    
00008687  __aeabi_memset                     
00008687  __aeabi_memset4                    
00008687  __aeabi_memset8                    
000088a9  __aeabi_uidiv                      
000088a9  __aeabi_uidivmod                   
ffffffff  __binit__                          
ffffffff  __c_args__                         
UNDEFED   __mpu_init                         
20005900  __stack                            
20000000  __start___llvm_prf_cnts            
20000000  __stop___llvm_prf_cnts             
000089c5  _c_int00_noargs                    
UNDEFED   _system_post_cinit                 
00008c6d  _system_pre_init                   
00008c71  abort                              
200058ff  audioState                         
ffffffff  binit                              
00006e4d  disk_initialize                    
000070fd  disk_ioctl                         
00006fc1  disk_read                          
00006e2d  disk_status                        
0000704d  disk_write                         
000048a1  eTaskGetState                      
00002e5d  f_chmod                            
00002267  f_close                            
000026f7  f_closedir                         
00003259  f_expand                           
000027cd  f_findfirst                        
00002791  f_findnext                         
000033ff  f_forward                          
0000285b  f_getfree                          
00002f73  f_getlabel                         
00003f99  f_gets                             
0000229d  f_lseek                            
00002b95  f_mkdir                            
000037cf  f_mkfs                             
00001997  f_mount                            
00001a19  f_open                             
00002653  f_opendir                          
00004129  f_printf                           
000040cd  f_putc                             
000040f5  f_puts                             
00001cd5  f_read                             
00002719  f_readdir                          
00002ce7  f_rename                           
0000307d  f_setlabel                         
00002807  f_stat                             
000021a1  f_sync                             
00002995  f_truncate                         
00002aa3  f_unlink                           
00002ef7  f_utime                            
00001f0b  f_write                            
20000000  g_pfnRAMVectors                    
00000000  g_pfnVectors                       
0000721b  main                               
00008a49  memcmp                             
000085e9  memcpy                             
0000868d  memset                             
000072ed  out_stream                         
20005d38  pSA_Read                           
20005d34  pSA_Write                          
00006b1d  pcQueueGetName                     
00004ec3  pcTaskGetName                      
00007bd1  pvPortMalloc                       
00005927  pvTaskIncrementMutexHeldCount      
20005d00  pxCurrentTCB                       
00007f15  pxPortInitialiseStack              
200058f0  rx_32                              
00008b43  strchr                             
20005d3d  timeOutTimer0                      
20005d3e  totalSongs                         
200058f4  u32CountReadSoundArray             
200058f8  u32CountWriteSoundArray            
0000686f  ucQueueGetQueueType                
00008f38  ulMaxSyscallInterruptPriority      
00008399  ulPortGetIPSR                      
00005949  ulTaskGenericNotifyTake            
00005e09  ulTaskGenericNotifyValueClear      
00008133  uxListRemove                       
0000684f  uxQueueGetQueueNumber              
000067ed  uxQueueMessagesWaiting             
00006823  uxQueueMessagesWaitingFromISR      
00006803  uxQueueSpacesAvailable             
00004ebd  uxTaskGetNumberOfTasks             
0000564d  uxTaskGetStackHighWaterMark        
00004eed  uxTaskGetSystemState               
000053e1  uxTaskGetTaskNumber                
00004969  uxTaskPriorityGet                  
00004991  uxTaskPriorityGetFromISR           
00005905  uxTaskResetEventItemValue          
00008f3c  uxTopUsedPriority                  
00007211  vApplicationStackOverflowHook      
00008051  vListInitialise                    
00008081  vListInitialiseItem                
000080cd  vListInsert                        
00008091  vListInsertEnd                     
00008455  vPortEnableVFP                     
00007fb5  vPortEndScheduler                  
00007fb7  vPortEnterCritical                 
00007fd7  vPortExitCritical                  
00007ce9  vPortFree                          
00007d4d  vPortInitialiseBlocks              
00008411  vPortSVCHandler                    
00008013  vPortSetupTimerInterrupt           
00008431  vPortStartFirstTask                
00006adb  vQueueAddToRegistry                
00006839  vQueueDelete                       
0000685d  vQueueSetQueueNumber               
00006b5d  vQueueUnregisterQueue              
0000485d  vTaskDelay                         
0000471f  vTaskDelete                        
00004d83  vTaskEndScheduler                  
00005cf9  vTaskGenericNotifyGiveFromISR      
000054bd  vTaskGetInfo                       
00005327  vTaskInternalSetTimeOutState       
000053d9  vTaskMissedYield                   
000051c3  vTaskPlaceOnEventList              
000051e5  vTaskPlaceOnUnorderedEventList     
00005845  vTaskPriorityDisinheritAfterTimeout
000049d9  vTaskPrioritySet                   
0000529d  vTaskRemoveFromUnorderedEventList  
00004c23  vTaskResume                        
00005401  vTaskSetTaskNumber                 
00005309  vTaskSetTimeOutState               
00004d39  vTaskStartScheduler                
00004af1  vTaskSuspend                       
00004d9f  vTaskSuspendAll                    
00005121  vTaskSwitchContext                 
20005d3c  writeEnable                        
00007d47  xPortGetFreeHeapSize               
000083b1  xPortPendSVHandler                 
00007f7f  xPortStartScheduler                
00007fed  xPortSysTickHandler                
0000605d  xQueueCreateMutex                  
00005fa9  xQueueGenericCreate                
00005f09  xQueueGenericReset                 
00006109  xQueueGenericSend                  
00006237  xQueueGenericSendFromISR           
000062d9  xQueueGiveFromISR                  
00006089  xQueueGiveMutexRecursive           
00006a6f  xQueueIsQueueEmptyFromISR          
00006ab5  xQueueIsQueueFullFromISR           
000065df  xQueuePeek                         
0000679b  xQueuePeekFromISR                  
0000636d  xQueueReceive                      
00006701  xQueueReceiveFromISR               
2000581c  xQueueRegistry                     
00006485  xQueueSemaphoreTake                
000060c5  xQueueTakeMutexRecursive           
00004fc5  xTaskCatchUpTicks                  
00005351  xTaskCheckForTimeOut               
00004511  xTaskCreate                        
000047cd  xTaskDelayUntil                    
00005ab7  xTaskGenericNotify                 
00005bc5  xTaskGenericNotifyFromISR          
00005db5  xTaskGenericNotifyStateClear       
000059ed  xTaskGenericNotifyWait             
000056b3  xTaskGetCurrentTaskHandle          
00004e93  xTaskGetTickCount                  
00004ea9  xTaskGetTickCountFromISR           
00005005  xTaskIncrementTick                 
000057bb  xTaskPriorityDisinherit            
000056ed  xTaskPriorityInherit               
0000521d  xTaskRemoveFromEventList           
00004db1  xTaskResumeAll                     
00004ca1  xTaskResumeFromISR                 


GLOBAL SYMBOLS: SORTED BY Symbol Address 

address   name                               
-------   ----                               
00000000  __TI_static_base__                 
00000000  g_pfnVectors                       
00000400  __STACK_SIZE                       
00001997  f_mount                            
00001a19  f_open                             
00001cd5  f_read                             
00001f0b  f_write                            
000021a1  f_sync                             
00002267  f_close                            
0000229d  f_lseek                            
00002653  f_opendir                          
000026f7  f_closedir                         
00002719  f_readdir                          
00002791  f_findnext                         
000027cd  f_findfirst                        
00002807  f_stat                             
0000285b  f_getfree                          
00002995  f_truncate                         
00002aa3  f_unlink                           
00002b95  f_mkdir                            
00002ce7  f_rename                           
00002e5d  f_chmod                            
00002ef7  f_utime                            
00002f73  f_getlabel                         
0000307d  f_setlabel                         
00003259  f_expand                           
000033ff  f_forward                          
000037cf  f_mkfs                             
00003f99  f_gets                             
000040cd  f_putc                             
000040f5  f_puts                             
00004129  f_printf                           
0000450f  __aeabi_idiv0                      
0000450f  __aeabi_ldiv0                      
00004511  xTaskCreate                        
0000471f  vTaskDelete                        
000047cd  xTaskDelayUntil                    
0000485d  vTaskDelay                         
000048a1  eTaskGetState                      
00004969  uxTaskPriorityGet                  
00004991  uxTaskPriorityGetFromISR           
000049d9  vTaskPrioritySet                   
00004af1  vTaskSuspend                       
00004c23  vTaskResume                        
00004ca1  xTaskResumeFromISR                 
00004d39  vTaskStartScheduler                
00004d83  vTaskEndScheduler                  
00004d9f  vTaskSuspendAll                    
00004db1  xTaskResumeAll                     
00004e93  xTaskGetTickCount                  
00004ea9  xTaskGetTickCountFromISR           
00004ebd  uxTaskGetNumberOfTasks             
00004ec3  pcTaskGetName                      
00004eed  uxTaskGetSystemState               
00004fc5  xTaskCatchUpTicks                  
00005005  xTaskIncrementTick                 
00005121  vTaskSwitchContext                 
000051c3  vTaskPlaceOnEventList              
000051e5  vTaskPlaceOnUnorderedEventList     
0000521d  xTaskRemoveFromEventList           
0000529d  vTaskRemoveFromUnorderedEventList  
00005309  vTaskSetTimeOutState               
00005327  vTaskInternalSetTimeOutState       
00005351  xTaskCheckForTimeOut               
000053d9  vTaskMissedYield                   
000053e1  uxTaskGetTaskNumber                
00005401  vTaskSetTaskNumber                 
000054bd  vTaskGetInfo                       
0000564d  uxTaskGetStackHighWaterMark        
000056b3  xTaskGetCurrentTaskHandle          
000056ed  xTaskPriorityInherit               
000057bb  xTaskPriorityDisinherit            
00005845  vTaskPriorityDisinheritAfterTimeout
00005905  uxTaskResetEventItemValue          
00005927  pvTaskIncrementMutexHeldCount      
00005949  ulTaskGenericNotifyTake            
000059ed  xTaskGenericNotifyWait             
00005ab7  xTaskGenericNotify                 
00005bc5  xTaskGenericNotifyFromISR          
00005cf9  vTaskGenericNotifyGiveFromISR      
00005db5  xTaskGenericNotifyStateClear       
00005e09  ulTaskGenericNotifyValueClear      
00005f09  xQueueGenericReset                 
00005fa9  xQueueGenericCreate                
0000605d  xQueueCreateMutex                  
00006089  xQueueGiveMutexRecursive           
000060c5  xQueueTakeMutexRecursive           
00006109  xQueueGenericSend                  
00006237  xQueueGenericSendFromISR           
000062d9  xQueueGiveFromISR                  
0000636d  xQueueReceive                      
00006485  xQueueSemaphoreTake                
000065df  xQueuePeek                         
00006701  xQueueReceiveFromISR               
0000679b  xQueuePeekFromISR                  
000067ed  uxQueueMessagesWaiting             
00006803  uxQueueSpacesAvailable             
00006823  uxQueueMessagesWaitingFromISR      
00006839  vQueueDelete                       
0000684f  uxQueueGetQueueNumber              
0000685d  vQueueSetQueueNumber               
0000686f  ucQueueGetQueueType                
00006a6f  xQueueIsQueueEmptyFromISR          
00006ab5  xQueueIsQueueFullFromISR           
00006adb  vQueueAddToRegistry                
00006b1d  pcQueueGetName                     
00006b5d  vQueueUnregisterQueue              
00006e2d  disk_status                        
00006e4d  disk_initialize                    
00006fc1  disk_read                          
0000704d  disk_write                         
000070fd  disk_ioctl                         
00007211  vApplicationStackOverflowHook      
0000721b  main                               
000072ed  out_stream                         
00007377  PWM0Gen0IntHandler                 
000073ed  InitPWM                            
000074a1  InitDebug                          
000075c5  PlayMusic                          
00007729  UARTStdioConfig                    
0000776f  UARTwrite                          
000077bf  UARTgets                           
00007879  UARTgetc                           
000078a1  UARTvprintf                        
00007b9b  UARTprintf                         
00007bd1  pvPortMalloc                       
00007ce9  vPortFree                          
00007d47  xPortGetFreeHeapSize               
00007d4d  vPortInitialiseBlocks              
00007da9  GPIOPadConfigSet                   
00007f15  pxPortInitialiseStack              
00007f7f  xPortStartScheduler                
00007fb5  vPortEndScheduler                  
00007fb7  vPortEnterCritical                 
00007fd7  vPortExitCritical                  
00007fed  xPortSysTickHandler                
00008013  vPortSetupTimerInterrupt           
00008051  vListInitialise                    
00008081  vListInitialiseItem                
00008091  vListInsertEnd                     
000080cd  vListInsert                        
00008133  uxListRemove                       
0000817d  SysCtlClockGet                     
00008295  SysCtlClockSet                     
00008399  ulPortGetIPSR                      
000083b1  xPortPendSVHandler                 
00008411  vPortSVCHandler                    
00008431  vPortStartFirstTask                
00008455  vPortEnableVFP                     
00008465  DelayUs                            
00008483  DelayMs                            
000084a3  SPI_Init                           
000085e9  __aeabi_memcpy                     
000085e9  __aeabi_memcpy4                    
000085e9  __aeabi_memcpy8                    
000085e9  memcpy                             
00008685  __aeabi_memclr                     
00008685  __aeabi_memclr4                    
00008685  __aeabi_memclr8                    
00008687  __aeabi_memset                     
00008687  __aeabi_memset4                    
00008687  __aeabi_memset8                    
0000868d  memset                             
00008701  IntEnable                          
00008769  __TI_decompress_lzss               
000087d1  GPIOPinConfigure                   
0000881d  UARTConfigSetExpClk                
00008865  __TI_auto_init_nobinit_nopinit     
000088a9  __aeabi_uidiv                      
000088a9  __aeabi_uidivmod                   
000088e9  SSIConfigSetExpClk                 
00008925  SysCtlPeripheralPresent            
0000895d  IntRegister                        
00008991  SysCtlPeripheralEnable             
000089c5  _c_int00_noargs                    
000089f9  GPIODirModeSet                     
00008a25  IntPrioritySet                     
00008a49  memcmp                             
00008a6d  PWMGenConfigure                    
00008a91  UARTDisable                        
00008ab1  PWMPulseWidthSet                   
00008acf  GPIOPinTypeGPIOOutput              
00008ae9  PWMGenIntRegister                  
00008b01  GPIOPinTypePWM                     
00008b17  GPIOPinTypeSSI                     
00008b2d  GPIOPinTypeUART                    
00008b43  strchr                             
00008b59  SysCtlPWMClockSet                  
00008b6d  UARTEnable                         
00008b81  PWMOutputState                     
00008b93  SSIDataGetNonBlocking              
00008ba5  ResetISR                           
00008bb7  IntMasterEnable                    
00008bc7  PWMGenPeriodSet                    
00008bd7  __TI_decompress_none               
00008be5  CPUcpsie                           
00008bf1  PWMGenDisable                      
00008bfd  PWMGenEnable                       
00008c09  SSIDataGet                         
00008c15  __TI_zero_init                     
00008c21  PWMGenIntTrigEnable                
00008c2b  SSIDataPut                         
00008c35  SSIEnable                          
00008c3f  UARTCharGet                        
00008c49  UARTCharPut                        
00008c53  PWMIntEnable                       
00008c5b  GPIOPinWrite                       
00008c61  PWMGenIntClear                     
00008c67  SysCtlDelay                        
00008c6d  _system_pre_init                   
00008c71  C$$EXIT                            
00008c71  abort                              
00008f38  ulMaxSyscallInterruptPriority      
00008f3c  uxTopUsedPriority                  
00008f64  __TI_Handler_Table_Base            
00008f70  __TI_Handler_Table_Limit           
00008f80  __TI_CINIT_Base                    
00008f98  __TI_CINIT_Limit                   
20000000  __start___llvm_prf_cnts            
20000000  __stop___llvm_prf_cnts             
20000000  g_pfnRAMVectors                    
2000508c  FatFs                              
200052bc  Fil                                
200054e8  SoundArray                         
2000581c  xQueueRegistry                     
200058ec  BiSemap_PWM                        
200058f0  rx_32                              
200058f4  u32CountReadSoundArray             
200058f8  u32CountWriteSoundArray            
200058ff  audioState                         
20005900  __stack                            
20005b00  __STACK_TOP                        
20005d00  __STACK_END                        
20005d00  pxCurrentTCB                       
20005d34  pSA_Write                          
20005d38  pSA_Read                           
20005d3c  writeEnable                        
20005d3d  timeOutTimer0                      
20005d3e  totalSongs                         
ffffffff  __TI_pprof_out_hndl                
ffffffff  __TI_prof_data_size                
ffffffff  __TI_prof_data_start               
ffffffff  __binit__                          
ffffffff  __c_args__                         
ffffffff  binit                              
UNDEFED   __mpu_init                         
UNDEFED   _system_post_cinit                 

[247 symbols]
