<?xml version="1.0" encoding="ISO-8859-1" ?>
<link_info>
   <banner>TI ARM Linker PC v20.2.2.LTS</banner>
   <copyright>Copyright (c) 1996-2018 Texas Instruments Incorporated</copyright>
   <link_time>0x61010c79</link_time>
   <link_errors>0x0</link_errors>
   <output_file>StateMachine_TestQueue_MusicPlayer_FreeRTOS2.out</output_file>
   <entry_point>
      <name>_c_int00_noargs</name>
      <address>0x9299</address>
   </entry_point>
   <input_file_list>
      <input_file id="fl-2">
         <path>.\</path>
         <kind>object</kind>
         <file>tm4c123gh6pm_startup_ccs.obj</file>
         <name>tm4c123gh6pm_startup_ccs.obj</name>
      </input_file>
      <input_file id="fl-3">
         <path>.\Application\</path>
         <kind>object</kind>
         <file>Init.obj</file>
         <name>Init.obj</name>
      </input_file>
      <input_file id="fl-4">
         <path>.\Application\</path>
         <kind>object</kind>
         <file>SW_StateMachine.obj</file>
         <name>SW_StateMachine.obj</name>
      </input_file>
      <input_file id="fl-5">
         <path>.\Application\</path>
         <kind>object</kind>
         <file>main.obj</file>
         <name>main.obj</name>
      </input_file>
      <input_file id="fl-6">
         <path>.\Application\</path>
         <kind>object</kind>
         <file>uartstdio.obj</file>
         <name>uartstdio.obj</name>
      </input_file>
      <input_file id="fl-7">
         <path>.\FatFs_Control\</path>
         <kind>object</kind>
         <file>SPI_Control.obj</file>
         <name>SPI_Control.obj</name>
      </input_file>
      <input_file id="fl-8">
         <path>.\FatFs_Control\</path>
         <kind>object</kind>
         <file>ff.obj</file>
         <name>ff.obj</name>
      </input_file>
      <input_file id="fl-9">
         <path>.\FatFs_Control\</path>
         <kind>object</kind>
         <file>sdmm.obj</file>
         <name>sdmm.obj</name>
      </input_file>
      <input_file id="fl-a">
         <path>.\Source\</path>
         <kind>object</kind>
         <file>croutine.obj</file>
         <name>croutine.obj</name>
      </input_file>
      <input_file id="fl-b">
         <path>.\Source\</path>
         <kind>object</kind>
         <file>event_groups.obj</file>
         <name>event_groups.obj</name>
      </input_file>
      <input_file id="fl-c">
         <path>.\Source\</path>
         <kind>object</kind>
         <file>list.obj</file>
         <name>list.obj</name>
      </input_file>
      <input_file id="fl-d">
         <path>.\Source\</path>
         <kind>object</kind>
         <file>queue.obj</file>
         <name>queue.obj</name>
      </input_file>
      <input_file id="fl-e">
         <path>.\Source\</path>
         <kind>object</kind>
         <file>stream_buffer.obj</file>
         <name>stream_buffer.obj</name>
      </input_file>
      <input_file id="fl-f">
         <path>.\Source\</path>
         <kind>object</kind>
         <file>tasks.obj</file>
         <name>tasks.obj</name>
      </input_file>
      <input_file id="fl-10">
         <path>.\Source\</path>
         <kind>object</kind>
         <file>timers.obj</file>
         <name>timers.obj</name>
      </input_file>
      <input_file id="fl-11">
         <path>.\Source\portable\CCS\ARM_CM4F\</path>
         <kind>object</kind>
         <file>port.obj</file>
         <name>port.obj</name>
      </input_file>
      <input_file id="fl-12">
         <path>.\Source\portable\CCS\ARM_CM4F\</path>
         <kind>object</kind>
         <file>portasm.obj</file>
         <name>portasm.obj</name>
      </input_file>
      <input_file id="fl-13">
         <path>.\Source\portable\MemMang\</path>
         <kind>object</kind>
         <file>heap_2.obj</file>
         <name>heap_2.obj</name>
      </input_file>
      <input_file id="fl-18">
         <kind>object</kind>
         <file>&lt;internal&gt;</file>
         <name>&lt;internal&gt;</name>
      </input_file>
      <input_file id="fl-19">
         <path>C:\ti\TivaWare_C_Series-2.2.0.295\driverlib\ccs\Debug\</path>
         <kind>archive</kind>
         <file>driverlib.lib</file>
         <name>gpio.obj</name>
      </input_file>
      <input_file id="fl-1a">
         <path>C:\ti\TivaWare_C_Series-2.2.0.295\driverlib\ccs\Debug\</path>
         <kind>archive</kind>
         <file>driverlib.lib</file>
         <name>interrupt.obj</name>
      </input_file>
      <input_file id="fl-1b">
         <path>C:\ti\TivaWare_C_Series-2.2.0.295\driverlib\ccs\Debug\</path>
         <kind>archive</kind>
         <file>driverlib.lib</file>
         <name>pwm.obj</name>
      </input_file>
      <input_file id="fl-1c">
         <path>C:\ti\TivaWare_C_Series-2.2.0.295\driverlib\ccs\Debug\</path>
         <kind>archive</kind>
         <file>driverlib.lib</file>
         <name>ssi.obj</name>
      </input_file>
      <input_file id="fl-1d">
         <path>C:\ti\TivaWare_C_Series-2.2.0.295\driverlib\ccs\Debug\</path>
         <kind>archive</kind>
         <file>driverlib.lib</file>
         <name>sysctl.obj</name>
      </input_file>
      <input_file id="fl-1e">
         <path>C:\ti\TivaWare_C_Series-2.2.0.295\driverlib\ccs\Debug\</path>
         <kind>archive</kind>
         <file>driverlib.lib</file>
         <name>timer.obj</name>
      </input_file>
      <input_file id="fl-1f">
         <path>C:\ti\TivaWare_C_Series-2.2.0.295\driverlib\ccs\Debug\</path>
         <kind>archive</kind>
         <file>driverlib.lib</file>
         <name>uart.obj</name>
      </input_file>
      <input_file id="fl-20">
         <path>C:\ti\TivaWare_C_Series-2.2.0.295\driverlib\ccs\Debug\</path>
         <kind>archive</kind>
         <file>driverlib.lib</file>
         <name>cpu.obj</name>
      </input_file>
      <input_file id="fl-d6">
         <path>C:\ti\ccs1020\ccs\tools\compiler\ti-cgt-arm_20.2.2.LTS\lib\</path>
         <kind>archive</kind>
         <file>rtsv7M4_T_le_v4SPD16_eabi.lib</file>
         <name>memcpy_t2.asm.obj</name>
      </input_file>
      <input_file id="fl-d7">
         <path>C:\ti\ccs1020\ccs\tools\compiler\ti-cgt-arm_20.2.2.LTS\lib\</path>
         <kind>archive</kind>
         <file>rtsv7M4_T_le_v4SPD16_eabi.lib</file>
         <name>memset_t2.asm.obj</name>
      </input_file>
      <input_file id="fl-d8">
         <path>C:\ti\ccs1020\ccs\tools\compiler\ti-cgt-arm_20.2.2.LTS\lib\</path>
         <kind>archive</kind>
         <file>rtsv7M4_T_le_v4SPD16_eabi.lib</file>
         <name>u_divt2.asm.obj</name>
      </input_file>
      <input_file id="fl-d9">
         <path>C:\ti\ccs1020\ccs\tools\compiler\ti-cgt-arm_20.2.2.LTS\lib\</path>
         <kind>archive</kind>
         <file>rtsv7M4_T_le_v4SPD16_eabi.lib</file>
         <name>copy_zero_init.c.obj</name>
      </input_file>
      <input_file id="fl-da">
         <path>C:\ti\ccs1020\ccs\tools\compiler\ti-cgt-arm_20.2.2.LTS\lib\</path>
         <kind>archive</kind>
         <file>rtsv7M4_T_le_v4SPD16_eabi.lib</file>
         <name>copy_decompress_none.c.obj</name>
      </input_file>
      <input_file id="fl-db">
         <path>C:\ti\ccs1020\ccs\tools\compiler\ti-cgt-arm_20.2.2.LTS\lib\</path>
         <kind>archive</kind>
         <file>rtsv7M4_T_le_v4SPD16_eabi.lib</file>
         <name>copy_decompress_lzss.c.obj</name>
      </input_file>
      <input_file id="fl-dc">
         <path>C:\ti\ccs1020\ccs\tools\compiler\ti-cgt-arm_20.2.2.LTS\lib\</path>
         <kind>archive</kind>
         <file>rtsv7M4_T_le_v4SPD16_eabi.lib</file>
         <name>memcmp.c.obj</name>
      </input_file>
      <input_file id="fl-dd">
         <path>C:\ti\ccs1020\ccs\tools\compiler\ti-cgt-arm_20.2.2.LTS\lib\</path>
         <kind>archive</kind>
         <file>rtsv7M4_T_le_v4SPD16_eabi.lib</file>
         <name>strchr.c.obj</name>
      </input_file>
      <input_file id="fl-de">
         <path>C:\ti\ccs1020\ccs\tools\compiler\ti-cgt-arm_20.2.2.LTS\lib\</path>
         <kind>archive</kind>
         <file>rtsv7M4_T_le_v4SPD16_eabi.lib</file>
         <name>boot_cortex_m.c.obj</name>
      </input_file>
      <input_file id="fl-df">
         <path>C:\ti\ccs1020\ccs\tools\compiler\ti-cgt-arm_20.2.2.LTS\lib\</path>
         <kind>archive</kind>
         <file>rtsv7M4_T_le_v4SPD16_eabi.lib</file>
         <name>div0.asm.obj</name>
      </input_file>
      <input_file id="fl-e0">
         <path>C:\ti\ccs1020\ccs\tools\compiler\ti-cgt-arm_20.2.2.LTS\lib\</path>
         <kind>archive</kind>
         <file>rtsv7M4_T_le_v4SPD16_eabi.lib</file>
         <name>autoinit.c.obj</name>
      </input_file>
      <input_file id="fl-e1">
         <path>C:\ti\ccs1020\ccs\tools\compiler\ti-cgt-arm_20.2.2.LTS\lib\</path>
         <kind>archive</kind>
         <file>rtsv7M4_T_le_v4SPD16_eabi.lib</file>
         <name>pre_init.c.obj</name>
      </input_file>
      <input_file id="fl-e2">
         <path>C:\ti\ccs1020\ccs\tools\compiler\ti-cgt-arm_20.2.2.LTS\lib\</path>
         <kind>archive</kind>
         <file>rtsv7M4_T_le_v4SPD16_eabi.lib</file>
         <name>cpy_tbl.c.obj</name>
      </input_file>
      <input_file id="fl-e3">
         <path>C:\ti\ccs1020\ccs\tools\compiler\ti-cgt-arm_20.2.2.LTS\lib\</path>
         <kind>archive</kind>
         <file>rtsv7M4_T_le_v4SPD16_eabi.lib</file>
         <name>exit.c.obj</name>
      </input_file>
      <input_file id="fl-e4">
         <path>C:\ti\ccs1020\ccs\tools\compiler\ti-cgt-arm_20.2.2.LTS\lib\</path>
         <kind>archive</kind>
         <file>rtsv7M4_T_le_v4SPD16_eabi.lib</file>
         <name>_lock.c.obj</name>
      </input_file>
      <input_file id="fl-e5">
         <path>C:\ti\ccs1020\ccs\tools\compiler\ti-cgt-arm_20.2.2.LTS\lib\</path>
         <kind>archive</kind>
         <file>rtsv7M4_T_le_v4SPD16_eabi.lib</file>
         <name>args_main.c.obj</name>
      </input_file>
   </input_file_list>
   <object_component_list>
      <object_component id="oc-12">
         <name>.intvecs</name>
         <load_address>0x0</load_address>
         <run_address>0x0</run_address>
         <size>0x26c</size>
         <input_file_ref idref="fl-2"/>
      </object_component>
      <object_component id="oc-c3">
         <name>.text</name>
         <load_address>0x26c</load_address>
         <run_address>0x26c</run_address>
         <size>0x42a2</size>
         <input_file_ref idref="fl-8"/>
      </object_component>
      <object_component id="oc-3d1">
         <name>.text</name>
         <load_address>0x450e</load_address>
         <run_address>0x450e</run_address>
         <size>0x2</size>
         <input_file_ref idref="fl-df"/>
      </object_component>
      <object_component id="oc-85">
         <name>.text</name>
         <load_address>0x4510</load_address>
         <run_address>0x4510</run_address>
         <size>0x19f8</size>
         <input_file_ref idref="fl-f"/>
      </object_component>
      <object_component id="oc-b3">
         <name>.text</name>
         <load_address>0x5f08</load_address>
         <run_address>0x5f08</run_address>
         <size>0xca0</size>
         <input_file_ref idref="fl-d"/>
      </object_component>
      <object_component id="oc-38">
         <name>.text</name>
         <load_address>0x6ba8</load_address>
         <run_address>0x6ba8</run_address>
         <size>0x6a4</size>
         <input_file_ref idref="fl-5"/>
      </object_component>
      <object_component id="oc-290">
         <name>.text</name>
         <load_address>0x724c</load_address>
         <run_address>0x724c</run_address>
         <size>0x668</size>
         <input_file_ref idref="fl-9"/>
      </object_component>
      <object_component id="oc-b9">
         <name>.text</name>
         <load_address>0x78b4</load_address>
         <run_address>0x78b4</run_address>
         <size>0x4a8</size>
         <input_file_ref idref="fl-6"/>
      </object_component>
      <object_component id="oc-d1">
         <name>.text</name>
         <load_address>0x7d5c</load_address>
         <run_address>0x7d5c</run_address>
         <size>0x3d4</size>
         <input_file_ref idref="fl-4"/>
      </object_component>
      <object_component id="oc-ad">
         <name>.text</name>
         <load_address>0x8130</load_address>
         <run_address>0x8130</run_address>
         <size>0x270</size>
         <input_file_ref idref="fl-3"/>
      </object_component>
      <object_component id="oc-16b">
         <name>.text</name>
         <load_address>0x83a0</load_address>
         <run_address>0x83a0</run_address>
         <size>0x1d8</size>
         <input_file_ref idref="fl-13"/>
      </object_component>
      <object_component id="oc-1ab">
         <name>.text:GPIOPadConfigSet</name>
         <load_address>0x8578</load_address>
         <run_address>0x8578</run_address>
         <size>0x16c</size>
         <input_file_ref idref="fl-19"/>
      </object_component>
      <object_component id="oc-32">
         <name>.text</name>
         <load_address>0x86e4</load_address>
         <run_address>0x86e4</run_address>
         <size>0x13c</size>
         <input_file_ref idref="fl-11"/>
      </object_component>
      <object_component id="oc-171">
         <name>.text</name>
         <load_address>0x8820</load_address>
         <run_address>0x8820</run_address>
         <size>0x12a</size>
         <input_file_ref idref="fl-c"/>
      </object_component>
      <object_component id="oc-c9">
         <name>.text:SysCtlClockGet</name>
         <load_address>0x894c</load_address>
         <run_address>0x894c</run_address>
         <size>0x118</size>
         <input_file_ref idref="fl-1d"/>
      </object_component>
      <object_component id="oc-9b">
         <name>.text:SysCtlClockSet</name>
         <load_address>0x8a64</load_address>
         <run_address>0x8a64</run_address>
         <size>0xf4</size>
         <input_file_ref idref="fl-1d"/>
      </object_component>
      <object_component id="oc-2d">
         <name>.text</name>
         <load_address>0x8b58</load_address>
         <run_address>0x8b58</run_address>
         <size>0xda</size>
         <input_file_ref idref="fl-12"/>
      </object_component>
      <object_component id="oc-3dc">
         <name>.text</name>
         <load_address>0x8c34</load_address>
         <run_address>0x8c34</run_address>
         <size>0xd4</size>
         <input_file_ref idref="fl-7"/>
      </object_component>
      <object_component id="oc-3a2">
         <name>.text:_PWMGenIntNumberGet</name>
         <load_address>0x8d08</load_address>
         <run_address>0x8d08</run_address>
         <size>0xb0</size>
         <input_file_ref idref="fl-1b"/>
      </object_component>
      <object_component id="oc-4c">
         <name>.text</name>
         <load_address>0x8db8</load_address>
         <run_address>0x8db8</run_address>
         <size>0x9c</size>
         <input_file_ref idref="fl-d6"/>
      </object_component>
      <object_component id="oc-149">
         <name>.text</name>
         <load_address>0x8e54</load_address>
         <run_address>0x8e54</run_address>
         <size>0x7a</size>
         <input_file_ref idref="fl-d7"/>
      </object_component>
      <object_component id="oc-1d7">
         <name>.text:IntEnable</name>
         <load_address>0x8ed0</load_address>
         <run_address>0x8ed0</run_address>
         <size>0x68</size>
         <input_file_ref idref="fl-1a"/>
      </object_component>
      <object_component id="oc-15">
         <name>.text:decompress:lzss:__TI_decompress_lzss</name>
         <load_address>0x8f38</load_address>
         <run_address>0x8f38</run_address>
         <size>0x68</size>
         <input_file_ref idref="fl-db"/>
      </object_component>
      <object_component id="oc-213">
         <name>.text:TimerConfigure</name>
         <load_address>0x8fa0</load_address>
         <run_address>0x8fa0</run_address>
         <size>0x60</size>
         <input_file_ref idref="fl-1e"/>
      </object_component>
      <object_component id="oc-1c5">
         <name>.text:GPIOIntTypeSet</name>
         <load_address>0x9000</load_address>
         <run_address>0x9000</run_address>
         <size>0x58</size>
         <input_file_ref idref="fl-19"/>
      </object_component>
      <object_component id="oc-1e3">
         <name>.text:GPIOPinConfigure</name>
         <load_address>0x9058</load_address>
         <run_address>0x9058</run_address>
         <size>0x4c</size>
         <input_file_ref idref="fl-19"/>
      </object_component>
      <object_component id="oc-3ab">
         <name>.text:_TimerIntNumberGet</name>
         <load_address>0x90a4</load_address>
         <run_address>0x90a4</run_address>
         <size>0x4c</size>
         <input_file_ref idref="fl-1e"/>
      </object_component>
      <object_component id="oc-24f">
         <name>.text:UARTConfigSetExpClk</name>
         <load_address>0x90f0</load_address>
         <run_address>0x90f0</run_address>
         <size>0x46</size>
         <input_file_ref idref="fl-1f"/>
      </object_component>
      <object_component id="oc-30b">
         <name>.text:__TI_auto_init_nobinit_nopinit:__TI_auto_init_nobinit_nopinit</name>
         <load_address>0x9138</load_address>
         <run_address>0x9138</run_address>
         <size>0x44</size>
         <input_file_ref idref="fl-e0"/>
      </object_component>
      <object_component id="oc-270">
         <name>.text</name>
         <load_address>0x917c</load_address>
         <run_address>0x917c</run_address>
         <size>0x40</size>
         <input_file_ref idref="fl-d8"/>
      </object_component>
      <object_component id="oc-46d">
         <name>.text:SSIConfigSetExpClk</name>
         <load_address>0x91bc</load_address>
         <run_address>0x91bc</run_address>
         <size>0x3c</size>
         <input_file_ref idref="fl-1c"/>
      </object_component>
      <object_component id="oc-249">
         <name>.text:SysCtlPeripheralPresent</name>
         <load_address>0x91f8</load_address>
         <run_address>0x91f8</run_address>
         <size>0x38</size>
         <input_file_ref idref="fl-1d"/>
      </object_component>
      <object_component id="oc-1d1">
         <name>.text:IntRegister</name>
         <load_address>0x9230</load_address>
         <run_address>0x9230</run_address>
         <size>0x34</size>
         <input_file_ref idref="fl-1a"/>
      </object_component>
      <object_component id="oc-a1">
         <name>.text:SysCtlPeripheralEnable</name>
         <load_address>0x9264</load_address>
         <run_address>0x9264</run_address>
         <size>0x34</size>
         <input_file_ref idref="fl-1d"/>
      </object_component>
      <object_component id="oc-6a">
         <name>.text:_c_int00_noargs:_c_int00_noargs</name>
         <load_address>0x9298</load_address>
         <run_address>0x9298</run_address>
         <size>0x34</size>
         <input_file_ref idref="fl-de"/>
      </object_component>
      <object_component id="oc-1b1">
         <name>.text:GPIODirModeSet</name>
         <load_address>0x92cc</load_address>
         <run_address>0x92cc</run_address>
         <size>0x2c</size>
         <input_file_ref idref="fl-19"/>
      </object_component>
      <object_component id="oc-1cb">
         <name>.text:IntPrioritySet</name>
         <load_address>0x92f8</load_address>
         <run_address>0x92f8</run_address>
         <size>0x24</size>
         <input_file_ref idref="fl-1a"/>
      </object_component>
      <object_component id="oc-296">
         <name>.text:memcmp</name>
         <load_address>0x931c</load_address>
         <run_address>0x931c</run_address>
         <size>0x24</size>
         <input_file_ref idref="fl-dc"/>
      </object_component>
      <object_component id="oc-1ef">
         <name>.text:PWMGenConfigure</name>
         <load_address>0x9340</load_address>
         <run_address>0x9340</run_address>
         <size>0x22</size>
         <input_file_ref idref="fl-1b"/>
      </object_component>
      <object_component id="oc-3c0">
         <name>.text:UARTDisable</name>
         <load_address>0x9364</load_address>
         <run_address>0x9364</run_address>
         <size>0x20</size>
         <input_file_ref idref="fl-1f"/>
      </object_component>
      <object_component id="oc-e7">
         <name>.text:PWMPulseWidthSet</name>
         <load_address>0x9384</load_address>
         <run_address>0x9384</run_address>
         <size>0x1e</size>
         <input_file_ref idref="fl-1b"/>
      </object_component>
      <object_component id="oc-a7">
         <name>.text:GPIOPinTypeGPIOOutput</name>
         <load_address>0x93a2</load_address>
         <run_address>0x93a2</run_address>
         <size>0x1a</size>
         <input_file_ref idref="fl-19"/>
      </object_component>
      <object_component id="oc-20d">
         <name>.text:PWMGenIntRegister</name>
         <load_address>0x93bc</load_address>
         <run_address>0x93bc</run_address>
         <size>0x18</size>
         <input_file_ref idref="fl-1b"/>
      </object_component>
      <object_component id="oc-21f">
         <name>.text:TimerIntRegister</name>
         <load_address>0x93d4</load_address>
         <run_address>0x93d4</run_address>
         <size>0x18</size>
         <input_file_ref idref="fl-1e"/>
      </object_component>
      <object_component id="oc-1b9">
         <name>.text:GPIOPinTypeGPIOInput</name>
         <load_address>0x93ec</load_address>
         <run_address>0x93ec</run_address>
         <size>0x16</size>
         <input_file_ref idref="fl-19"/>
      </object_component>
      <object_component id="oc-1e9">
         <name>.text:GPIOPinTypePWM</name>
         <load_address>0x9402</load_address>
         <run_address>0x9402</run_address>
         <size>0x16</size>
         <input_file_ref idref="fl-19"/>
      </object_component>
      <object_component id="oc-467">
         <name>.text:GPIOPinTypeSSI</name>
         <load_address>0x9418</load_address>
         <run_address>0x9418</run_address>
         <size>0x16</size>
         <input_file_ref idref="fl-19"/>
      </object_component>
      <object_component id="oc-231">
         <name>.text:GPIOPinTypeUART</name>
         <load_address>0x942e</load_address>
         <run_address>0x942e</run_address>
         <size>0x16</size>
         <input_file_ref idref="fl-19"/>
      </object_component>
      <object_component id="oc-29c">
         <name>.text:strchr</name>
         <load_address>0x9444</load_address>
         <run_address>0x9444</run_address>
         <size>0x16</size>
         <input_file_ref idref="fl-dd"/>
      </object_component>
      <object_component id="oc-1dd">
         <name>.text:SysCtlPWMClockSet</name>
         <load_address>0x945c</load_address>
         <run_address>0x945c</run_address>
         <size>0x14</size>
         <input_file_ref idref="fl-1d"/>
      </object_component>
      <object_component id="oc-255">
         <name>.text:UARTEnable</name>
         <load_address>0x9470</load_address>
         <run_address>0x9470</run_address>
         <size>0x14</size>
         <input_file_ref idref="fl-1f"/>
      </object_component>
      <object_component id="oc-207">
         <name>.text:PWMOutputState</name>
         <load_address>0x9484</load_address>
         <run_address>0x9484</run_address>
         <size>0x12</size>
         <input_file_ref idref="fl-1b"/>
      </object_component>
      <object_component id="oc-479">
         <name>.text:SSIDataGetNonBlocking</name>
         <load_address>0x9496</load_address>
         <run_address>0x9496</run_address>
         <size>0x12</size>
         <input_file_ref idref="fl-1c"/>
      </object_component>
      <object_component id="oc-219">
         <name>.text:TimerLoadSet</name>
         <load_address>0x94a8</load_address>
         <run_address>0x94a8</run_address>
         <size>0x12</size>
         <input_file_ref idref="fl-1e"/>
      </object_component>
      <object_component id="oc-27">
         <name>.text</name>
         <load_address>0x94ba</load_address>
         <run_address>0x94ba</run_address>
         <size>0x12</size>
         <input_file_ref idref="fl-2"/>
      </object_component>
      <object_component id="oc-ed">
         <name>.text:IntMasterDisable</name>
         <load_address>0x94cc</load_address>
         <run_address>0x94cc</run_address>
         <size>0x10</size>
         <input_file_ref idref="fl-1a"/>
      </object_component>
      <object_component id="oc-105">
         <name>.text:IntMasterEnable</name>
         <load_address>0x94dc</load_address>
         <run_address>0x94dc</run_address>
         <size>0x10</size>
         <input_file_ref idref="fl-1a"/>
      </object_component>
      <object_component id="oc-1f5">
         <name>.text:PWMGenPeriodSet</name>
         <load_address>0x94ec</load_address>
         <run_address>0x94ec</run_address>
         <size>0x10</size>
         <input_file_ref idref="fl-1b"/>
      </object_component>
      <object_component id="oc-f3">
         <name>.text:GPIOIntStatus</name>
         <load_address>0x94fc</load_address>
         <run_address>0x94fc</run_address>
         <size>0xe</size>
         <input_file_ref idref="fl-19"/>
      </object_component>
      <object_component id="oc-22b">
         <name>.text:TimerEnable</name>
         <load_address>0x950a</load_address>
         <run_address>0x950a</run_address>
         <size>0xe</size>
         <input_file_ref idref="fl-1e"/>
      </object_component>
      <object_component id="oc-1b">
         <name>.text:decompress:none:__TI_decompress_none</name>
         <load_address>0x9518</load_address>
         <run_address>0x9518</run_address>
         <size>0xe</size>
         <input_file_ref idref="fl-da"/>
      </object_component>
      <object_component id="oc-2d5">
         <name>.text:CPUcpsid</name>
         <load_address>0x9526</load_address>
         <run_address>0x9526</run_address>
         <size>0xc</size>
         <input_file_ref idref="fl-20"/>
      </object_component>
      <object_component id="oc-2df">
         <name>.text:CPUcpsie</name>
         <load_address>0x9532</load_address>
         <run_address>0x9532</run_address>
         <size>0xc</size>
         <input_file_ref idref="fl-20"/>
      </object_component>
      <object_component id="oc-1bf">
         <name>.text:GPIOIntEnable</name>
         <load_address>0x953e</load_address>
         <run_address>0x953e</run_address>
         <size>0xc</size>
         <input_file_ref idref="fl-19"/>
      </object_component>
      <object_component id="oc-2c5">
         <name>.text:PWMGenDisable</name>
         <load_address>0x954a</load_address>
         <run_address>0x954a</run_address>
         <size>0xc</size>
         <input_file_ref idref="fl-1b"/>
      </object_component>
      <object_component id="oc-2bf">
         <name>.text:PWMGenEnable</name>
         <load_address>0x9556</load_address>
         <run_address>0x9556</run_address>
         <size>0xc</size>
         <input_file_ref idref="fl-1b"/>
      </object_component>
      <object_component id="oc-3e8">
         <name>.text:SSIDataGet</name>
         <load_address>0x9562</load_address>
         <run_address>0x9562</run_address>
         <size>0xc</size>
         <input_file_ref idref="fl-1c"/>
      </object_component>
      <object_component id="oc-5e">
         <name>.text:decompress:ZI:__TI_zero_init</name>
         <load_address>0x956e</load_address>
         <run_address>0x956e</run_address>
         <size>0xc</size>
         <input_file_ref idref="fl-d9"/>
      </object_component>
      <object_component id="oc-201">
         <name>.text:PWMGenIntTrigEnable</name>
         <load_address>0x957a</load_address>
         <run_address>0x957a</run_address>
         <size>0xa</size>
         <input_file_ref idref="fl-1b"/>
      </object_component>
      <object_component id="oc-3e2">
         <name>.text:SSIDataPut</name>
         <load_address>0x9584</load_address>
         <run_address>0x9584</run_address>
         <size>0xa</size>
         <input_file_ref idref="fl-1c"/>
      </object_component>
      <object_component id="oc-473">
         <name>.text:SSIEnable</name>
         <load_address>0x958e</load_address>
         <run_address>0x958e</run_address>
         <size>0xa</size>
         <input_file_ref idref="fl-1c"/>
      </object_component>
      <object_component id="oc-261">
         <name>.text:UARTCharGet</name>
         <load_address>0x9598</load_address>
         <run_address>0x9598</run_address>
         <size>0xa</size>
         <input_file_ref idref="fl-1f"/>
      </object_component>
      <object_component id="oc-25b">
         <name>.text:UARTCharPut</name>
         <load_address>0x95a2</load_address>
         <run_address>0x95a2</run_address>
         <size>0xa</size>
         <input_file_ref idref="fl-1f"/>
      </object_component>
      <object_component id="oc-1fb">
         <name>.text:PWMIntEnable</name>
         <load_address>0x95ac</load_address>
         <run_address>0x95ac</run_address>
         <size>0x8</size>
         <input_file_ref idref="fl-1b"/>
      </object_component>
      <object_component id="oc-225">
         <name>.text:TimerIntEnable</name>
         <load_address>0x95b4</load_address>
         <run_address>0x95b4</run_address>
         <size>0x8</size>
         <input_file_ref idref="fl-1e"/>
      </object_component>
      <object_component id="oc-ff">
         <name>.text:GPIOIntClear</name>
         <load_address>0x95bc</load_address>
         <run_address>0x95bc</run_address>
         <size>0x6</size>
         <input_file_ref idref="fl-19"/>
      </object_component>
      <object_component id="oc-f9">
         <name>.text:GPIOPinRead</name>
         <load_address>0x95c2</load_address>
         <run_address>0x95c2</run_address>
         <size>0x6</size>
         <input_file_ref idref="fl-19"/>
      </object_component>
      <object_component id="oc-3ee">
         <name>.text:GPIOPinWrite</name>
         <load_address>0x95c8</load_address>
         <run_address>0x95c8</run_address>
         <size>0x6</size>
         <input_file_ref idref="fl-19"/>
      </object_component>
      <object_component id="oc-e1">
         <name>.text:PWMGenIntClear</name>
         <load_address>0x95ce</load_address>
         <run_address>0x95ce</run_address>
         <size>0x6</size>
         <input_file_ref idref="fl-1b"/>
      </object_component>
      <object_component id="oc-cf">
         <name>.text:SysCtlDelay</name>
         <load_address>0x95d4</load_address>
         <run_address>0x95d4</run_address>
         <size>0x6</size>
         <input_file_ref idref="fl-1d"/>
      </object_component>
      <object_component id="oc-10c">
         <name>.text:TimerIntClear</name>
         <load_address>0x95da</load_address>
         <run_address>0x95da</run_address>
         <size>0x4</size>
         <input_file_ref idref="fl-1e"/>
      </object_component>
      <object_component id="oc-14f">
         <name>.text:_system_pre_init</name>
         <load_address>0x95de</load_address>
         <run_address>0x95de</run_address>
         <size>0x4</size>
         <input_file_ref idref="fl-e1"/>
      </object_component>
      <object_component id="oc-2ff">
         <name>.text:abort:abort</name>
         <load_address>0x95e2</load_address>
         <run_address>0x95e2</run_address>
         <size>0x4</size>
         <input_file_ref idref="fl-e3"/>
      </object_component>
      <object_component id="oc-38a">
         <name>.const:g_pui32Regs</name>
         <load_address>0x95e8</load_address>
         <run_address>0x95e8</run_address>
         <size>0x9c</size>
         <input_file_ref idref="fl-1a"/>
      </object_component>
      <object_component id="oc-398">
         <name>.const:g_pui32GPIOBaseAddrs</name>
         <load_address>0x9684</load_address>
         <run_address>0x9684</run_address>
         <size>0x90</size>
         <input_file_ref idref="fl-19"/>
      </object_component>
      <object_component id="oc-2a2">
         <name>.const:.string:ExCvt</name>
         <load_address>0x9714</load_address>
         <run_address>0x9714</run_address>
         <size>0x80</size>
         <input_file_ref idref="fl-8"/>
      </object_component>
      <object_component id="oc-2bb">
         <name>.const:g_pui32Xtals</name>
         <load_address>0x9794</load_address>
         <run_address>0x9794</run_address>
         <size>0x6c</size>
         <input_file_ref idref="fl-1d"/>
      </object_component>
      <object_component id="oc-450">
         <name>.const:g_ppui32TimerIntMap</name>
         <load_address>0x9800</load_address>
         <run_address>0x9800</run_address>
         <size>0x60</size>
         <input_file_ref idref="fl-1e"/>
      </object_component>
      <object_component id="oc-453">
         <name>.const:g_ppui32TimerIntMapSnowflake</name>
         <load_address>0x9860</load_address>
         <run_address>0x9860</run_address>
         <size>0x40</size>
         <input_file_ref idref="fl-1e"/>
      </object_component>
      <object_component id="oc-393">
         <name>.const:g_pui32EnRegs</name>
         <load_address>0x98a0</load_address>
         <run_address>0x98a0</run_address>
         <size>0x14</size>
         <input_file_ref idref="fl-1a"/>
      </object_component>
      <object_component id="oc-2ce">
         <name>.const:.string:$P$T0$1</name>
         <load_address>0x98b4</load_address>
         <run_address>0x98b4</run_address>
         <size>0x13</size>
         <input_file_ref idref="fl-4"/>
      </object_component>
      <object_component id="oc-2ab">
         <name>.const:.string:badchr$1</name>
         <load_address>0x98c7</load_address>
         <run_address>0x98c7</run_address>
         <size>0x12</size>
         <input_file_ref idref="fl-8"/>
      </object_component>
      <object_component id="oc-3d7">
         <name>.const:.string</name>
         <load_address>0x98dc</load_address>
         <run_address>0x98dc</run_address>
         <size>0x12</size>
         <input_file_ref idref="fl-6"/>
      </object_component>
      <object_component id="oc-2ac">
         <name>.const:defopt$4</name>
         <load_address>0x98f0</load_address>
         <run_address>0x98f0</run_address>
         <size>0x10</size>
         <input_file_ref idref="fl-8"/>
      </object_component>
      <object_component id="oc-2ae">
         <name>.const:cst$2</name>
         <load_address>0x9900</load_address>
         <run_address>0x9900</run_address>
         <size>0xe</size>
         <input_file_ref idref="fl-8"/>
      </object_component>
      <object_component id="oc-2ad">
         <name>.const:cst32$3</name>
         <load_address>0x990e</load_address>
         <run_address>0x990e</run_address>
         <size>0xe</size>
         <input_file_ref idref="fl-8"/>
      </object_component>
      <object_component id="oc-117">
         <name>.const:.string:$P$T4$5</name>
         <load_address>0x991c</load_address>
         <run_address>0x991c</run_address>
         <size>0xc</size>
         <input_file_ref idref="fl-5"/>
      </object_component>
      <object_component id="oc-26d">
         <name>.const:g_ui32UARTBase</name>
         <load_address>0x9928</load_address>
         <run_address>0x9928</run_address>
         <size>0xc</size>
         <input_file_ref idref="fl-6"/>
      </object_component>
      <object_component id="oc-267">
         <name>.const:g_ui32UARTPeriph</name>
         <load_address>0x9934</load_address>
         <run_address>0x9934</run_address>
         <size>0xc</size>
         <input_file_ref idref="fl-6"/>
      </object_component>
      <object_component id="oc-10b">
         <name>.const:.string:$P$T2$3</name>
         <load_address>0x9940</load_address>
         <run_address>0x9940</run_address>
         <size>0xb</size>
         <input_file_ref idref="fl-5"/>
      </object_component>
      <object_component id="oc-238">
         <name>.const:.string:$P$T1$2</name>
         <load_address>0x994b</load_address>
         <run_address>0x994b</run_address>
         <size>0xa</size>
         <input_file_ref idref="fl-3"/>
      </object_component>
      <object_component id="oc-dc">
         <name>.const:.string:$P$T1$2</name>
         <load_address>0x9955</load_address>
         <run_address>0x9955</run_address>
         <size>0xa</size>
         <input_file_ref idref="fl-5"/>
      </object_component>
      <object_component id="oc-113">
         <name>.const:.string:$P$T3$4</name>
         <load_address>0x995f</load_address>
         <run_address>0x995f</run_address>
         <size>0xa</size>
         <input_file_ref idref="fl-5"/>
      </object_component>
      <object_component id="oc-237">
         <name>.const:.string:$P$T0$1</name>
         <load_address>0x9969</load_address>
         <run_address>0x9969</run_address>
         <size>0x8</size>
         <input_file_ref idref="fl-3"/>
      </object_component>
      <object_component id="oc-d7">
         <name>.const:.string:$P$T0$1</name>
         <load_address>0x9971</load_address>
         <run_address>0x9971</run_address>
         <size>0x5</size>
         <input_file_ref idref="fl-5"/>
      </object_component>
      <object_component id="oc-82">
         <name>.const</name>
         <load_address>0x9978</load_address>
         <run_address>0x9978</run_address>
         <size>0x4</size>
         <input_file_ref idref="fl-11"/>
      </object_component>
      <object_component id="oc-186">
         <name>.const</name>
         <load_address>0x997c</load_address>
         <run_address>0x997c</run_address>
         <size>0x4</size>
         <input_file_ref idref="fl-f"/>
      </object_component>
      <object_component id="oc-275">
         <name>.const</name>
         <load_address>0x9980</load_address>
         <run_address>0x9980</run_address>
         <size>0x4</size>
         <input_file_ref idref="fl-6"/>
      </object_component>
      <object_component id="oc-4f4">
         <name>.cinit..data.load</name>
         <load_address>0x9988</load_address>
         <run_address>0x9988</run_address>
         <size>0x13</size>
      </object_component>
      <object_component id="oc-4f1">
         <name>__TI_handler_table</name>
         <load_address>0x999c</load_address>
         <run_address>0x999c</run_address>
         <size>0xc</size>
      </object_component>
      <object_component id="oc-4f5">
         <name>.cinit..bss.load</name>
         <load_address>0x99a8</load_address>
         <run_address>0x99a8</run_address>
         <size>0x8</size>
      </object_component>
      <object_component id="oc-4f3">
         <name>.cinit..vtable.load</name>
         <load_address>0x99b0</load_address>
         <run_address>0x99b0</run_address>
         <size>0x8</size>
      </object_component>
      <object_component id="oc-4f2">
         <name>__TI_cinit_table</name>
         <load_address>0x99b8</load_address>
         <run_address>0x99b8</run_address>
         <size>0x18</size>
      </object_component>
      <object_component id="oc-38f">
         <name>.vtable</name>
         <uninitialized>true</uninitialized>
         <run_address>0x20000000</run_address>
         <size>0x26c</size>
         <input_file_ref idref="fl-1a"/>
      </object_component>
      <object_component id="oc-dd">
         <name>.data</name>
         <load_address>0x20005e21</load_address>
         <run_address>0x20005e21</run_address>
         <size>0x2</size>
         <input_file_ref idref="fl-5"/>
      </object_component>
      <object_component id="oc-26a">
         <name>.data</name>
         <load_address>0x20005e1c</load_address>
         <run_address>0x20005e1c</run_address>
         <size>0x5</size>
         <input_file_ref idref="fl-6"/>
      </object_component>
      <object_component id="oc-3f4">
         <name>.data</name>
         <load_address>0x20005e23</load_address>
         <run_address>0x20005e23</run_address>
         <size>0x1</size>
         <input_file_ref idref="fl-9"/>
      </object_component>
      <object_component id="oc-7f">
         <name>.data</name>
         <load_address>0x20005de0</load_address>
         <run_address>0x20005de0</run_address>
         <size>0x34</size>
         <input_file_ref idref="fl-f"/>
      </object_component>
      <object_component id="oc-8c">
         <name>.data</name>
         <load_address>0x20005e24</load_address>
         <run_address>0x20005e24</run_address>
         <size>0x4</size>
         <input_file_ref idref="fl-11"/>
      </object_component>
      <object_component id="oc-34e">
         <name>.data</name>
         <load_address>0x20005e14</load_address>
         <run_address>0x20005e14</run_address>
         <size>0x8</size>
         <input_file_ref idref="fl-13"/>
      </object_component>
      <object_component id="oc-2cb">
         <name>.bss</name>
         <uninitialized>true</uninitialized>
         <run_address>0x200059da</run_address>
         <size>0x1</size>
         <input_file_ref idref="fl-4"/>
      </object_component>
      <object_component id="oc-2a5">
         <name>.bss:FatFs</name>
         <uninitialized>true</uninitialized>
         <run_address>0x200059c8</run_address>
         <size>0x4</size>
         <input_file_ref idref="fl-8"/>
      </object_component>
      <object_component id="oc-2a8">
         <name>.bss</name>
         <uninitialized>true</uninitialized>
         <run_address>0x200059d8</run_address>
         <size>0x2</size>
         <input_file_ref idref="fl-8"/>
      </object_component>
      <object_component id="oc-3f7">
         <name>.bss</name>
         <uninitialized>true</uninitialized>
         <run_address>0x200059db</run_address>
         <size>0x1</size>
         <input_file_ref idref="fl-9"/>
      </object_component>
      <object_component id="oc-177">
         <name>.bss:pxReadyTasksLists</name>
         <uninitialized>true</uninitialized>
         <run_address>0x20005774</run_address>
         <size>0x140</size>
         <input_file_ref idref="fl-f"/>
      </object_component>
      <object_component id="oc-189">
         <name>.bss:xDelayedTaskList1</name>
         <uninitialized>true</uninitialized>
         <run_address>0x2000594c</run_address>
         <size>0x14</size>
         <input_file_ref idref="fl-f"/>
      </object_component>
      <object_component id="oc-18c">
         <name>.bss:xDelayedTaskList2</name>
         <uninitialized>true</uninitialized>
         <run_address>0x20005960</run_address>
         <size>0x14</size>
         <input_file_ref idref="fl-f"/>
      </object_component>
      <object_component id="oc-17d">
         <name>.bss</name>
         <uninitialized>true</uninitialized>
         <run_address>0x200059b0</run_address>
         <size>0x8</size>
         <input_file_ref idref="fl-f"/>
      </object_component>
      <object_component id="oc-183">
         <name>.bss:xPendingReadyList</name>
         <uninitialized>true</uninitialized>
         <run_address>0x20005974</run_address>
         <size>0x14</size>
         <input_file_ref idref="fl-f"/>
      </object_component>
      <object_component id="oc-17a">
         <name>.bss:xTasksWaitingTermination</name>
         <uninitialized>true</uninitialized>
         <run_address>0x2000599c</run_address>
         <size>0x14</size>
         <input_file_ref idref="fl-f"/>
      </object_component>
      <object_component id="oc-180">
         <name>.bss:xSuspendedTaskList</name>
         <uninitialized>true</uninitialized>
         <run_address>0x20005988</run_address>
         <size>0x14</size>
         <input_file_ref idref="fl-f"/>
      </object_component>
      <object_component id="oc-357">
         <name>.bss:ucHeap</name>
         <uninitialized>true</uninitialized>
         <run_address>0x2000026c</run_address>
         <size>0x4e20</size>
         <input_file_ref idref="fl-13"/>
      </object_component>
      <object_component id="oc-351">
         <name>.bss:xStart</name>
         <uninitialized>true</uninitialized>
         <run_address>0x200059c0</run_address>
         <size>0x8</size>
         <input_file_ref idref="fl-13"/>
      </object_component>
      <object_component id="oc-354">
         <name>.bss:xEnd</name>
         <uninitialized>true</uninitialized>
         <run_address>0x200059b8</run_address>
         <size>0x8</size>
         <input_file_ref idref="fl-13"/>
      </object_component>
      <object_component id="oc-114">
         <name>.common:swState</name>
         <uninitialized>true</uninitialized>
         <run_address>0x200059dd</run_address>
         <size>0x1</size>
      </object_component>
      <object_component id="oc-d8">
         <name>.common:FatFs</name>
         <uninitialized>true</uninitialized>
         <run_address>0x20005318</run_address>
         <size>0x230</size>
      </object_component>
      <object_component id="oc-112">
         <name>.common:Fil</name>
         <uninitialized>true</uninitialized>
         <run_address>0x20005548</run_address>
         <size>0x22c</size>
      </object_component>
      <object_component id="oc-d9">
         <name>.common:DirMusic</name>
         <uninitialized>true</uninitialized>
         <run_address>0x20005904</run_address>
         <size>0x30</size>
      </object_component>
      <object_component id="oc-da">
         <name>.common:FileInfo</name>
         <uninitialized>true</uninitialized>
         <run_address>0x20005934</run_address>
         <size>0x18</size>
      </object_component>
      <object_component id="oc-e0">
         <name>.common:allSongName</name>
         <uninitialized>true</uninitialized>
         <run_address>0x2000508c</run_address>
         <size>0x28c</size>
      </object_component>
      <object_component id="oc-db">
         <name>.common:numOrderOfSong</name>
         <uninitialized>true</uninitialized>
         <run_address>0x200059dc</run_address>
         <size>0x1</size>
      </object_component>
      <object_component id="oc-bf">
         <name>.common:BiSemap_PWM</name>
         <uninitialized>true</uninitialized>
         <run_address>0x200059cc</run_address>
         <size>0x4</size>
      </object_component>
      <object_component id="oc-c2">
         <name>.common:BiSemap_UpdateStateMachine</name>
         <uninitialized>true</uninitialized>
         <run_address>0x200059d0</run_address>
         <size>0x4</size>
      </object_component>
      <object_component id="oc-d0">
         <name>.common:QueueMainBuffer</name>
         <uninitialized>true</uninitialized>
         <run_address>0x200059d4</run_address>
         <size>0x4</size>
      </object_component>
      <object_component id="oc-23b">
         <name>.common:xQueueRegistry</name>
         <uninitialized>true</uninitialized>
         <run_address>0x200058b4</run_address>
         <size>0x50</size>
      </object_component>
      <object_component id="oc-24">
         <name>.stack</name>
         <uninitialized>true</uninitialized>
         <run_address>0x200059e0</run_address>
         <size>0x4</size>
         <input_file_ref idref="fl-de"/>
      </object_component>
      <object_component id="oc-4f7">
         <name>.stack</name>
         <uninitialized>true</uninitialized>
         <run_address>0x200059e0</run_address>
         <size>0x0</size>
      </object_component>
      <object_component id="oc-40">
         <name>.debug_info</name>
         <load_address>0x0</load_address>
         <run_address>0x0</run_address>
         <size>0x377</size>
         <input_file_ref idref="fl-2"/>
      </object_component>
      <object_component id="oc-13">
         <name>.debug_info</name>
         <load_address>0x377</load_address>
         <run_address>0x377</run_address>
         <size>0x10a</size>
         <input_file_ref idref="fl-2"/>
      </object_component>
      <object_component id="oc-28">
         <name>.debug_info</name>
         <load_address>0x481</load_address>
         <run_address>0x481</run_address>
         <size>0x3ef</size>
         <input_file_ref idref="fl-2"/>
      </object_component>
      <object_component id="oc-12f">
         <name>.debug_info</name>
         <load_address>0x870</load_address>
         <run_address>0x870</run_address>
         <size>0x26b</size>
         <input_file_ref idref="fl-2"/>
      </object_component>
      <object_component id="oc-47">
         <name>.debug_info</name>
         <load_address>0xadb</load_address>
         <run_address>0xadb</run_address>
         <size>0x84</size>
         <input_file_ref idref="fl-2"/>
      </object_component>
      <object_component id="oc-2ea">
         <name>.debug_info</name>
         <load_address>0xb5f</load_address>
         <run_address>0xb5f</run_address>
         <size>0x2a4</size>
         <input_file_ref idref="fl-2"/>
      </object_component>
      <object_component id="oc-128">
         <name>.debug_info</name>
         <load_address>0xe03</load_address>
         <run_address>0xe03</run_address>
         <size>0xbb</size>
         <input_file_ref idref="fl-2"/>
      </object_component>
      <object_component id="oc-23a">
         <name>.debug_info</name>
         <load_address>0xebe</load_address>
         <run_address>0xebe</run_address>
         <size>0x96a</size>
         <input_file_ref idref="fl-3"/>
      </object_component>
      <object_component id="oc-af">
         <name>.debug_info</name>
         <load_address>0x1828</load_address>
         <run_address>0x1828</run_address>
         <size>0x6cf</size>
         <input_file_ref idref="fl-3"/>
      </object_component>
      <object_component id="oc-11e">
         <name>.debug_info</name>
         <load_address>0x1ef7</load_address>
         <run_address>0x1ef7</run_address>
         <size>0x8b</size>
         <input_file_ref idref="fl-3"/>
      </object_component>
      <object_component id="oc-27a">
         <name>.debug_info</name>
         <load_address>0x1f82</load_address>
         <run_address>0x1f82</run_address>
         <size>0x2c</size>
         <input_file_ref idref="fl-3"/>
      </object_component>
      <object_component id="oc-115">
         <name>.debug_info</name>
         <load_address>0x1fae</load_address>
         <run_address>0x1fae</run_address>
         <size>0x3bd</size>
         <input_file_ref idref="fl-4"/>
      </object_component>
      <object_component id="oc-2cc">
         <name>.debug_info</name>
         <load_address>0x236b</load_address>
         <run_address>0x236b</run_address>
         <size>0x106</size>
         <input_file_ref idref="fl-4"/>
      </object_component>
      <object_component id="oc-d2">
         <name>.debug_info</name>
         <load_address>0x2471</load_address>
         <run_address>0x2471</run_address>
         <size>0x50e</size>
         <input_file_ref idref="fl-4"/>
      </object_component>
      <object_component id="oc-28b">
         <name>.debug_info</name>
         <load_address>0x297f</load_address>
         <run_address>0x297f</run_address>
         <size>0x95</size>
         <input_file_ref idref="fl-4"/>
      </object_component>
      <object_component id="oc-c0">
         <name>.debug_info</name>
         <load_address>0x2a14</load_address>
         <run_address>0x2a14</run_address>
         <size>0xd09</size>
         <input_file_ref idref="fl-5"/>
      </object_component>
      <object_component id="oc-de">
         <name>.debug_info</name>
         <load_address>0x371d</load_address>
         <run_address>0x371d</run_address>
         <size>0x129</size>
         <input_file_ref idref="fl-5"/>
      </object_component>
      <object_component id="oc-3a">
         <name>.debug_info</name>
         <load_address>0x3846</load_address>
         <run_address>0x3846</run_address>
         <size>0xc68</size>
         <input_file_ref idref="fl-5"/>
      </object_component>
      <object_component id="oc-119">
         <name>.debug_info</name>
         <load_address>0x44ae</load_address>
         <run_address>0x44ae</run_address>
         <size>0x315</size>
         <input_file_ref idref="fl-5"/>
      </object_component>
      <object_component id="oc-123">
         <name>.debug_info</name>
         <load_address>0x47c3</load_address>
         <run_address>0x47c3</run_address>
         <size>0x5f9</size>
         <input_file_ref idref="fl-5"/>
      </object_component>
      <object_component id="oc-19e">
         <name>.debug_info</name>
         <load_address>0x4dbc</load_address>
         <run_address>0x4dbc</run_address>
         <size>0x461</size>
         <input_file_ref idref="fl-5"/>
      </object_component>
      <object_component id="oc-281">
         <name>.debug_info</name>
         <load_address>0x521d</load_address>
         <run_address>0x521d</run_address>
         <size>0x4f</size>
         <input_file_ref idref="fl-5"/>
      </object_component>
      <object_component id="oc-286">
         <name>.debug_info</name>
         <load_address>0x526c</load_address>
         <run_address>0x526c</run_address>
         <size>0x2c</size>
         <input_file_ref idref="fl-5"/>
      </object_component>
      <object_component id="oc-91">
         <name>.debug_info</name>
         <load_address>0x5298</load_address>
         <run_address>0x5298</run_address>
         <size>0x2c</size>
         <input_file_ref idref="fl-5"/>
      </object_component>
      <object_component id="oc-194">
         <name>.debug_info</name>
         <load_address>0x52c4</load_address>
         <run_address>0x52c4</run_address>
         <size>0x53</size>
         <input_file_ref idref="fl-5"/>
      </object_component>
      <object_component id="oc-96">
         <name>.debug_info</name>
         <load_address>0x5317</load_address>
         <run_address>0x5317</run_address>
         <size>0x53</size>
         <input_file_ref idref="fl-5"/>
      </object_component>
      <object_component id="oc-199">
         <name>.debug_info</name>
         <load_address>0x536a</load_address>
         <run_address>0x536a</run_address>
         <size>0x14c</size>
         <input_file_ref idref="fl-5"/>
      </object_component>
      <object_component id="oc-279">
         <name>.debug_info</name>
         <load_address>0x54b6</load_address>
         <run_address>0x54b6</run_address>
         <size>0x40b</size>
         <input_file_ref idref="fl-6"/>
      </object_component>
      <object_component id="oc-26b">
         <name>.debug_info</name>
         <load_address>0x58c1</load_address>
         <run_address>0x58c1</run_address>
         <size>0x102</size>
         <input_file_ref idref="fl-6"/>
      </object_component>
      <object_component id="oc-276">
         <name>.debug_info</name>
         <load_address>0x59c3</load_address>
         <run_address>0x59c3</run_address>
         <size>0xfc</size>
         <input_file_ref idref="fl-6"/>
      </object_component>
      <object_component id="oc-26e">
         <name>.debug_info</name>
         <load_address>0x5abf</load_address>
         <run_address>0x5abf</run_address>
         <size>0x10a</size>
         <input_file_ref idref="fl-6"/>
      </object_component>
      <object_component id="oc-268">
         <name>.debug_info</name>
         <load_address>0x5bc9</load_address>
         <run_address>0x5bc9</run_address>
         <size>0x10e</size>
         <input_file_ref idref="fl-6"/>
      </object_component>
      <object_component id="oc-bb">
         <name>.debug_info</name>
         <load_address>0x5cd7</load_address>
         <run_address>0x5cd7</run_address>
         <size>0x83b</size>
         <input_file_ref idref="fl-6"/>
      </object_component>
      <object_component id="oc-3de">
         <name>.debug_info</name>
         <load_address>0x6512</load_address>
         <run_address>0x6512</run_address>
         <size>0x40f</size>
         <input_file_ref idref="fl-7"/>
      </object_component>
      <object_component id="oc-2b0">
         <name>.debug_info</name>
         <load_address>0x6921</load_address>
         <run_address>0x6921</run_address>
         <size>0x589</size>
         <input_file_ref idref="fl-8"/>
      </object_component>
      <object_component id="oc-2a6">
         <name>.debug_info</name>
         <load_address>0x6eaa</load_address>
         <run_address>0x6eaa</run_address>
         <size>0xf4</size>
         <input_file_ref idref="fl-8"/>
      </object_component>
      <object_component id="oc-2a9">
         <name>.debug_info</name>
         <load_address>0x6f9e</load_address>
         <run_address>0x6f9e</run_address>
         <size>0xf2</size>
         <input_file_ref idref="fl-8"/>
      </object_component>
      <object_component id="oc-2a3">
         <name>.debug_info</name>
         <load_address>0x7090</load_address>
         <run_address>0x7090</run_address>
         <size>0xf4</size>
         <input_file_ref idref="fl-8"/>
      </object_component>
      <object_component id="oc-c6">
         <name>.debug_info</name>
         <load_address>0x7184</load_address>
         <run_address>0x7184</run_address>
         <size>0x5364</size>
         <input_file_ref idref="fl-8"/>
      </object_component>
      <object_component id="oc-2b1">
         <name>.debug_info</name>
         <load_address>0xc4e8</load_address>
         <run_address>0xc4e8</run_address>
         <size>0x70</size>
         <input_file_ref idref="fl-8"/>
      </object_component>
      <object_component id="oc-2b6">
         <name>.debug_info</name>
         <load_address>0xc558</load_address>
         <run_address>0xc558</run_address>
         <size>0x8c</size>
         <input_file_ref idref="fl-8"/>
      </object_component>
      <object_component id="oc-2f6">
         <name>.debug_info</name>
         <load_address>0xc5e4</load_address>
         <run_address>0xc5e4</run_address>
         <size>0x2c</size>
         <input_file_ref idref="fl-8"/>
      </object_component>
      <object_component id="oc-3fb">
         <name>.debug_info</name>
         <load_address>0xc610</load_address>
         <run_address>0xc610</run_address>
         <size>0x3db</size>
         <input_file_ref idref="fl-9"/>
      </object_component>
      <object_component id="oc-3f5">
         <name>.debug_info</name>
         <load_address>0xc9eb</load_address>
         <run_address>0xc9eb</run_address>
         <size>0x104</size>
         <input_file_ref idref="fl-9"/>
      </object_component>
      <object_component id="oc-3f8">
         <name>.debug_info</name>
         <load_address>0xcaef</load_address>
         <run_address>0xcaef</run_address>
         <size>0xfb</size>
         <input_file_ref idref="fl-9"/>
      </object_component>
      <object_component id="oc-291">
         <name>.debug_info</name>
         <load_address>0xcbea</load_address>
         <run_address>0xcbea</run_address>
         <size>0xef7</size>
         <input_file_ref idref="fl-9"/>
      </object_component>
      <object_component id="oc-3be">
         <name>.debug_info</name>
         <load_address>0xdae1</load_address>
         <run_address>0xdae1</run_address>
         <size>0x663</size>
         <input_file_ref idref="fl-b"/>
      </object_component>
      <object_component id="oc-244">
         <name>.debug_info</name>
         <load_address>0xe144</load_address>
         <run_address>0xe144</run_address>
         <size>0x110</size>
         <input_file_ref idref="fl-b"/>
      </object_component>
      <object_component id="oc-349">
         <name>.debug_info</name>
         <load_address>0xe254</load_address>
         <run_address>0xe254</run_address>
         <size>0x461</size>
         <input_file_ref idref="fl-b"/>
      </object_component>
      <object_component id="oc-459">
         <name>.debug_info</name>
         <load_address>0xe6b5</load_address>
         <run_address>0xe6b5</run_address>
         <size>0x76</size>
         <input_file_ref idref="fl-b"/>
      </object_component>
      <object_component id="oc-45e">
         <name>.debug_info</name>
         <load_address>0xe72b</load_address>
         <run_address>0xe72b</run_address>
         <size>0x39</size>
         <input_file_ref idref="fl-b"/>
      </object_component>
      <object_component id="oc-33f">
         <name>.debug_info</name>
         <load_address>0xe764</load_address>
         <run_address>0xe764</run_address>
         <size>0x4f</size>
         <input_file_ref idref="fl-b"/>
      </object_component>
      <object_component id="oc-35d">
         <name>.debug_info</name>
         <load_address>0xe7b3</load_address>
         <run_address>0xe7b3</run_address>
         <size>0x39a</size>
         <input_file_ref idref="fl-c"/>
      </object_component>
      <object_component id="oc-173">
         <name>.debug_info</name>
         <load_address>0xeb4d</load_address>
         <run_address>0xeb4d</run_address>
         <size>0x4b0</size>
         <input_file_ref idref="fl-c"/>
      </object_component>
      <object_component id="oc-23c">
         <name>.debug_info</name>
         <load_address>0xeffd</load_address>
         <run_address>0xeffd</run_address>
         <size>0x863</size>
         <input_file_ref idref="fl-d"/>
      </object_component>
      <object_component id="oc-b5">
         <name>.debug_info</name>
         <load_address>0xf860</load_address>
         <run_address>0xf860</run_address>
         <size>0x32ff</size>
         <input_file_ref idref="fl-d"/>
      </object_component>
      <object_component id="oc-3b9">
         <name>.debug_info</name>
         <load_address>0x12b5f</load_address>
         <run_address>0x12b5f</run_address>
         <size>0x23f</size>
         <input_file_ref idref="fl-d"/>
      </object_component>
      <object_component id="oc-23f">
         <name>.debug_info</name>
         <load_address>0x12d9e</load_address>
         <run_address>0x12d9e</run_address>
         <size>0x46</size>
         <input_file_ref idref="fl-d"/>
      </object_component>
      <object_component id="oc-163">
         <name>.debug_info</name>
         <load_address>0x12de4</load_address>
         <run_address>0x12de4</run_address>
         <size>0x7ef</size>
         <input_file_ref idref="fl-f"/>
      </object_component>
      <object_component id="oc-80">
         <name>.debug_info</name>
         <load_address>0x135d3</load_address>
         <run_address>0x135d3</run_address>
         <size>0x35f</size>
         <input_file_ref idref="fl-f"/>
      </object_component>
      <object_component id="oc-178">
         <name>.debug_info</name>
         <load_address>0x13932</load_address>
         <run_address>0x13932</run_address>
         <size>0x108</size>
         <input_file_ref idref="fl-f"/>
      </object_component>
      <object_component id="oc-18a">
         <name>.debug_info</name>
         <load_address>0x13a3a</load_address>
         <run_address>0x13a3a</run_address>
         <size>0x108</size>
         <input_file_ref idref="fl-f"/>
      </object_component>
      <object_component id="oc-18d">
         <name>.debug_info</name>
         <load_address>0x13b42</load_address>
         <run_address>0x13b42</run_address>
         <size>0x108</size>
         <input_file_ref idref="fl-f"/>
      </object_component>
      <object_component id="oc-17e">
         <name>.debug_info</name>
         <load_address>0x13c4a</load_address>
         <run_address>0x13c4a</run_address>
         <size>0x14b</size>
         <input_file_ref idref="fl-f"/>
      </object_component>
      <object_component id="oc-184">
         <name>.debug_info</name>
         <load_address>0x13d95</load_address>
         <run_address>0x13d95</run_address>
         <size>0x108</size>
         <input_file_ref idref="fl-f"/>
      </object_component>
      <object_component id="oc-17b">
         <name>.debug_info</name>
         <load_address>0x13e9d</load_address>
         <run_address>0x13e9d</run_address>
         <size>0x116</size>
         <input_file_ref idref="fl-f"/>
      </object_component>
      <object_component id="oc-181">
         <name>.debug_info</name>
         <load_address>0x13fb3</load_address>
         <run_address>0x13fb3</run_address>
         <size>0x10a</size>
         <input_file_ref idref="fl-f"/>
      </object_component>
      <object_component id="oc-187">
         <name>.debug_info</name>
         <load_address>0x140bd</load_address>
         <run_address>0x140bd</run_address>
         <size>0x109</size>
         <input_file_ref idref="fl-f"/>
      </object_component>
      <object_component id="oc-86">
         <name>.debug_info</name>
         <load_address>0x141c6</load_address>
         <run_address>0x141c6</run_address>
         <size>0x4ca6</size>
         <input_file_ref idref="fl-f"/>
      </object_component>
      <object_component id="oc-164">
         <name>.debug_info</name>
         <load_address>0x18e6c</load_address>
         <run_address>0x18e6c</run_address>
         <size>0x30c</size>
         <input_file_ref idref="fl-f"/>
      </object_component>
      <object_component id="oc-344">
         <name>.debug_info</name>
         <load_address>0x19178</load_address>
         <run_address>0x19178</run_address>
         <size>0x144</size>
         <input_file_ref idref="fl-f"/>
      </object_component>
      <object_component id="oc-90">
         <name>.debug_info</name>
         <load_address>0x192bc</load_address>
         <run_address>0x192bc</run_address>
         <size>0x430</size>
         <input_file_ref idref="fl-11"/>
      </object_component>
      <object_component id="oc-83">
         <name>.debug_info</name>
         <load_address>0x196ec</load_address>
         <run_address>0x196ec</run_address>
         <size>0x135</size>
         <input_file_ref idref="fl-11"/>
      </object_component>
      <object_component id="oc-8d">
         <name>.debug_info</name>
         <load_address>0x19821</load_address>
         <run_address>0x19821</run_address>
         <size>0x11c</size>
         <input_file_ref idref="fl-11"/>
      </object_component>
      <object_component id="oc-36">
         <name>.debug_info</name>
         <load_address>0x1993d</load_address>
         <run_address>0x1993d</run_address>
         <size>0x6ac</size>
         <input_file_ref idref="fl-11"/>
      </object_component>
      <object_component id="oc-2e">
         <name>.debug_info</name>
         <load_address>0x19fe9</load_address>
         <run_address>0x19fe9</run_address>
         <size>0x26a</size>
         <input_file_ref idref="fl-12"/>
      </object_component>
      <object_component id="oc-35b">
         <name>.debug_info</name>
         <load_address>0x1a253</load_address>
         <run_address>0x1a253</run_address>
         <size>0x43f</size>
         <input_file_ref idref="fl-13"/>
      </object_component>
      <object_component id="oc-358">
         <name>.debug_info</name>
         <load_address>0x1a692</load_address>
         <run_address>0x1a692</run_address>
         <size>0x103</size>
         <input_file_ref idref="fl-13"/>
      </object_component>
      <object_component id="oc-352">
         <name>.debug_info</name>
         <load_address>0x1a795</load_address>
         <run_address>0x1a795</run_address>
         <size>0x103</size>
         <input_file_ref idref="fl-13"/>
      </object_component>
      <object_component id="oc-355">
         <name>.debug_info</name>
         <load_address>0x1a898</load_address>
         <run_address>0x1a898</run_address>
         <size>0xff</size>
         <input_file_ref idref="fl-13"/>
      </object_component>
      <object_component id="oc-34f">
         <name>.debug_info</name>
         <load_address>0x1a997</load_address>
         <run_address>0x1a997</run_address>
         <size>0x11d</size>
         <input_file_ref idref="fl-13"/>
      </object_component>
      <object_component id="oc-16e">
         <name>.debug_info</name>
         <load_address>0x1aab4</load_address>
         <run_address>0x1aab4</run_address>
         <size>0x66c</size>
         <input_file_ref idref="fl-13"/>
      </object_component>
      <object_component id="oc-438">
         <name>.debug_info</name>
         <load_address>0x1b120</load_address>
         <run_address>0x1b120</run_address>
         <size>0x62</size>
         <input_file_ref idref="fl-13"/>
      </object_component>
      <object_component id="oc-1b8">
         <name>.debug_info</name>
         <load_address>0x1b182</load_address>
         <run_address>0x1b182</run_address>
         <size>0x3e4</size>
         <input_file_ref idref="fl-19"/>
      </object_component>
      <object_component id="oc-399">
         <name>.debug_info</name>
         <load_address>0x1b566</load_address>
         <run_address>0x1b566</run_address>
         <size>0x164</size>
         <input_file_ref idref="fl-19"/>
      </object_component>
      <object_component id="oc-3f0">
         <name>.debug_info</name>
         <load_address>0x1b6ca</load_address>
         <run_address>0x1b6ca</run_address>
         <size>0x2ac</size>
         <input_file_ref idref="fl-19"/>
      </object_component>
      <object_component id="oc-1b3">
         <name>.debug_info</name>
         <load_address>0x1b976</load_address>
         <run_address>0x1b976</run_address>
         <size>0x2bc</size>
         <input_file_ref idref="fl-19"/>
      </object_component>
      <object_component id="oc-1ac">
         <name>.debug_info</name>
         <load_address>0x1bc32</load_address>
         <run_address>0x1bc32</run_address>
         <size>0x31f</size>
         <input_file_ref idref="fl-19"/>
      </object_component>
      <object_component id="oc-232">
         <name>.debug_info</name>
         <load_address>0x1bf51</load_address>
         <run_address>0x1bf51</run_address>
         <size>0x29b</size>
         <input_file_ref idref="fl-19"/>
      </object_component>
      <object_component id="oc-468">
         <name>.debug_info</name>
         <load_address>0x1c1ec</load_address>
         <run_address>0x1c1ec</run_address>
         <size>0x299</size>
         <input_file_ref idref="fl-19"/>
      </object_component>
      <object_component id="oc-1ea">
         <name>.debug_info</name>
         <load_address>0x1c485</load_address>
         <run_address>0x1c485</run_address>
         <size>0x299</size>
         <input_file_ref idref="fl-19"/>
      </object_component>
      <object_component id="oc-a8">
         <name>.debug_info</name>
         <load_address>0x1c71e</load_address>
         <run_address>0x1c71e</run_address>
         <size>0x2c0</size>
         <input_file_ref idref="fl-19"/>
      </object_component>
      <object_component id="oc-1ba">
         <name>.debug_info</name>
         <load_address>0x1c9de</load_address>
         <run_address>0x1c9de</run_address>
         <size>0x2a5</size>
         <input_file_ref idref="fl-19"/>
      </object_component>
      <object_component id="oc-fa">
         <name>.debug_info</name>
         <load_address>0x1cc83</load_address>
         <run_address>0x1cc83</run_address>
         <size>0x284</size>
         <input_file_ref idref="fl-19"/>
      </object_component>
      <object_component id="oc-1e4">
         <name>.debug_info</name>
         <load_address>0x1cf07</load_address>
         <run_address>0x1cf07</run_address>
         <size>0x289</size>
         <input_file_ref idref="fl-19"/>
      </object_component>
      <object_component id="oc-1c6">
         <name>.debug_info</name>
         <load_address>0x1d190</load_address>
         <run_address>0x1d190</run_address>
         <size>0x2c4</size>
         <input_file_ref idref="fl-19"/>
      </object_component>
      <object_component id="oc-f4">
         <name>.debug_info</name>
         <load_address>0x1d454</load_address>
         <run_address>0x1d454</run_address>
         <size>0x288</size>
         <input_file_ref idref="fl-19"/>
      </object_component>
      <object_component id="oc-1c0">
         <name>.debug_info</name>
         <load_address>0x1d6dc</load_address>
         <run_address>0x1d6dc</run_address>
         <size>0x298</size>
         <input_file_ref idref="fl-19"/>
      </object_component>
      <object_component id="oc-100">
         <name>.debug_info</name>
         <load_address>0x1d974</load_address>
         <run_address>0x1d974</run_address>
         <size>0x296</size>
         <input_file_ref idref="fl-19"/>
      </object_component>
      <object_component id="oc-37e">
         <name>.debug_info</name>
         <load_address>0x1dc0a</load_address>
         <run_address>0x1dc0a</run_address>
         <size>0x26b</size>
         <input_file_ref idref="fl-19"/>
      </object_component>
      <object_component id="oc-36e">
         <name>.debug_info</name>
         <load_address>0x1de75</load_address>
         <run_address>0x1de75</run_address>
         <size>0x297</size>
         <input_file_ref idref="fl-19"/>
      </object_component>
      <object_component id="oc-379">
         <name>.debug_info</name>
         <load_address>0x1e10c</load_address>
         <run_address>0x1e10c</run_address>
         <size>0xef</size>
         <input_file_ref idref="fl-19"/>
      </object_component>
      <object_component id="oc-1a4">
         <name>.debug_info</name>
         <load_address>0x1e1fb</load_address>
         <run_address>0x1e1fb</run_address>
         <size>0xbb</size>
         <input_file_ref idref="fl-19"/>
      </object_component>
      <object_component id="oc-38e">
         <name>.debug_info</name>
         <load_address>0x1e2b6</load_address>
         <run_address>0x1e2b6</run_address>
         <size>0x3b7</size>
         <input_file_ref idref="fl-1a"/>
      </object_component>
      <object_component id="oc-38b">
         <name>.debug_info</name>
         <load_address>0x1e66d</load_address>
         <run_address>0x1e66d</run_address>
         <size>0x157</size>
         <input_file_ref idref="fl-1a"/>
      </object_component>
      <object_component id="oc-394">
         <name>.debug_info</name>
         <load_address>0x1e7c4</load_address>
         <run_address>0x1e7c4</run_address>
         <size>0x15b</size>
         <input_file_ref idref="fl-1a"/>
      </object_component>
      <object_component id="oc-390">
         <name>.debug_info</name>
         <load_address>0x1e91f</load_address>
         <run_address>0x1e91f</run_address>
         <size>0x160</size>
         <input_file_ref idref="fl-1a"/>
      </object_component>
      <object_component id="oc-1d2">
         <name>.debug_info</name>
         <load_address>0x1ea7f</load_address>
         <run_address>0x1ea7f</run_address>
         <size>0x2ca</size>
         <input_file_ref idref="fl-1a"/>
      </object_component>
      <object_component id="oc-1cc">
         <name>.debug_info</name>
         <load_address>0x1ed49</load_address>
         <run_address>0x1ed49</run_address>
         <size>0x2d2</size>
         <input_file_ref idref="fl-1a"/>
      </object_component>
      <object_component id="oc-106">
         <name>.debug_info</name>
         <load_address>0x1f01b</load_address>
         <run_address>0x1f01b</run_address>
         <size>0x247</size>
         <input_file_ref idref="fl-1a"/>
      </object_component>
      <object_component id="oc-ee">
         <name>.debug_info</name>
         <load_address>0x1f262</load_address>
         <run_address>0x1f262</run_address>
         <size>0x249</size>
         <input_file_ref idref="fl-1a"/>
      </object_component>
      <object_component id="oc-1d8">
         <name>.debug_info</name>
         <load_address>0x1f4ab</load_address>
         <run_address>0x1f4ab</run_address>
         <size>0x271</size>
         <input_file_ref idref="fl-1a"/>
      </object_component>
      <object_component id="oc-2d3">
         <name>.debug_info</name>
         <load_address>0x1f71c</load_address>
         <run_address>0x1f71c</run_address>
         <size>0x396</size>
         <input_file_ref idref="fl-1b"/>
      </object_component>
      <object_component id="oc-ea">
         <name>.debug_info</name>
         <load_address>0x1fab2</load_address>
         <run_address>0x1fab2</run_address>
         <size>0x2ff</size>
         <input_file_ref idref="fl-1b"/>
      </object_component>
      <object_component id="oc-20a">
         <name>.debug_info</name>
         <load_address>0x1fdb1</load_address>
         <run_address>0x1fdb1</run_address>
         <size>0x2cd</size>
         <input_file_ref idref="fl-1b"/>
      </object_component>
      <object_component id="oc-1fe">
         <name>.debug_info</name>
         <load_address>0x2007e</load_address>
         <run_address>0x2007e</run_address>
         <size>0x293</size>
         <input_file_ref idref="fl-1b"/>
      </object_component>
      <object_component id="oc-1f8">
         <name>.debug_info</name>
         <load_address>0x20311</load_address>
         <run_address>0x20311</run_address>
         <size>0x2bf</size>
         <input_file_ref idref="fl-1b"/>
      </object_component>
      <object_component id="oc-3a5">
         <name>.debug_info</name>
         <load_address>0x205d0</load_address>
         <run_address>0x205d0</run_address>
         <size>0x2c0</size>
         <input_file_ref idref="fl-1b"/>
      </object_component>
      <object_component id="oc-204">
         <name>.debug_info</name>
         <load_address>0x20890</load_address>
         <run_address>0x20890</run_address>
         <size>0x2cb</size>
         <input_file_ref idref="fl-1b"/>
      </object_component>
      <object_component id="oc-211">
         <name>.debug_info</name>
         <load_address>0x20b5b</load_address>
         <run_address>0x20b5b</run_address>
         <size>0x2f2</size>
         <input_file_ref idref="fl-1b"/>
      </object_component>
      <object_component id="oc-e5">
         <name>.debug_info</name>
         <load_address>0x20e4d</load_address>
         <run_address>0x20e4d</run_address>
         <size>0x2b5</size>
         <input_file_ref idref="fl-1b"/>
      </object_component>
      <object_component id="oc-2c3">
         <name>.debug_info</name>
         <load_address>0x21102</load_address>
         <run_address>0x21102</run_address>
         <size>0x27f</size>
         <input_file_ref idref="fl-1b"/>
      </object_component>
      <object_component id="oc-2c9">
         <name>.debug_info</name>
         <load_address>0x21381</load_address>
         <run_address>0x21381</run_address>
         <size>0x281</size>
         <input_file_ref idref="fl-1b"/>
      </object_component>
      <object_component id="oc-1f3">
         <name>.debug_info</name>
         <load_address>0x21602</load_address>
         <run_address>0x21602</run_address>
         <size>0x2bc</size>
         <input_file_ref idref="fl-1b"/>
      </object_component>
      <object_component id="oc-481">
         <name>.debug_info</name>
         <load_address>0x218be</load_address>
         <run_address>0x218be</run_address>
         <size>0x3c0</size>
         <input_file_ref idref="fl-1c"/>
      </object_component>
      <object_component id="oc-474">
         <name>.debug_info</name>
         <load_address>0x21c7e</load_address>
         <run_address>0x21c7e</run_address>
         <size>0x24b</size>
         <input_file_ref idref="fl-1c"/>
      </object_component>
      <object_component id="oc-3e3">
         <name>.debug_info</name>
         <load_address>0x21ec9</load_address>
         <run_address>0x21ec9</run_address>
         <size>0x27f</size>
         <input_file_ref idref="fl-1c"/>
      </object_component>
      <object_component id="oc-47a">
         <name>.debug_info</name>
         <load_address>0x22148</load_address>
         <run_address>0x22148</run_address>
         <size>0x2a3</size>
         <input_file_ref idref="fl-1c"/>
      </object_component>
      <object_component id="oc-3e9">
         <name>.debug_info</name>
         <load_address>0x223eb</load_address>
         <run_address>0x223eb</run_address>
         <size>0x283</size>
[...]
         <object_component_ref idref="oc-85"/>
      </symbol>
      <symbol id="sm-96d">
         <name>xTaskGenericNotifyFromISR</name>
         <value>0x5bc5</value>
         <object_component_ref idref="oc-85"/>
      </symbol>
      <symbol id="sm-96e">
         <name>vTaskGetInfo</name>
         <value>0x54bd</value>
         <object_component_ref idref="oc-85"/>
      </symbol>
      <symbol id="sm-96f">
         <name>uxTaskPriorityGet</name>
         <value>0x4969</value>
         <object_component_ref idref="oc-85"/>
      </symbol>
      <symbol id="sm-970">
         <name>xTaskResumeAll</name>
         <value>0x4db1</value>
         <object_component_ref idref="oc-85"/>
      </symbol>
      <symbol id="sm-971">
         <name>xTaskGetTickCount</name>
         <value>0x4e93</value>
         <object_component_ref idref="oc-85"/>
      </symbol>
      <symbol id="sm-972">
         <name>ulTaskGenericNotifyTake</name>
         <value>0x5949</value>
         <object_component_ref idref="oc-85"/>
      </symbol>
      <symbol id="sm-973">
         <name>uxTaskGetSystemState</name>
         <value>0x4eed</value>
         <object_component_ref idref="oc-85"/>
      </symbol>
      <symbol id="sm-974">
         <name>vTaskDelete</name>
         <value>0x471f</value>
         <object_component_ref idref="oc-85"/>
      </symbol>
      <symbol id="sm-975">
         <name>ulTaskGenericNotifyValueClear</name>
         <value>0x5e09</value>
         <object_component_ref idref="oc-85"/>
      </symbol>
      <symbol id="sm-976">
         <name>xTaskGenericNotifyWait</name>
         <value>0x59ed</value>
         <object_component_ref idref="oc-85"/>
      </symbol>
      <symbol id="sm-977">
         <name>pxCurrentTCB</name>
         <value>0x20005de0</value>
         <object_component_ref idref="oc-7f"/>
      </symbol>
      <symbol id="sm-978">
         <name>eTaskGetState</name>
         <value>0x48a1</value>
         <object_component_ref idref="oc-85"/>
      </symbol>
      <symbol id="sm-979">
         <name>vTaskSuspend</name>
         <value>0x4af1</value>
         <object_component_ref idref="oc-85"/>
      </symbol>
      <symbol id="sm-97a">
         <name>xTaskGetTickCountFromISR</name>
         <value>0x4ea9</value>
         <object_component_ref idref="oc-85"/>
      </symbol>
      <symbol id="sm-97b">
         <name>vTaskResume</name>
         <value>0x4c23</value>
         <object_component_ref idref="oc-85"/>
      </symbol>
      <symbol id="sm-97c">
         <name>uxTopUsedPriority</name>
         <value>0x997c</value>
         <object_component_ref idref="oc-186"/>
      </symbol>
      <symbol id="sm-97d">
         <name>vTaskSetTimeOutState</name>
         <value>0x5309</value>
         <object_component_ref idref="oc-85"/>
      </symbol>
      <symbol id="sm-97e">
         <name>xTaskIncrementTick</name>
         <value>0x5005</value>
         <object_component_ref idref="oc-85"/>
      </symbol>
      <symbol id="sm-97f">
         <name>vTaskSwitchContext</name>
         <value>0x5121</value>
         <object_component_ref idref="oc-85"/>
      </symbol>
      <symbol id="sm-980">
         <name>uxTaskResetEventItemValue</name>
         <value>0x5905</value>
         <object_component_ref idref="oc-85"/>
      </symbol>
      <symbol id="sm-981">
         <name>xTaskResumeFromISR</name>
         <value>0x4ca1</value>
         <object_component_ref idref="oc-85"/>
      </symbol>
      <symbol id="sm-982">
         <name>xTaskGetCurrentTaskHandle</name>
         <value>0x56b3</value>
         <object_component_ref idref="oc-85"/>
      </symbol>
      <symbol id="sm-983">
         <name>vTaskPlaceOnUnorderedEventList</name>
         <value>0x51e5</value>
         <object_component_ref idref="oc-85"/>
      </symbol>
      <symbol id="sm-984">
         <name>xTaskRemoveFromEventList</name>
         <value>0x521d</value>
         <object_component_ref idref="oc-85"/>
      </symbol>
      <symbol id="sm-985">
         <name>xTaskPriorityInherit</name>
         <value>0x56ed</value>
         <object_component_ref idref="oc-85"/>
      </symbol>
      <symbol id="sm-9b6">
         <name>ulMaxSyscallInterruptPriority</name>
         <value>0x9978</value>
         <object_component_ref idref="oc-82"/>
      </symbol>
      <symbol id="sm-9b7">
         <name>vPortSetupTimerInterrupt</name>
         <value>0x87e3</value>
         <object_component_ref idref="oc-32"/>
      </symbol>
      <symbol id="sm-9b8">
         <name>vPortEndScheduler</name>
         <value>0x8785</value>
         <object_component_ref idref="oc-32"/>
      </symbol>
      <symbol id="sm-9b9">
         <name>xPortSysTickHandler</name>
         <value>0x87bd</value>
         <object_component_ref idref="oc-32"/>
      </symbol>
      <symbol id="sm-9ba">
         <name>pxPortInitialiseStack</name>
         <value>0x86e5</value>
         <object_component_ref idref="oc-32"/>
      </symbol>
      <symbol id="sm-9bb">
         <name>vPortExitCritical</name>
         <value>0x87a7</value>
         <object_component_ref idref="oc-32"/>
      </symbol>
      <symbol id="sm-9bc">
         <name>xPortStartScheduler</name>
         <value>0x874f</value>
         <object_component_ref idref="oc-32"/>
      </symbol>
      <symbol id="sm-9bd">
         <name>vPortEnterCritical</name>
         <value>0x8787</value>
         <object_component_ref idref="oc-32"/>
      </symbol>
      <symbol id="sm-9cc">
         <name>vPortStartFirstTask</name>
         <value>0x8c01</value>
         <object_component_ref idref="oc-2d"/>
      </symbol>
      <symbol id="sm-9cd">
         <name>ulPortGetIPSR</name>
         <value>0x8b69</value>
         <object_component_ref idref="oc-2d"/>
      </symbol>
      <symbol id="sm-9ce">
         <name>vPortEnableVFP</name>
         <value>0x8c25</value>
         <object_component_ref idref="oc-2d"/>
      </symbol>
      <symbol id="sm-9cf">
         <name>xPortPendSVHandler</name>
         <value>0x8b81</value>
         <object_component_ref idref="oc-2d"/>
      </symbol>
      <symbol id="sm-9d0">
         <name>vPortSVCHandler</name>
         <value>0x8be1</value>
         <object_component_ref idref="oc-2d"/>
      </symbol>
      <symbol id="sm-a19">
         <name>vPortInitialiseBlocks</name>
         <value>0x851d</value>
         <object_component_ref idref="oc-16b"/>
      </symbol>
      <symbol id="sm-a1a">
         <name>xPortGetFreeHeapSize</name>
         <value>0x8517</value>
         <object_component_ref idref="oc-16b"/>
      </symbol>
      <symbol id="sm-a1b">
         <name>pvPortMalloc</name>
         <value>0x83a1</value>
         <object_component_ref idref="oc-16b"/>
      </symbol>
      <symbol id="sm-a1c">
         <name>vPortFree</name>
         <value>0x84b9</value>
         <object_component_ref idref="oc-16b"/>
      </symbol>
      <symbol id="sm-aba">
         <name>GPIOPinTypePWM</name>
         <value>0x9403</value>
         <object_component_ref idref="oc-1e9"/>
      </symbol>
      <symbol id="sm-abb">
         <name>GPIOPinConfigure</name>
         <value>0x9059</value>
         <object_component_ref idref="oc-1e3"/>
      </symbol>
      <symbol id="sm-abc">
         <name>GPIOIntEnable</name>
         <value>0x953f</value>
         <object_component_ref idref="oc-1bf"/>
      </symbol>
      <symbol id="sm-abd">
         <name>GPIOIntTypeSet</name>
         <value>0x9001</value>
         <object_component_ref idref="oc-1c5"/>
      </symbol>
      <symbol id="sm-abe">
         <name>GPIOPinTypeGPIOInput</name>
         <value>0x93ed</value>
         <object_component_ref idref="oc-1b9"/>
      </symbol>
      <symbol id="sm-abf">
         <name>GPIOIntClear</name>
         <value>0x95bd</value>
         <object_component_ref idref="oc-ff"/>
      </symbol>
      <symbol id="sm-ac0">
         <name>GPIOPinTypeUART</name>
         <value>0x942f</value>
         <object_component_ref idref="oc-231"/>
      </symbol>
      <symbol id="sm-ac1">
         <name>GPIOIntStatus</name>
         <value>0x94fd</value>
         <object_component_ref idref="oc-f3"/>
      </symbol>
      <symbol id="sm-ac2">
         <name>GPIOPinTypeGPIOOutput</name>
         <value>0x93a3</value>
         <object_component_ref idref="oc-a7"/>
      </symbol>
      <symbol id="sm-ac3">
         <name>GPIOPinRead</name>
         <value>0x95c3</value>
         <object_component_ref idref="oc-f9"/>
      </symbol>
      <symbol id="sm-ac4">
         <name>GPIODirModeSet</name>
         <value>0x92cd</value>
         <object_component_ref idref="oc-1b1"/>
      </symbol>
      <symbol id="sm-ac5">
         <name>GPIOPinWrite</name>
         <value>0x95c9</value>
         <object_component_ref idref="oc-3ee"/>
      </symbol>
      <symbol id="sm-ac6">
         <name>GPIOPadConfigSet</name>
         <value>0x8579</value>
         <object_component_ref idref="oc-1ab"/>
      </symbol>
      <symbol id="sm-ac7">
         <name>GPIOPinTypeSSI</name>
         <value>0x9419</value>
         <object_component_ref idref="oc-467"/>
      </symbol>
      <symbol id="sm-b1b">
         <name>IntPrioritySet</name>
         <value>0x92f9</value>
         <object_component_ref idref="oc-1cb"/>
      </symbol>
      <symbol id="sm-b1c">
         <name>IntEnable</name>
         <value>0x8ed1</value>
         <object_component_ref idref="oc-1d7"/>
      </symbol>
      <symbol id="sm-b1d">
         <name>IntRegister</name>
         <value>0x9231</value>
         <object_component_ref idref="oc-1d1"/>
      </symbol>
      <symbol id="sm-b1e">
         <name>IntMasterDisable</name>
         <value>0x94cd</value>
         <object_component_ref idref="oc-ed"/>
      </symbol>
      <symbol id="sm-b1f">
         <name>g_pfnRAMVectors</name>
         <value>0x20000000</value>
         <object_component_ref idref="oc-38f"/>
      </symbol>
      <symbol id="sm-b20">
         <name>IntMasterEnable</name>
         <value>0x94dd</value>
         <object_component_ref idref="oc-105"/>
      </symbol>
      <symbol id="sm-b8d">
         <name>PWMGenPeriodSet</name>
         <value>0x94ed</value>
         <object_component_ref idref="oc-1f5"/>
      </symbol>
      <symbol id="sm-b8e">
         <name>PWMGenIntTrigEnable</name>
         <value>0x957b</value>
         <object_component_ref idref="oc-201"/>
      </symbol>
      <symbol id="sm-b8f">
         <name>PWMGenDisable</name>
         <value>0x954b</value>
         <object_component_ref idref="oc-2c5"/>
      </symbol>
      <symbol id="sm-b90">
         <name>PWMPulseWidthSet</name>
         <value>0x9385</value>
         <object_component_ref idref="oc-e7"/>
      </symbol>
      <symbol id="sm-b91">
         <name>PWMGenIntClear</name>
         <value>0x95cf</value>
         <object_component_ref idref="oc-e1"/>
      </symbol>
      <symbol id="sm-b92">
         <name>PWMGenIntRegister</name>
         <value>0x93bd</value>
         <object_component_ref idref="oc-20d"/>
      </symbol>
      <symbol id="sm-b93">
         <name>PWMOutputState</name>
         <value>0x9485</value>
         <object_component_ref idref="oc-207"/>
      </symbol>
      <symbol id="sm-b94">
         <name>PWMGenEnable</name>
         <value>0x9557</value>
         <object_component_ref idref="oc-2bf"/>
      </symbol>
      <symbol id="sm-b95">
         <name>PWMIntEnable</name>
         <value>0x95ad</value>
         <object_component_ref idref="oc-1fb"/>
      </symbol>
      <symbol id="sm-b96">
         <name>PWMGenConfigure</name>
         <value>0x9341</value>
         <object_component_ref idref="oc-1ef"/>
      </symbol>
      <symbol id="sm-bc7">
         <name>SSIDataPut</name>
         <value>0x9585</value>
         <object_component_ref idref="oc-3e2"/>
      </symbol>
      <symbol id="sm-bc8">
         <name>SSIDataGet</name>
         <value>0x9563</value>
         <object_component_ref idref="oc-3e8"/>
      </symbol>
      <symbol id="sm-bc9">
         <name>SSIDataGetNonBlocking</name>
         <value>0x9497</value>
         <object_component_ref idref="oc-479"/>
      </symbol>
      <symbol id="sm-bca">
         <name>SSIConfigSetExpClk</name>
         <value>0x91bd</value>
         <object_component_ref idref="oc-46d"/>
      </symbol>
      <symbol id="sm-bcb">
         <name>SSIEnable</name>
         <value>0x958f</value>
         <object_component_ref idref="oc-473"/>
      </symbol>
      <symbol id="sm-c33">
         <name>SysCtlPeripheralPresent</name>
         <value>0x91f9</value>
         <object_component_ref idref="oc-249"/>
      </symbol>
      <symbol id="sm-c34">
         <name>SysCtlClockSet</name>
         <value>0x8a65</value>
         <object_component_ref idref="oc-9b"/>
      </symbol>
      <symbol id="sm-c35">
         <name>SysCtlDelay</name>
         <value>0x95d5</value>
         <object_component_ref idref="oc-cf"/>
      </symbol>
      <symbol id="sm-c36">
         <name>SysCtlPeripheralEnable</name>
         <value>0x9265</value>
         <object_component_ref idref="oc-a1"/>
      </symbol>
      <symbol id="sm-c37">
         <name>SysCtlClockGet</name>
         <value>0x894d</value>
         <object_component_ref idref="oc-c9"/>
      </symbol>
      <symbol id="sm-c38">
         <name>SysCtlPWMClockSet</name>
         <value>0x945d</value>
         <object_component_ref idref="oc-1dd"/>
      </symbol>
      <symbol id="sm-c93">
         <name>TimerLoadSet</name>
         <value>0x94a9</value>
         <object_component_ref idref="oc-219"/>
      </symbol>
      <symbol id="sm-c94">
         <name>TimerIntRegister</name>
         <value>0x93d5</value>
         <object_component_ref idref="oc-21f"/>
      </symbol>
      <symbol id="sm-c95">
         <name>TimerEnable</name>
         <value>0x950b</value>
         <object_component_ref idref="oc-22b"/>
      </symbol>
      <symbol id="sm-c96">
         <name>TimerIntEnable</name>
         <value>0x95b5</value>
         <object_component_ref idref="oc-225"/>
      </symbol>
      <symbol id="sm-c97">
         <name>TimerConfigure</name>
         <value>0x8fa1</value>
         <object_component_ref idref="oc-213"/>
      </symbol>
      <symbol id="sm-c98">
         <name>TimerIntClear</name>
         <value>0x95db</value>
         <object_component_ref idref="oc-10c"/>
      </symbol>
      <symbol id="sm-ccb">
         <name>UARTConfigSetExpClk</name>
         <value>0x90f1</value>
         <object_component_ref idref="oc-24f"/>
      </symbol>
      <symbol id="sm-ccc">
         <name>UARTDisable</name>
         <value>0x9365</value>
         <object_component_ref idref="oc-3c0"/>
      </symbol>
      <symbol id="sm-ccd">
         <name>UARTCharPut</name>
         <value>0x95a3</value>
         <object_component_ref idref="oc-25b"/>
      </symbol>
      <symbol id="sm-cce">
         <name>UARTEnable</name>
         <value>0x9471</value>
         <object_component_ref idref="oc-255"/>
      </symbol>
      <symbol id="sm-ccf">
         <name>UARTCharGet</name>
         <value>0x9599</value>
         <object_component_ref idref="oc-261"/>
      </symbol>
      <symbol id="sm-ce1">
         <name>CPUcpsie</name>
         <value>0x9533</value>
         <object_component_ref idref="oc-2df"/>
      </symbol>
      <symbol id="sm-ce2">
         <name>CPUcpsid</name>
         <value>0x9527</value>
         <object_component_ref idref="oc-2d5"/>
      </symbol>
      <symbol id="sm-cfd">
         <name>memcpy</name>
         <value>0x8db9</value>
         <object_component_ref idref="oc-4c"/>
      </symbol>
      <symbol id="sm-cfe">
         <name>__aeabi_memcpy</name>
         <value>0x8db9</value>
         <object_component_ref idref="oc-4c"/>
      </symbol>
      <symbol id="sm-cff">
         <name>__aeabi_memcpy8</name>
         <value>0x8db9</value>
         <object_component_ref idref="oc-4c"/>
      </symbol>
      <symbol id="sm-d00">
         <name>__aeabi_memcpy4</name>
         <value>0x8db9</value>
         <object_component_ref idref="oc-4c"/>
      </symbol>
      <symbol id="sm-d0f">
         <name>__aeabi_memset</name>
         <value>0x8e57</value>
         <object_component_ref idref="oc-149"/>
      </symbol>
      <symbol id="sm-d10">
         <name>memset</name>
         <value>0x8e5d</value>
         <object_component_ref idref="oc-149"/>
      </symbol>
      <symbol id="sm-d11">
         <name>__aeabi_memset8</name>
         <value>0x8e57</value>
         <object_component_ref idref="oc-149"/>
      </symbol>
      <symbol id="sm-d12">
         <name>__aeabi_memset4</name>
         <value>0x8e57</value>
         <object_component_ref idref="oc-149"/>
      </symbol>
      <symbol id="sm-d13">
         <name>__aeabi_memclr8</name>
         <value>0x8e55</value>
         <object_component_ref idref="oc-149"/>
      </symbol>
      <symbol id="sm-d14">
         <name>__aeabi_memclr4</name>
         <value>0x8e55</value>
         <object_component_ref idref="oc-149"/>
      </symbol>
      <symbol id="sm-d15">
         <name>__aeabi_memclr</name>
         <value>0x8e55</value>
         <object_component_ref idref="oc-149"/>
      </symbol>
      <symbol id="sm-d24">
         <name>__aeabi_uidivmod</name>
         <value>0x917d</value>
         <object_component_ref idref="oc-270"/>
      </symbol>
      <symbol id="sm-d25">
         <name>__aeabi_uidiv</name>
         <value>0x917d</value>
         <object_component_ref idref="oc-270"/>
      </symbol>
      <symbol id="sm-d37">
         <name>__TI_zero_init</name>
         <value>0x956f</value>
         <object_component_ref idref="oc-5e"/>
      </symbol>
      <symbol id="sm-d4e">
         <name>__TI_decompress_none</name>
         <value>0x9519</value>
         <object_component_ref idref="oc-1b"/>
      </symbol>
      <symbol id="sm-d71">
         <name>__TI_decompress_lzss</name>
         <value>0x8f39</value>
         <object_component_ref idref="oc-15"/>
      </symbol>
      <symbol id="sm-d81">
         <name>memcmp</name>
         <value>0x931d</value>
         <object_component_ref idref="oc-296"/>
      </symbol>
      <symbol id="sm-d91">
         <name>strchr</name>
         <value>0x9445</value>
         <object_component_ref idref="oc-29c"/>
      </symbol>
      <symbol id="sm-da4">
         <name>__stack</name>
         <value>0x200059e0</value>
         <object_component_ref idref="oc-24"/>
      </symbol>
      <symbol id="sm-da5">
         <name>_c_int00_noargs</name>
         <value>0x9299</value>
         <object_component_ref idref="oc-6a"/>
      </symbol>
      <symbol id="sm-daf">
         <name>__aeabi_idiv0</name>
         <value>0x450f</value>
         <object_component_ref idref="oc-3d1"/>
      </symbol>
      <symbol id="sm-db0">
         <name>__aeabi_ldiv0</name>
         <value>0x450f</value>
         <object_component_ref idref="oc-3d1"/>
      </symbol>
      <symbol id="sm-dd8">
         <name>__TI_auto_init_nobinit_nopinit</name>
         <value>0x9139</value>
         <object_component_ref idref="oc-30b"/>
      </symbol>
      <symbol id="sm-de2">
         <name>_system_pre_init</name>
         <value>0x95df</value>
         <object_component_ref idref="oc-14f"/>
      </symbol>
      <symbol id="sm-dee">
         <name>C$$EXIT</name>
         <value>0x95e3</value>
         <object_component_ref idref="oc-2ff"/>
      </symbol>
      <symbol id="sm-def">
         <name>abort</name>
         <value>0x95e3</value>
         <object_component_ref idref="oc-2ff"/>
      </symbol>
      <symbol id="sm-df2">
         <name>__TI_static_base__</name>
         <value>0x0</value>
      </symbol>
      <symbol id="sm-df5">
         <name>__mpu_init</name>
         <value>0x0</value>
      </symbol>
      <symbol id="sm-df6">
         <name>_system_post_cinit</name>
         <value>0x0</value>
      </symbol>
   </symbol_table>
   <title>Link successful</title>
</link_info>
