******************************************************************************
                  TI ARM Linker PC v20.2.2                     
******************************************************************************
>> Linked Wed Jul 28 01:53:56 2021

OUTPUT FILE NAME:   <TestQueue_MusicPlayer_FreeRTOS.out>
ENTRY POINT SYMBOL: "_c_int00_noargs"  address: 00008de9


MEMORY CONFIGURATION

         name            origin    length      used     unused   attr    fill
----------------------  --------  ---------  --------  --------  ----  --------
  FLASH                 00000000   00040000  000094fe  00036b02  R  X
  SRAM                  20000000   00008000  00005c19  000023e7  RW X


SEGMENT ALLOCATION MAP

run origin  load origin   length   init length attrs members
----------  ----------- ---------- ----------- ----- -------
00000000    00000000    00009500   00009500    r-x
  00000000    00000000    0000026c   0000026c    r-- .intvecs
  0000026c    0000026c    00008eca   00008eca    r-x .text
  00009138    00009138    00000380   00000380    r-- .const
  000094b8    000094b8    00000048   00000048    r-- .cinit
20000000    20000000    00005c20   00000000    rw-
  20000000    20000000    0000026c   00000000    rw- .vtable
  2000026c    2000026c    00005565   00000000    rw- .bss
  200057d8    200057d8    00000400   00000000    rw- .stack
  20005bd8    20005bd8    00000048   00000000    rw- .data


SECTION ALLOCATION MAP

 output                                  attributes/
section   page    origin      length       input sections
--------  ----  ----------  ----------   ----------------
.intvecs   0    00000000    0000026c     
                  00000000    0000026c     tm4c123gh6pm_startup_ccs.obj (.intvecs)

.text      0    0000026c    00008eca     
                  0000026c    000042a2     ff.obj (.text)
                  0000450e    00000002     rtsv7M4_T_le_v4SPD16_eabi.lib : div0.asm.obj (.text)
                  00004510    000019f8     tasks.obj (.text)
                  00005f08    00000ca0     queue.obj (.text)
                  00006ba8    00000668     sdmm.obj (.text)
                  00007210    000005d0     main.obj (.text)
                  000077e0    000004a8     uartstdio.obj (.text)
                  00007c88    00000268     Init.obj (.text)
                  00007ef0    000001d8     heap_2.obj (.text)
                  000080c8    0000016c     driverlib.lib : gpio.obj (.text:GPIOPadConfigSet)
                  00008234    0000013c     port.obj (.text)
                  00008370    0000012a     list.obj (.text)
                  0000849a    00000002     --HOLE-- [fill = 0]
                  0000849c    00000118     driverlib.lib : sysctl.obj (.text:SysCtlClockGet)
                  000085b4    000000f4                   : sysctl.obj (.text:SysCtlClockSet)
                  000086a8    000000da     portasm.obj (.text)
                  00008782    00000002     --HOLE-- [fill = 0]
                  00008784    000000d4     SPI_Control.obj (.text)
                  00008858    000000b0     driverlib.lib : pwm.obj (.text:_PWMGenIntNumberGet)
                  00008908    0000009c     rtsv7M4_T_le_v4SPD16_eabi.lib : memcpy_t2.asm.obj (.text)
                  000089a4    0000007a                                   : memset_t2.asm.obj (.text)
                  00008a1e    00000002     --HOLE-- [fill = 0]
                  00008a20    00000068     driverlib.lib : interrupt.obj (.text:IntEnable)
                  00008a88    00000068     rtsv7M4_T_le_v4SPD16_eabi.lib : copy_decompress_lzss.c.obj (.text:decompress:lzss:__TI_decompress_lzss)
                  00008af0    00000060     driverlib.lib : timer.obj (.text:TimerConfigure)
                  00008b50    00000058                   : gpio.obj (.text:GPIOIntTypeSet)
                  00008ba8    0000004c                   : gpio.obj (.text:GPIOPinConfigure)
                  00008bf4    0000004c                   : timer.obj (.text:_TimerIntNumberGet)
                  00008c40    00000046                   : uart.obj (.text:UARTConfigSetExpClk)
                  00008c86    00000002     --HOLE-- [fill = 0]
                  00008c88    00000044     rtsv7M4_T_le_v4SPD16_eabi.lib : autoinit.c.obj (.text:__TI_auto_init_nobinit_nopinit:__TI_auto_init_nobinit_nopinit)
                  00008ccc    00000040                                   : u_divt2.asm.obj (.text)
                  00008d0c    0000003c     driverlib.lib : ssi.obj (.text:SSIConfigSetExpClk)
                  00008d48    00000038                   : sysctl.obj (.text:SysCtlPeripheralPresent)
                  00008d80    00000034                   : interrupt.obj (.text:IntRegister)
                  00008db4    00000034                   : sysctl.obj (.text:SysCtlPeripheralEnable)
                  00008de8    00000034     rtsv7M4_T_le_v4SPD16_eabi.lib : boot_cortex_m.c.obj (.text:_c_int00_noargs:_c_int00_noargs)
                  00008e1c    0000002c     driverlib.lib : gpio.obj (.text:GPIODirModeSet)
                  00008e48    00000024                   : interrupt.obj (.text:IntPrioritySet)
                  00008e6c    00000024     rtsv7M4_T_le_v4SPD16_eabi.lib : memcmp.c.obj (.text:memcmp)
                  00008e90    00000022     driverlib.lib : pwm.obj (.text:PWMGenConfigure)
                  00008eb2    00000002     --HOLE-- [fill = 0]
                  00008eb4    00000020                   : uart.obj (.text:UARTDisable)
                  00008ed4    0000001e                   : pwm.obj (.text:PWMPulseWidthSet)
                  00008ef2    0000001a                   : gpio.obj (.text:GPIOPinTypeGPIOOutput)
                  00008f0c    00000018                   : pwm.obj (.text:PWMGenIntRegister)
                  00008f24    00000018                   : timer.obj (.text:TimerIntRegister)
                  00008f3c    00000016                   : gpio.obj (.text:GPIOPinTypeGPIOInput)
                  00008f52    00000016                   : gpio.obj (.text:GPIOPinTypePWM)
                  00008f68    00000016                   : gpio.obj (.text:GPIOPinTypeSSI)
                  00008f7e    00000016                   : gpio.obj (.text:GPIOPinTypeUART)
                  00008f94    00000016     rtsv7M4_T_le_v4SPD16_eabi.lib : strchr.c.obj (.text:strchr)
                  00008faa    00000002     --HOLE-- [fill = 0]
                  00008fac    00000014     driverlib.lib : sysctl.obj (.text:SysCtlPWMClockSet)
                  00008fc0    00000014                   : uart.obj (.text:UARTEnable)
                  00008fd4    00000012                   : pwm.obj (.text:PWMOutputState)
                  00008fe6    00000012                   : ssi.obj (.text:SSIDataGetNonBlocking)
                  00008ff8    00000012                   : timer.obj (.text:TimerLoadSet)
                  0000900a    00000012     tm4c123gh6pm_startup_ccs.obj (.text)
                  0000901c    00000010     driverlib.lib : interrupt.obj (.text:IntMasterDisable)
                  0000902c    00000010                   : interrupt.obj (.text:IntMasterEnable)
                  0000903c    00000010                   : pwm.obj (.text:PWMGenPeriodSet)
                  0000904c    0000000e                   : gpio.obj (.text:GPIOIntStatus)
                  0000905a    0000000e                   : timer.obj (.text:TimerEnable)
                  00009068    0000000e     rtsv7M4_T_le_v4SPD16_eabi.lib : copy_decompress_none.c.obj (.text:decompress:none:__TI_decompress_none)
                  00009076    0000000c     driverlib.lib : cpu.obj (.text:CPUcpsid)
                  00009082    0000000c                   : cpu.obj (.text:CPUcpsie)
                  0000908e    0000000c                   : gpio.obj (.text:GPIOIntEnable)
                  0000909a    0000000c                   : pwm.obj (.text:PWMGenDisable)
                  000090a6    0000000c                   : pwm.obj (.text:PWMGenEnable)
                  000090b2    0000000c                   : ssi.obj (.text:SSIDataGet)
                  000090be    0000000c     rtsv7M4_T_le_v4SPD16_eabi.lib : copy_zero_init.c.obj (.text:decompress:ZI:__TI_zero_init)
                  000090ca    0000000a     driverlib.lib : pwm.obj (.text:PWMGenIntTrigEnable)
                  000090d4    0000000a                   : ssi.obj (.text:SSIDataPut)
                  000090de    0000000a                   : ssi.obj (.text:SSIEnable)
                  000090e8    0000000a                   : uart.obj (.text:UARTCharGet)
                  000090f2    0000000a                   : uart.obj (.text:UARTCharPut)
                  000090fc    00000008                   : pwm.obj (.text:PWMIntEnable)
                  00009104    00000008                   : timer.obj (.text:TimerIntEnable)
                  0000910c    00000006                   : gpio.obj (.text:GPIOIntClear)
                  00009112    00000006                   : gpio.obj (.text:GPIOPinRead)
                  00009118    00000006                   : gpio.obj (.text:GPIOPinWrite)
                  0000911e    00000006                   : pwm.obj (.text:PWMGenIntClear)
                  00009124    00000006                   : sysctl.obj (.text:SysCtlDelay)
                  0000912a    00000004                   : timer.obj (.text:TimerIntClear)
                  0000912e    00000004     rtsv7M4_T_le_v4SPD16_eabi.lib : pre_init.c.obj (.text:_system_pre_init)
                  00009132    00000004                                   : exit.c.obj (.text:abort:abort)

.const     0    00009138    00000380     
                  00009138    0000009c     driverlib.lib : interrupt.obj (.const:g_pui32Regs)
                  000091d4    00000090                   : gpio.obj (.const:g_pui32GPIOBaseAddrs)
                  00009264    00000080     ff.obj (.const:.string:ExCvt)
                  000092e4    0000006c     driverlib.lib : sysctl.obj (.const:g_pui32Xtals)
                  00009350    00000060                   : timer.obj (.const:g_ppui32TimerIntMap)
                  000093b0    00000040                   : timer.obj (.const:g_ppui32TimerIntMapSnowflake)
                  000093f0    00000014                   : interrupt.obj (.const:g_pui32EnRegs)
                  00009404    00000012     ff.obj (.const:.string:badchr$1)
                  00009416    00000002     --HOLE-- [fill = 0]
                  00009418    00000012     uartstdio.obj (.const:.string)
                  0000942a    00000002     --HOLE-- [fill = 0]
                  0000942c    00000010     ff.obj (.const:defopt$4)
                  0000943c    0000000f     main.obj (.const:.string:$P$T3$4)
                  0000944b    00000001     --HOLE-- [fill = 0]
                  0000944c    0000000e     ff.obj (.const:cst$2)
                  0000945a    0000000e     ff.obj (.const:cst32$3)
                  00009468    0000000c     uartstdio.obj (.const:g_ui32UARTBase)
                  00009474    0000000c     uartstdio.obj (.const:g_ui32UARTPeriph)
                  00009480    0000000a     Init.obj (.const:.string:$P$T1$2)
                  0000948a    0000000a     main.obj (.const:.string:$P$T2$3)
                  00009494    00000009     main.obj (.const:.string:$P$T1$2)
                  0000949d    00000008     Init.obj (.const:.string:$P$T0$1)
                  000094a5    00000005     main.obj (.const:.string:$P$T0$1)
                  000094aa    00000002     --HOLE-- [fill = 0]
                  000094ac    00000004     port.obj (.const)
                  000094b0    00000004     tasks.obj (.const)
                  000094b4    00000004     uartstdio.obj (.const)

.cinit     0    000094b8    00000048     
                  000094b8    00000013     (.cinit..data.load) [load image, compression = lzss]
                  000094cb    00000001     --HOLE-- [fill = 0]
                  000094cc    0000000c     (__TI_handler_table)
                  000094d8    00000008     (.cinit..bss.load) [load image, compression = zero_init]
                  000094e0    00000008     (.cinit..vtable.load) [load image, compression = zero_init]
                  000094e8    00000018     (__TI_cinit_table)

.init_array 
*          0    00000000    00000000     UNINITIALIZED

.vtable    0    20000000    0000026c     UNINITIALIZED
                  20000000    0000026c     driverlib.lib : interrupt.obj (.vtable)

.bss       0    2000026c    00005565     UNINITIALIZED
                  2000026c    00004e20     heap_2.obj (.bss:ucHeap)
                  2000508c    00000230     (.common:FatFs)
                  200052bc    0000022c     (.common:Fil)
                  200054e8    00000140     tasks.obj (.bss:pxReadyTasksLists)
                  20005628    00000084     (.common:allSongName)
                  200056ac    00000050     (.common:xQueueRegistry)
                  200056fc    00000030     (.common:DirMusic)
                  2000572c    00000018     (.common:FileInfo)
                  20005744    00000014     tasks.obj (.bss:xDelayedTaskList1)
                  20005758    00000014     tasks.obj (.bss:xDelayedTaskList2)
                  2000576c    00000014     tasks.obj (.bss:xPendingReadyList)
                  20005780    00000014     tasks.obj (.bss:xSuspendedTaskList)
                  20005794    00000014     tasks.obj (.bss:xTasksWaitingTermination)
                  200057a8    00000008     tasks.obj (.bss)
                  200057b0    00000008     heap_2.obj (.bss:xEnd)
                  200057b8    00000008     heap_2.obj (.bss:xStart)
                  200057c0    00000004     ff.obj (.bss:FatFs)
                  200057c4    00000004     (.common:BiSemap_PWM)
                  200057c8    00000004     (.common:QueueMainBuffer)
                  200057cc    00000002     ff.obj (.bss)
                  200057ce    00000001     sdmm.obj (.bss)
                  200057cf    00000001     (.common:audioState)
                  200057d0    00000001     (.common:numOrderOfSong)

.data      0    20005bd8    00000048     UNINITIALIZED
                  20005bd8    00000034     tasks.obj (.data)
                  20005c0c    00000008     heap_2.obj (.data)
                  20005c14    00000005     uartstdio.obj (.data)
                  20005c19    00000002     main.obj (.data)
                  20005c1b    00000001     sdmm.obj (.data)
                  20005c1c    00000004     port.obj (.data)

.stack     0    200057d8    00000400     UNINITIALIZED
                  200057d8    00000004     rtsv7M4_T_le_v4SPD16_eabi.lib : boot_cortex_m.c.obj (.stack)
                  200057dc    000003fc     --HOLE--

__llvm_prf_cnts 
*          0    20000000    00000000     UNINITIALIZED

MODULE SUMMARY

       Module                         code    ro data   rw data
       ------                         ----    -------   -------
    .\
       tm4c123gh6pm_startup_ccs.obj   18      620       0      
    +--+------------------------------+-------+---------+---------+
       Total:                         18      620       0      
                                                               
    .\Application\
       main.obj                       1488    39        1332   
       uartstdio.obj                  1192    46        5      
       Init.obj                       616     18        0      
    +--+------------------------------+-------+---------+---------+
       Total:                         3296    103       1337   
                                                               
    .\FatFs_Control\
       ff.obj                         17058   190       6      
       sdmm.obj                       1640    0         2      
       SPI_Control.obj                212     0         0      
    +--+------------------------------+-------+---------+---------+
       Total:                         18910   190       8      
                                                               
    .\Source\
       tasks.obj                      6648    4         480    
       queue.obj                      3232    0         80     
       list.obj                       298     0         0      
    +--+------------------------------+-------+---------+---------+
       Total:                         10178   4         560    
                                                               
    .\Source\portable\CCS\ARM_CM4F\
       port.obj                       316     4         4      
       portasm.obj                    218     0         0      
    +--+------------------------------+-------+---------+---------+
       Total:                         534     4         4      
                                                               
    .\Source\portable\MemMang\
       heap_2.obj                     472     0         20024  
    +--+------------------------------+-------+---------+---------+
       Total:                         472     0         20024  
                                                               
    C:/ti/TivaWare_C_Series-2.2.0.295/driverlib/ccs/Debug/driverlib.lib
       interrupt.obj                  224     176       620    
       gpio.obj                       730     144       0      
       sysctl.obj                     658     108       0      
       timer.obj                      240     160       0      
       pwm.obj                        346     0         0      
       uart.obj                       142     0         0      
       ssi.obj                        110     0         0      
       cpu.obj                        24      0         0      
    +--+------------------------------+-------+---------+---------+
       Total:                         2474    588       620    
                                                               
    C:\ti\ccs1020\ccs\tools\compiler\ti-cgt-arm_20.2.2.LTS\lib\rtsv7M4_T_le_v4SPD16_eabi.lib
       memcpy_t2.asm.obj              156     0         0      
       memset_t2.asm.obj              122     0         0      
       copy_decompress_lzss.c.obj     104     0         0      
       autoinit.c.obj                 68      0         0      
       u_divt2.asm.obj                64      0         0      
       boot_cortex_m.c.obj            52      0         0      
       memcmp.c.obj                   36      0         0      
       strchr.c.obj                   22      0         0      
       copy_decompress_none.c.obj     14      0         0      
       copy_zero_init.c.obj           12      0         0      
       exit.c.obj                     4       0         0      
       pre_init.c.obj                 4       0         0      
       div0.asm.obj                   2       0         0      
    +--+------------------------------+-------+---------+---------+
       Total:                         660     0         0      
                                                               
       Stack:                         0       0         1024   
       Linker Generated:              0       71        0      
    +--+------------------------------+-------+---------+---------+
       Grand Total:                   36542   1580      23577  


LINKER GENERATED COPY TABLES

__TI_cinit_table @ 000094e8 records: 3, size/record: 8, table size: 24
	.data: load addr=000094b8, load size=00000013 bytes, run addr=20005bd8, run size=00000048 bytes, compression=lzss
	.bss: load addr=000094d8, load size=00000008 bytes, run addr=2000026c, run size=00005565 bytes, compression=zero_init
	.vtable: load addr=000094e0, load size=00000008 bytes, run addr=20000000, run size=0000026c bytes, compression=zero_init


LINKER GENERATED HANDLER TABLE

__TI_handler_table @ 000094cc records: 3, size/record: 4, table size: 12
	index: 0, handler: __TI_zero_init
	index: 1, handler: __TI_decompress_lzss
	index: 2, handler: __TI_decompress_none


GLOBAL SYMBOLS: SORTED ALPHABETICALLY BY Name 

address   name                               
-------   ----                               
200057c4  BiSemap_PWM                        
00009133  C$$EXIT                            
00009077  CPUcpsid                           
00009083  CPUcpsie                           
000087a3  DelayMs                            
00008785  DelayUs                            
200056fc  DirMusic                           
2000508c  FatFs                              
200052bc  Fil                                
2000572c  FileInfo                           
00008e1d  GPIODirModeSet                     
0000910d  GPIOIntClear                       
0000908f  GPIOIntEnable                      
00007651  GPIOIntHandler                     
0000904d  GPIOIntStatus                      
00008b51  GPIOIntTypeSet                     
000080c9  GPIOPadConfigSet                   
00008ba9  GPIOPinConfigure                   
00009113  GPIOPinRead                        
00008f3d  GPIOPinTypeGPIOInput               
00008ef3  GPIOPinTypeGPIOOutput              
00008f53  GPIOPinTypePWM                     
00008f69  GPIOPinTypeSSI                     
00008f7f  GPIOPinTypeUART                    
00009119  GPIOPinWrite                       
00007dfb  InitDebug                          
00007c89  InitGPIO                           
00007d15  InitPWM                            
00007db5  Init_Timer0                        
00008a21  IntEnable                          
0000901d  IntMasterDisable                   
0000902d  IntMasterEnable                    
00008e49  IntPrioritySet                     
00008d81  IntRegister                        
00007439  PWM0Gen0IntHandler                 
00008e91  PWMGenConfigure                    
0000909b  PWMGenDisable                      
000090a7  PWMGenEnable                       
0000911f  PWMGenIntClear                     
00008f0d  PWMGenIntRegister                  
000090cb  PWMGenIntTrigEnable                
0000903d  PWMGenPeriodSet                    
000090fd  PWMIntEnable                       
00008fd5  PWMOutputState                     
00008ed5  PWMPulseWidthSet                   
0000749d  PlayMusic                          
200057c8  QueueMainBuffer                    
0000900b  ResetISR                           
000087c3  SPI_Init                           
00008d0d  SSIConfigSetExpClk                 
000090b3  SSIDataGet                         
00008fe7  SSIDataGetNonBlocking              
000090d5  SSIDataPut                         
000090df  SSIEnable                          
0000849d  SysCtlClockGet                     
000085b5  SysCtlClockSet                     
00009125  SysCtlDelay                        
00008fad  SysCtlPWMClockSet                  
00008db5  SysCtlPeripheralEnable             
00008d49  SysCtlPeripheralPresent            
00007735  Timer0A_Int                        
00008af1  TimerConfigure                     
0000905b  TimerEnable                        
0000912b  TimerIntClear                      
00009105  TimerIntEnable                     
00008f25  TimerIntRegister                   
00008ff9  TimerLoadSet                       
000090e9  UARTCharGet                        
000090f3  UARTCharPut                        
00008c41  UARTConfigSetExpClk                
00008eb5  UARTDisable                        
00008fc1  UARTEnable                         
000077e1  UARTStdioConfig                    
00007931  UARTgetc                           
00007877  UARTgets                           
00007c53  UARTprintf                         
00007959  UARTvprintf                        
00007827  UARTwrite                          
20005bd8  __STACK_END                        
00000400  __STACK_SIZE                       
200059d8  __STACK_TOP                        
000094e8  __TI_CINIT_Base                    
00009500  __TI_CINIT_Limit                   
000094cc  __TI_Handler_Table_Base            
000094d8  __TI_Handler_Table_Limit           
00008c89  __TI_auto_init_nobinit_nopinit     
00008a89  __TI_decompress_lzss               
00009069  __TI_decompress_none               
ffffffff  __TI_pprof_out_hndl                
ffffffff  __TI_prof_data_size                
ffffffff  __TI_prof_data_start               
00000000  __TI_static_base__                 
000090bf  __TI_zero_init                     
0000450f  __aeabi_idiv0                      
0000450f  __aeabi_ldiv0                      
000089a5  __aeabi_memclr                     
000089a5  __aeabi_memclr4                    
000089a5  __aeabi_memclr8                    
00008909  __aeabi_memcpy                     
00008909  __aeabi_memcpy4                    
00008909  __aeabi_memcpy8                    
000089a7  __aeabi_memset                     
000089a7  __aeabi_memset4                    
000089a7  __aeabi_memset8                    
00008ccd  __aeabi_uidiv                      
00008ccd  __aeabi_uidivmod                   
ffffffff  __binit__                          
ffffffff  __c_args__                         
UNDEFED   __mpu_init                         
200057d8  __stack                            
20000000  __start___llvm_prf_cnts            
20000000  __stop___llvm_prf_cnts             
00008de9  _c_int00_noargs                    
UNDEFED   _system_post_cinit                 
0000912f  _system_pre_init                   
00009133  abort                              
20005628  allSongName                        
200057cf  audioState                         
ffffffff  binit                              
00006e4d  disk_initialize                    
000070fd  disk_ioctl                         
00006fc1  disk_read                          
00006e2d  disk_status                        
0000704d  disk_write                         
000048a1  eTaskGetState                      
00002e5d  f_chmod                            
00002267  f_close                            
000026f7  f_closedir                         
00003259  f_expand                           
000027cd  f_findfirst                        
00002791  f_findnext                         
000033ff  f_forward                          
0000285b  f_getfree                          
00002f73  f_getlabel                         
00003f99  f_gets                             
0000229d  f_lseek                            
00002b95  f_mkdir                            
000037cf  f_mkfs                             
00001997  f_mount                            
00001a19  f_open                             
00002653  f_opendir                          
00004129  f_printf                           
000040cd  f_putc                             
000040f5  f_puts                             
00001cd5  f_read                             
00002719  f_readdir                          
00002ce7  f_rename                           
0000307d  f_setlabel                         
00002807  f_stat                             
000021a1  f_sync                             
00002995  f_truncate                         
00002aa3  f_unlink                           
00002ef7  f_utime                            
00001f0b  f_write                            
20000000  g_pfnRAMVectors                    
00000000  g_pfnVectors                       
0000721b  main                               
00008e6d  memcmp                             
00008909  memcpy                             
000089ad  memset                             
200057d0  numOrderOfSong                     
000073e1  out_stream                         
00006b1d  pcQueueGetName                     
00004ec3  pcTaskGetName                      
00007ef1  pvPortMalloc                       
00005927  pvTaskIncrementMutexHeldCount      
20005bd8  pxCurrentTCB                       
00008235  pxPortInitialiseStack              
00008f95  strchr                             
20005c19  timeOutTimer0                      
20005c1a  totalSongs                         
0000686f  ucQueueGetQueueType                
000094ac  ulMaxSyscallInterruptPriority      
000086b9  ulPortGetIPSR                      
00005949  ulTaskGenericNotifyTake            
00005e09  ulTaskGenericNotifyValueClear      
00008453  uxListRemove                       
0000684f  uxQueueGetQueueNumber              
000067ed  uxQueueMessagesWaiting             
00006823  uxQueueMessagesWaitingFromISR      
00006803  uxQueueSpacesAvailable             
00004ebd  uxTaskGetNumberOfTasks             
0000564d  uxTaskGetStackHighWaterMark        
00004eed  uxTaskGetSystemState               
000053e1  uxTaskGetTaskNumber                
00004969  uxTaskPriorityGet                  
00004991  uxTaskPriorityGetFromISR           
00005905  uxTaskResetEventItemValue          
000094b0  uxTopUsedPriority                  
00007211  vApplicationStackOverflowHook      
00008371  vListInitialise                    
000083a1  vListInitialiseItem                
000083ed  vListInsert                        
000083b1  vListInsertEnd                     
00008775  vPortEnableVFP                     
000082d5  vPortEndScheduler                  
000082d7  vPortEnterCritical                 
000082f7  vPortExitCritical                  
00008009  vPortFree                          
0000806d  vPortInitialiseBlocks              
00008731  vPortSVCHandler                    
00008333  vPortSetupTimerInterrupt           
00008751  vPortStartFirstTask                
00006adb  vQueueAddToRegistry                
00006839  vQueueDelete                       
0000685d  vQueueSetQueueNumber               
00006b5d  vQueueUnregisterQueue              
0000485d  vTaskDelay                         
0000471f  vTaskDelete                        
00004d83  vTaskEndScheduler                  
00005cf9  vTaskGenericNotifyGiveFromISR      
000054bd  vTaskGetInfo                       
00005327  vTaskInternalSetTimeOutState       
000053d9  vTaskMissedYield                   
000051c3  vTaskPlaceOnEventList              
000051e5  vTaskPlaceOnUnorderedEventList     
00005845  vTaskPriorityDisinheritAfterTimeout
000049d9  vTaskPrioritySet                   
0000529d  vTaskRemoveFromUnorderedEventList  
00004c23  vTaskResume                        
00005401  vTaskSetTaskNumber                 
00005309  vTaskSetTimeOutState               
00004d39  vTaskStartScheduler                
00004af1  vTaskSuspend                       
00004d9f  vTaskSuspendAll                    
00005121  vTaskSwitchContext                 
00008067  xPortGetFreeHeapSize               
000086d1  xPortPendSVHandler                 
0000829f  xPortStartScheduler                
0000830d  xPortSysTickHandler                
0000605d  xQueueCreateMutex                  
00005fa9  xQueueGenericCreate                
00005f09  xQueueGenericReset                 
00006109  xQueueGenericSend                  
00006237  xQueueGenericSendFromISR           
000062d9  xQueueGiveFromISR                  
00006089  xQueueGiveMutexRecursive           
00006a6f  xQueueIsQueueEmptyFromISR          
00006ab5  xQueueIsQueueFullFromISR           
000065df  xQueuePeek                         
0000679b  xQueuePeekFromISR                  
0000636d  xQueueReceive                      
00006701  xQueueReceiveFromISR               
200056ac  xQueueRegistry                     
00006485  xQueueSemaphoreTake                
000060c5  xQueueTakeMutexRecursive           
00004fc5  xTaskCatchUpTicks                  
00005351  xTaskCheckForTimeOut               
00004511  xTaskCreate                        
000047cd  xTaskDelayUntil                    
00005ab7  xTaskGenericNotify                 
00005bc5  xTaskGenericNotifyFromISR          
00005db5  xTaskGenericNotifyStateClear       
000059ed  xTaskGenericNotifyWait             
000056b3  xTaskGetCurrentTaskHandle          
00004e93  xTaskGetTickCount                  
00004ea9  xTaskGetTickCountFromISR           
00005005  xTaskIncrementTick                 
000057bb  xTaskPriorityDisinherit            
000056ed  xTaskPriorityInherit               
0000521d  xTaskRemoveFromEventList           
00004db1  xTaskResumeAll                     
00004ca1  xTaskResumeFromISR                 


GLOBAL SYMBOLS: SORTED BY Symbol Address 

address   name                               
-------   ----                               
00000000  __TI_static_base__                 
00000000  g_pfnVectors                       
00000400  __STACK_SIZE                       
00001997  f_mount                            
00001a19  f_open                             
00001cd5  f_read                             
00001f0b  f_write                            
000021a1  f_sync                             
00002267  f_close                            
0000229d  f_lseek                            
00002653  f_opendir                          
000026f7  f_closedir                         
00002719  f_readdir                          
00002791  f_findnext                         
000027cd  f_findfirst                        
00002807  f_stat                             
0000285b  f_getfree                          
00002995  f_truncate                         
00002aa3  f_unlink                           
00002b95  f_mkdir                            
00002ce7  f_rename                           
00002e5d  f_chmod                            
00002ef7  f_utime                            
00002f73  f_getlabel                         
0000307d  f_setlabel                         
00003259  f_expand                           
000033ff  f_forward                          
000037cf  f_mkfs                             
00003f99  f_gets                             
000040cd  f_putc                             
000040f5  f_puts                             
00004129  f_printf                           
0000450f  __aeabi_idiv0                      
0000450f  __aeabi_ldiv0                      
00004511  xTaskCreate                        
0000471f  vTaskDelete                        
000047cd  xTaskDelayUntil                    
0000485d  vTaskDelay                         
000048a1  eTaskGetState                      
00004969  uxTaskPriorityGet                  
00004991  uxTaskPriorityGetFromISR           
000049d9  vTaskPrioritySet                   
00004af1  vTaskSuspend                       
00004c23  vTaskResume                        
00004ca1  xTaskResumeFromISR                 
00004d39  vTaskStartScheduler                
00004d83  vTaskEndScheduler                  
00004d9f  vTaskSuspendAll                    
00004db1  xTaskResumeAll                     
00004e93  xTaskGetTickCount                  
00004ea9  xTaskGetTickCountFromISR           
00004ebd  uxTaskGetNumberOfTasks             
00004ec3  pcTaskGetName                      
00004eed  uxTaskGetSystemState               
00004fc5  xTaskCatchUpTicks                  
00005005  xTaskIncrementTick                 
00005121  vTaskSwitchContext                 
000051c3  vTaskPlaceOnEventList              
000051e5  vTaskPlaceOnUnorderedEventList     
0000521d  xTaskRemoveFromEventList           
0000529d  vTaskRemoveFromUnorderedEventList  
00005309  vTaskSetTimeOutState               
00005327  vTaskInternalSetTimeOutState       
00005351  xTaskCheckForTimeOut               
000053d9  vTaskMissedYield                   
000053e1  uxTaskGetTaskNumber                
00005401  vTaskSetTaskNumber                 
000054bd  vTaskGetInfo                       
0000564d  uxTaskGetStackHighWaterMark        
000056b3  xTaskGetCurrentTaskHandle          
000056ed  xTaskPriorityInherit               
000057bb  xTaskPriorityDisinherit            
00005845  vTaskPriorityDisinheritAfterTimeout
00005905  uxTaskResetEventItemValue          
00005927  pvTaskIncrementMutexHeldCount      
00005949  ulTaskGenericNotifyTake            
000059ed  xTaskGenericNotifyWait             
00005ab7  xTaskGenericNotify                 
00005bc5  xTaskGenericNotifyFromISR          
00005cf9  vTaskGenericNotifyGiveFromISR      
00005db5  xTaskGenericNotifyStateClear       
00005e09  ulTaskGenericNotifyValueClear      
00005f09  xQueueGenericReset                 
00005fa9  xQueueGenericCreate                
0000605d  xQueueCreateMutex                  
00006089  xQueueGiveMutexRecursive           
000060c5  xQueueTakeMutexRecursive           
00006109  xQueueGenericSend                  
00006237  xQueueGenericSendFromISR           
000062d9  xQueueGiveFromISR                  
0000636d  xQueueReceive                      
00006485  xQueueSemaphoreTake                
000065df  xQueuePeek                         
00006701  xQueueReceiveFromISR               
0000679b  xQueuePeekFromISR                  
000067ed  uxQueueMessagesWaiting             
00006803  uxQueueSpacesAvailable             
00006823  uxQueueMessagesWaitingFromISR      
00006839  vQueueDelete                       
0000684f  uxQueueGetQueueNumber              
0000685d  vQueueSetQueueNumber               
0000686f  ucQueueGetQueueType                
00006a6f  xQueueIsQueueEmptyFromISR          
00006ab5  xQueueIsQueueFullFromISR           
00006adb  vQueueAddToRegistry                
00006b1d  pcQueueGetName                     
00006b5d  vQueueUnregisterQueue              
00006e2d  disk_status                        
00006e4d  disk_initialize                    
00006fc1  disk_read                          
0000704d  disk_write                         
000070fd  disk_ioctl                         
00007211  vApplicationStackOverflowHook      
0000721b  main                               
000073e1  out_stream                         
00007439  PWM0Gen0IntHandler                 
0000749d  PlayMusic                          
00007651  GPIOIntHandler                     
00007735  Timer0A_Int                        
000077e1  UARTStdioConfig                    
00007827  UARTwrite                          
00007877  UARTgets                           
00007931  UARTgetc                           
00007959  UARTvprintf                        
00007c53  UARTprintf                         
00007c89  InitGPIO                           
00007d15  InitPWM                            
00007db5  Init_Timer0                        
00007dfb  InitDebug                          
00007ef1  pvPortMalloc                       
00008009  vPortFree                          
00008067  xPortGetFreeHeapSize               
0000806d  vPortInitialiseBlocks              
000080c9  GPIOPadConfigSet                   
00008235  pxPortInitialiseStack              
0000829f  xPortStartScheduler                
000082d5  vPortEndScheduler                  
000082d7  vPortEnterCritical                 
000082f7  vPortExitCritical                  
0000830d  xPortSysTickHandler                
00008333  vPortSetupTimerInterrupt           
00008371  vListInitialise                    
000083a1  vListInitialiseItem                
000083b1  vListInsertEnd                     
000083ed  vListInsert                        
00008453  uxListRemove                       
0000849d  SysCtlClockGet                     
000085b5  SysCtlClockSet                     
000086b9  ulPortGetIPSR                      
000086d1  xPortPendSVHandler                 
00008731  vPortSVCHandler                    
00008751  vPortStartFirstTask                
00008775  vPortEnableVFP                     
00008785  DelayUs                            
000087a3  DelayMs                            
000087c3  SPI_Init                           
00008909  __aeabi_memcpy                     
00008909  __aeabi_memcpy4                    
00008909  __aeabi_memcpy8                    
00008909  memcpy                             
000089a5  __aeabi_memclr                     
000089a5  __aeabi_memclr4                    
000089a5  __aeabi_memclr8                    
000089a7  __aeabi_memset                     
000089a7  __aeabi_memset4                    
000089a7  __aeabi_memset8                    
000089ad  memset                             
00008a21  IntEnable                          
00008a89  __TI_decompress_lzss               
00008af1  TimerConfigure                     
00008b51  GPIOIntTypeSet                     
00008ba9  GPIOPinConfigure                   
00008c41  UARTConfigSetExpClk                
00008c89  __TI_auto_init_nobinit_nopinit     
00008ccd  __aeabi_uidiv                      
00008ccd  __aeabi_uidivmod                   
00008d0d  SSIConfigSetExpClk                 
00008d49  SysCtlPeripheralPresent            
00008d81  IntRegister                        
00008db5  SysCtlPeripheralEnable             
00008de9  _c_int00_noargs                    
00008e1d  GPIODirModeSet                     
00008e49  IntPrioritySet                     
00008e6d  memcmp                             
00008e91  PWMGenConfigure                    
00008eb5  UARTDisable                        
00008ed5  PWMPulseWidthSet                   
00008ef3  GPIOPinTypeGPIOOutput              
00008f0d  PWMGenIntRegister                  
00008f25  TimerIntRegister                   
00008f3d  GPIOPinTypeGPIOInput               
00008f53  GPIOPinTypePWM                     
00008f69  GPIOPinTypeSSI                     
00008f7f  GPIOPinTypeUART                    
00008f95  strchr                             
00008fad  SysCtlPWMClockSet                  
00008fc1  UARTEnable                         
00008fd5  PWMOutputState                     
00008fe7  SSIDataGetNonBlocking              
00008ff9  TimerLoadSet                       
0000900b  ResetISR                           
0000901d  IntMasterDisable                   
0000902d  IntMasterEnable                    
0000903d  PWMGenPeriodSet                    
0000904d  GPIOIntStatus                      
0000905b  TimerEnable                        
00009069  __TI_decompress_none               
00009077  CPUcpsid                           
00009083  CPUcpsie                           
0000908f  GPIOIntEnable                      
0000909b  PWMGenDisable                      
000090a7  PWMGenEnable                       
000090b3  SSIDataGet                         
000090bf  __TI_zero_init                     
000090cb  PWMGenIntTrigEnable                
000090d5  SSIDataPut                         
000090df  SSIEnable                          
000090e9  UARTCharGet                        
000090f3  UARTCharPut                        
000090fd  PWMIntEnable                       
00009105  TimerIntEnable                     
0000910d  GPIOIntClear                       
00009113  GPIOPinRead                        
00009119  GPIOPinWrite                       
0000911f  PWMGenIntClear                     
00009125  SysCtlDelay                        
0000912b  TimerIntClear                      
0000912f  _system_pre_init                   
00009133  C$$EXIT                            
00009133  abort                              
000094ac  ulMaxSyscallInterruptPriority      
000094b0  uxTopUsedPriority                  
000094cc  __TI_Handler_Table_Base            
000094d8  __TI_Handler_Table_Limit           
000094e8  __TI_CINIT_Base                    
00009500  __TI_CINIT_Limit                   
20000000  __start___llvm_prf_cnts            
20000000  __stop___llvm_prf_cnts             
20000000  g_pfnRAMVectors                    
2000508c  FatFs                              
200052bc  Fil                                
20005628  allSongName                        
200056ac  xQueueRegistry                     
200056fc  DirMusic                           
2000572c  FileInfo                           
200057c4  BiSemap_PWM                        
200057c8  QueueMainBuffer                    
200057cf  audioState                         
200057d0  numOrderOfSong                     
200057d8  __stack                            
200059d8  __STACK_TOP                        
20005bd8  __STACK_END                        
20005bd8  pxCurrentTCB                       
20005c19  timeOutTimer0                      
20005c1a  totalSongs                         
ffffffff  __TI_pprof_out_hndl                
ffffffff  __TI_prof_data_size                
ffffffff  __TI_prof_data_start               
ffffffff  __binit__                          
ffffffff  __c_args__                         
ffffffff  binit                              
UNDEFED   __mpu_init                         
UNDEFED   _system_post_cinit                 

[263 symbols]
