<?xml version="1.0" encoding="ISO-8859-1" ?>
<link_info>
   <banner>TI ARM Linker PC v20.2.2.LTS</banner>
   <copyright>Copyright (c) 1996-2018 Texas Instruments Incorporated</copyright>
   <link_time>0x61005644</link_time>
   <link_errors>0x0</link_errors>
   <output_file>TestQueue_MusicPlayer_FreeRTOS.out</output_file>
   <entry_point>
      <name>_c_int00_noargs</name>
      <address>0x8de9</address>
   </entry_point>
   <input_file_list>
      <input_file id="fl-2">
         <path>.\</path>
         <kind>object</kind>
         <file>tm4c123gh6pm_startup_ccs.obj</file>
         <name>tm4c123gh6pm_startup_ccs.obj</name>
      </input_file>
      <input_file id="fl-3">
         <path>.\Application\</path>
         <kind>object</kind>
         <file>Init.obj</file>
         <name>Init.obj</name>
      </input_file>
      <input_file id="fl-4">
         <path>.\Application\</path>
         <kind>object</kind>
         <file>main.obj</file>
         <name>main.obj</name>
      </input_file>
      <input_file id="fl-5">
         <path>.\Application\</path>
         <kind>object</kind>
         <file>uartstdio.obj</file>
         <name>uartstdio.obj</name>
      </input_file>
      <input_file id="fl-6">
         <path>.\FatFs_Control\</path>
         <kind>object</kind>
         <file>SPI_Control.obj</file>
         <name>SPI_Control.obj</name>
      </input_file>
      <input_file id="fl-7">
         <path>.\FatFs_Control\</path>
         <kind>object</kind>
         <file>ff.obj</file>
         <name>ff.obj</name>
      </input_file>
      <input_file id="fl-8">
         <path>.\FatFs_Control\</path>
         <kind>object</kind>
         <file>sdmm.obj</file>
         <name>sdmm.obj</name>
      </input_file>
      <input_file id="fl-9">
         <path>.\Source\</path>
         <kind>object</kind>
         <file>croutine.obj</file>
         <name>croutine.obj</name>
      </input_file>
      <input_file id="fl-a">
         <path>.\Source\</path>
         <kind>object</kind>
         <file>event_groups.obj</file>
         <name>event_groups.obj</name>
      </input_file>
      <input_file id="fl-b">
         <path>.\Source\</path>
         <kind>object</kind>
         <file>list.obj</file>
         <name>list.obj</name>
      </input_file>
      <input_file id="fl-c">
         <path>.\Source\</path>
         <kind>object</kind>
         <file>queue.obj</file>
         <name>queue.obj</name>
      </input_file>
      <input_file id="fl-d">
         <path>.\Source\</path>
         <kind>object</kind>
         <file>stream_buffer.obj</file>
         <name>stream_buffer.obj</name>
      </input_file>
      <input_file id="fl-e">
         <path>.\Source\</path>
         <kind>object</kind>
         <file>tasks.obj</file>
         <name>tasks.obj</name>
      </input_file>
      <input_file id="fl-f">
         <path>.\Source\</path>
         <kind>object</kind>
         <file>timers.obj</file>
         <name>timers.obj</name>
      </input_file>
      <input_file id="fl-10">
         <path>.\Source\portable\CCS\ARM_CM4F\</path>
         <kind>object</kind>
         <file>port.obj</file>
         <name>port.obj</name>
      </input_file>
      <input_file id="fl-11">
         <path>.\Source\portable\CCS\ARM_CM4F\</path>
         <kind>object</kind>
         <file>portasm.obj</file>
         <name>portasm.obj</name>
      </input_file>
      <input_file id="fl-12">
         <path>.\Source\portable\MemMang\</path>
         <kind>object</kind>
         <file>heap_2.obj</file>
         <name>heap_2.obj</name>
      </input_file>
      <input_file id="fl-17">
         <kind>object</kind>
         <file>&lt;internal&gt;</file>
         <name>&lt;internal&gt;</name>
      </input_file>
      <input_file id="fl-18">
         <path>C:\ti\TivaWare_C_Series-2.2.0.295\driverlib\ccs\Debug\</path>
         <kind>archive</kind>
         <file>driverlib.lib</file>
         <name>gpio.obj</name>
      </input_file>
      <input_file id="fl-19">
         <path>C:\ti\TivaWare_C_Series-2.2.0.295\driverlib\ccs\Debug\</path>
         <kind>archive</kind>
         <file>driverlib.lib</file>
         <name>interrupt.obj</name>
      </input_file>
      <input_file id="fl-1a">
         <path>C:\ti\TivaWare_C_Series-2.2.0.295\driverlib\ccs\Debug\</path>
         <kind>archive</kind>
         <file>driverlib.lib</file>
         <name>pwm.obj</name>
      </input_file>
      <input_file id="fl-1b">
         <path>C:\ti\TivaWare_C_Series-2.2.0.295\driverlib\ccs\Debug\</path>
         <kind>archive</kind>
         <file>driverlib.lib</file>
         <name>ssi.obj</name>
      </input_file>
      <input_file id="fl-1c">
         <path>C:\ti\TivaWare_C_Series-2.2.0.295\driverlib\ccs\Debug\</path>
         <kind>archive</kind>
         <file>driverlib.lib</file>
         <name>sysctl.obj</name>
      </input_file>
      <input_file id="fl-1d">
         <path>C:\ti\TivaWare_C_Series-2.2.0.295\driverlib\ccs\Debug\</path>
         <kind>archive</kind>
         <file>driverlib.lib</file>
         <name>timer.obj</name>
      </input_file>
      <input_file id="fl-1e">
         <path>C:\ti\TivaWare_C_Series-2.2.0.295\driverlib\ccs\Debug\</path>
         <kind>archive</kind>
         <file>driverlib.lib</file>
         <name>uart.obj</name>
      </input_file>
      <input_file id="fl-1f">
         <path>C:\ti\TivaWare_C_Series-2.2.0.295\driverlib\ccs\Debug\</path>
         <kind>archive</kind>
         <file>driverlib.lib</file>
         <name>cpu.obj</name>
      </input_file>
      <input_file id="fl-d5">
         <path>C:\ti\ccs1020\ccs\tools\compiler\ti-cgt-arm_20.2.2.LTS\lib\</path>
         <kind>archive</kind>
         <file>rtsv7M4_T_le_v4SPD16_eabi.lib</file>
         <name>memcpy_t2.asm.obj</name>
      </input_file>
      <input_file id="fl-d6">
         <path>C:\ti\ccs1020\ccs\tools\compiler\ti-cgt-arm_20.2.2.LTS\lib\</path>
         <kind>archive</kind>
         <file>rtsv7M4_T_le_v4SPD16_eabi.lib</file>
         <name>memset_t2.asm.obj</name>
      </input_file>
      <input_file id="fl-d7">
         <path>C:\ti\ccs1020\ccs\tools\compiler\ti-cgt-arm_20.2.2.LTS\lib\</path>
         <kind>archive</kind>
         <file>rtsv7M4_T_le_v4SPD16_eabi.lib</file>
         <name>u_divt2.asm.obj</name>
      </input_file>
      <input_file id="fl-d8">
         <path>C:\ti\ccs1020\ccs\tools\compiler\ti-cgt-arm_20.2.2.LTS\lib\</path>
         <kind>archive</kind>
         <file>rtsv7M4_T_le_v4SPD16_eabi.lib</file>
         <name>copy_zero_init.c.obj</name>
      </input_file>
      <input_file id="fl-d9">
         <path>C:\ti\ccs1020\ccs\tools\compiler\ti-cgt-arm_20.2.2.LTS\lib\</path>
         <kind>archive</kind>
         <file>rtsv7M4_T_le_v4SPD16_eabi.lib</file>
         <name>copy_decompress_none.c.obj</name>
      </input_file>
      <input_file id="fl-da">
         <path>C:\ti\ccs1020\ccs\tools\compiler\ti-cgt-arm_20.2.2.LTS\lib\</path>
         <kind>archive</kind>
         <file>rtsv7M4_T_le_v4SPD16_eabi.lib</file>
         <name>copy_decompress_lzss.c.obj</name>
      </input_file>
      <input_file id="fl-db">
         <path>C:\ti\ccs1020\ccs\tools\compiler\ti-cgt-arm_20.2.2.LTS\lib\</path>
         <kind>archive</kind>
         <file>rtsv7M4_T_le_v4SPD16_eabi.lib</file>
         <name>memcmp.c.obj</name>
      </input_file>
      <input_file id="fl-dc">
         <path>C:\ti\ccs1020\ccs\tools\compiler\ti-cgt-arm_20.2.2.LTS\lib\</path>
         <kind>archive</kind>
         <file>rtsv7M4_T_le_v4SPD16_eabi.lib</file>
         <name>strchr.c.obj</name>
      </input_file>
      <input_file id="fl-dd">
         <path>C:\ti\ccs1020\ccs\tools\compiler\ti-cgt-arm_20.2.2.LTS\lib\</path>
         <kind>archive</kind>
         <file>rtsv7M4_T_le_v4SPD16_eabi.lib</file>
         <name>boot_cortex_m.c.obj</name>
      </input_file>
      <input_file id="fl-de">
         <path>C:\ti\ccs1020\ccs\tools\compiler\ti-cgt-arm_20.2.2.LTS\lib\</path>
         <kind>archive</kind>
         <file>rtsv7M4_T_le_v4SPD16_eabi.lib</file>
         <name>div0.asm.obj</name>
      </input_file>
      <input_file id="fl-df">
         <path>C:\ti\ccs1020\ccs\tools\compiler\ti-cgt-arm_20.2.2.LTS\lib\</path>
         <kind>archive</kind>
         <file>rtsv7M4_T_le_v4SPD16_eabi.lib</file>
         <name>autoinit.c.obj</name>
      </input_file>
      <input_file id="fl-e0">
         <path>C:\ti\ccs1020\ccs\tools\compiler\ti-cgt-arm_20.2.2.LTS\lib\</path>
         <kind>archive</kind>
         <file>rtsv7M4_T_le_v4SPD16_eabi.lib</file>
         <name>pre_init.c.obj</name>
      </input_file>
      <input_file id="fl-e1">
         <path>C:\ti\ccs1020\ccs\tools\compiler\ti-cgt-arm_20.2.2.LTS\lib\</path>
         <kind>archive</kind>
         <file>rtsv7M4_T_le_v4SPD16_eabi.lib</file>
         <name>cpy_tbl.c.obj</name>
      </input_file>
      <input_file id="fl-e2">
         <path>C:\ti\ccs1020\ccs\tools\compiler\ti-cgt-arm_20.2.2.LTS\lib\</path>
         <kind>archive</kind>
         <file>rtsv7M4_T_le_v4SPD16_eabi.lib</file>
         <name>exit.c.obj</name>
      </input_file>
      <input_file id="fl-e3">
         <path>C:\ti\ccs1020\ccs\tools\compiler\ti-cgt-arm_20.2.2.LTS\lib\</path>
         <kind>archive</kind>
         <file>rtsv7M4_T_le_v4SPD16_eabi.lib</file>
         <name>_lock.c.obj</name>
      </input_file>
      <input_file id="fl-e4">
         <path>C:\ti\ccs1020\ccs\tools\compiler\ti-cgt-arm_20.2.2.LTS\lib\</path>
         <kind>archive</kind>
         <file>rtsv7M4_T_le_v4SPD16_eabi.lib</file>
         <name>args_main.c.obj</name>
      </input_file>
   </input_file_list>
   <object_component_list>
      <object_component id="oc-12">
         <name>.intvecs</name>
         <load_address>0x0</load_address>
         <run_address>0x0</run_address>
         <size>0x26c</size>
         <input_file_ref idref="fl-2"/>
      </object_component>
      <object_component id="oc-bf">
         <name>.text</name>
         <load_address>0x26c</load_address>
         <run_address>0x26c</run_address>
         <size>0x42a2</size>
         <input_file_ref idref="fl-7"/>
      </object_component>
      <object_component id="oc-3c2">
         <name>.text</name>
         <load_address>0x450e</load_address>
         <run_address>0x450e</run_address>
         <size>0x2</size>
         <input_file_ref idref="fl-de"/>
      </object_component>
      <object_component id="oc-85">
         <name>.text</name>
         <load_address>0x4510</load_address>
         <run_address>0x4510</run_address>
         <size>0x19f8</size>
         <input_file_ref idref="fl-e"/>
      </object_component>
      <object_component id="oc-b3">
         <name>.text</name>
         <load_address>0x5f08</load_address>
         <run_address>0x5f08</run_address>
         <size>0xca0</size>
         <input_file_ref idref="fl-c"/>
      </object_component>
      <object_component id="oc-281">
         <name>.text</name>
         <load_address>0x6ba8</load_address>
         <run_address>0x6ba8</run_address>
         <size>0x668</size>
         <input_file_ref idref="fl-8"/>
      </object_component>
      <object_component id="oc-38">
         <name>.text</name>
         <load_address>0x7210</load_address>
         <run_address>0x7210</run_address>
         <size>0x5d0</size>
         <input_file_ref idref="fl-4"/>
      </object_component>
      <object_component id="oc-b9">
         <name>.text</name>
         <load_address>0x77e0</load_address>
         <run_address>0x77e0</run_address>
         <size>0x4a8</size>
         <input_file_ref idref="fl-5"/>
      </object_component>
      <object_component id="oc-ad">
         <name>.text</name>
         <load_address>0x7c88</load_address>
         <run_address>0x7c88</run_address>
         <size>0x268</size>
         <input_file_ref idref="fl-3"/>
      </object_component>
      <object_component id="oc-16d">
         <name>.text</name>
         <load_address>0x7ef0</load_address>
         <run_address>0x7ef0</run_address>
         <size>0x1d8</size>
         <input_file_ref idref="fl-12"/>
      </object_component>
      <object_component id="oc-1ad">
         <name>.text:GPIOPadConfigSet</name>
         <load_address>0x80c8</load_address>
         <run_address>0x80c8</run_address>
         <size>0x16c</size>
         <input_file_ref idref="fl-18"/>
      </object_component>
      <object_component id="oc-32">
         <name>.text</name>
         <load_address>0x8234</load_address>
         <run_address>0x8234</run_address>
         <size>0x13c</size>
         <input_file_ref idref="fl-10"/>
      </object_component>
      <object_component id="oc-173">
         <name>.text</name>
         <load_address>0x8370</load_address>
         <run_address>0x8370</run_address>
         <size>0x12a</size>
         <input_file_ref idref="fl-b"/>
      </object_component>
      <object_component id="oc-c5">
         <name>.text:SysCtlClockGet</name>
         <load_address>0x849c</load_address>
         <run_address>0x849c</run_address>
         <size>0x118</size>
         <input_file_ref idref="fl-1c"/>
      </object_component>
      <object_component id="oc-9b">
         <name>.text:SysCtlClockSet</name>
         <load_address>0x85b4</load_address>
         <run_address>0x85b4</run_address>
         <size>0xf4</size>
         <input_file_ref idref="fl-1c"/>
      </object_component>
      <object_component id="oc-2d">
         <name>.text</name>
         <load_address>0x86a8</load_address>
         <run_address>0x86a8</run_address>
         <size>0xda</size>
         <input_file_ref idref="fl-11"/>
      </object_component>
      <object_component id="oc-3cd">
         <name>.text</name>
         <load_address>0x8784</load_address>
         <run_address>0x8784</run_address>
         <size>0xd4</size>
         <input_file_ref idref="fl-6"/>
      </object_component>
      <object_component id="oc-393">
         <name>.text:_PWMGenIntNumberGet</name>
         <load_address>0x8858</load_address>
         <run_address>0x8858</run_address>
         <size>0xb0</size>
         <input_file_ref idref="fl-1a"/>
      </object_component>
      <object_component id="oc-4c">
         <name>.text</name>
         <load_address>0x8908</load_address>
         <run_address>0x8908</run_address>
         <size>0x9c</size>
         <input_file_ref idref="fl-d5"/>
      </object_component>
      <object_component id="oc-14b">
         <name>.text</name>
         <load_address>0x89a4</load_address>
         <run_address>0x89a4</run_address>
         <size>0x7a</size>
         <input_file_ref idref="fl-d6"/>
      </object_component>
      <object_component id="oc-1d9">
         <name>.text:IntEnable</name>
         <load_address>0x8a20</load_address>
         <run_address>0x8a20</run_address>
         <size>0x68</size>
         <input_file_ref idref="fl-19"/>
      </object_component>
      <object_component id="oc-15">
         <name>.text:decompress:lzss:__TI_decompress_lzss</name>
         <load_address>0x8a88</load_address>
         <run_address>0x8a88</run_address>
         <size>0x68</size>
         <input_file_ref idref="fl-da"/>
      </object_component>
      <object_component id="oc-215">
         <name>.text:TimerConfigure</name>
         <load_address>0x8af0</load_address>
         <run_address>0x8af0</run_address>
         <size>0x60</size>
         <input_file_ref idref="fl-1d"/>
      </object_component>
      <object_component id="oc-1c7">
         <name>.text:GPIOIntTypeSet</name>
         <load_address>0x8b50</load_address>
         <run_address>0x8b50</run_address>
         <size>0x58</size>
         <input_file_ref idref="fl-18"/>
      </object_component>
      <object_component id="oc-1e5">
         <name>.text:GPIOPinConfigure</name>
         <load_address>0x8ba8</load_address>
         <run_address>0x8ba8</run_address>
         <size>0x4c</size>
         <input_file_ref idref="fl-18"/>
      </object_component>
      <object_component id="oc-39c">
         <name>.text:_TimerIntNumberGet</name>
         <load_address>0x8bf4</load_address>
         <run_address>0x8bf4</run_address>
         <size>0x4c</size>
         <input_file_ref idref="fl-1d"/>
      </object_component>
      <object_component id="oc-251">
         <name>.text:UARTConfigSetExpClk</name>
         <load_address>0x8c40</load_address>
         <run_address>0x8c40</run_address>
         <size>0x46</size>
         <input_file_ref idref="fl-1e"/>
      </object_component>
      <object_component id="oc-2fc">
         <name>.text:__TI_auto_init_nobinit_nopinit:__TI_auto_init_nobinit_nopinit</name>
         <load_address>0x8c88</load_address>
         <run_address>0x8c88</run_address>
         <size>0x44</size>
         <input_file_ref idref="fl-df"/>
      </object_component>
      <object_component id="oc-272">
         <name>.text</name>
         <load_address>0x8ccc</load_address>
         <run_address>0x8ccc</run_address>
         <size>0x40</size>
         <input_file_ref idref="fl-d7"/>
      </object_component>
      <object_component id="oc-45a">
         <name>.text:SSIConfigSetExpClk</name>
         <load_address>0x8d0c</load_address>
         <run_address>0x8d0c</run_address>
         <size>0x3c</size>
         <input_file_ref idref="fl-1b"/>
      </object_component>
      <object_component id="oc-24b">
         <name>.text:SysCtlPeripheralPresent</name>
         <load_address>0x8d48</load_address>
         <run_address>0x8d48</run_address>
         <size>0x38</size>
         <input_file_ref idref="fl-1c"/>
      </object_component>
      <object_component id="oc-1d3">
         <name>.text:IntRegister</name>
         <load_address>0x8d80</load_address>
         <run_address>0x8d80</run_address>
         <size>0x34</size>
         <input_file_ref idref="fl-19"/>
      </object_component>
      <object_component id="oc-a1">
         <name>.text:SysCtlPeripheralEnable</name>
         <load_address>0x8db4</load_address>
         <run_address>0x8db4</run_address>
         <size>0x34</size>
         <input_file_ref idref="fl-1c"/>
      </object_component>
      <object_component id="oc-6a">
         <name>.text:_c_int00_noargs:_c_int00_noargs</name>
         <load_address>0x8de8</load_address>
         <run_address>0x8de8</run_address>
         <size>0x34</size>
         <input_file_ref idref="fl-dd"/>
      </object_component>
      <object_component id="oc-1b3">
         <name>.text:GPIODirModeSet</name>
         <load_address>0x8e1c</load_address>
         <run_address>0x8e1c</run_address>
         <size>0x2c</size>
         <input_file_ref idref="fl-18"/>
      </object_component>
      <object_component id="oc-1cd">
         <name>.text:IntPrioritySet</name>
         <load_address>0x8e48</load_address>
         <run_address>0x8e48</run_address>
         <size>0x24</size>
         <input_file_ref idref="fl-19"/>
      </object_component>
      <object_component id="oc-287">
         <name>.text:memcmp</name>
         <load_address>0x8e6c</load_address>
         <run_address>0x8e6c</run_address>
         <size>0x24</size>
         <input_file_ref idref="fl-db"/>
      </object_component>
      <object_component id="oc-1f1">
         <name>.text:PWMGenConfigure</name>
         <load_address>0x8e90</load_address>
         <run_address>0x8e90</run_address>
         <size>0x22</size>
         <input_file_ref idref="fl-1a"/>
      </object_component>
      <object_component id="oc-3b1">
         <name>.text:UARTDisable</name>
         <load_address>0x8eb4</load_address>
         <run_address>0x8eb4</run_address>
         <size>0x20</size>
         <input_file_ref idref="fl-1e"/>
      </object_component>
      <object_component id="oc-d6">
         <name>.text:PWMPulseWidthSet</name>
         <load_address>0x8ed4</load_address>
         <run_address>0x8ed4</run_address>
         <size>0x1e</size>
         <input_file_ref idref="fl-1a"/>
      </object_component>
      <object_component id="oc-a7">
         <name>.text:GPIOPinTypeGPIOOutput</name>
         <load_address>0x8ef2</load_address>
         <run_address>0x8ef2</run_address>
         <size>0x1a</size>
         <input_file_ref idref="fl-18"/>
      </object_component>
      <object_component id="oc-20f">
         <name>.text:PWMGenIntRegister</name>
         <load_address>0x8f0c</load_address>
         <run_address>0x8f0c</run_address>
         <size>0x18</size>
         <input_file_ref idref="fl-1a"/>
      </object_component>
      <object_component id="oc-221">
         <name>.text:TimerIntRegister</name>
         <load_address>0x8f24</load_address>
         <run_address>0x8f24</run_address>
         <size>0x18</size>
         <input_file_ref idref="fl-1d"/>
      </object_component>
      <object_component id="oc-1bb">
         <name>.text:GPIOPinTypeGPIOInput</name>
         <load_address>0x8f3c</load_address>
         <run_address>0x8f3c</run_address>
         <size>0x16</size>
         <input_file_ref idref="fl-18"/>
      </object_component>
      <object_component id="oc-1eb">
         <name>.text:GPIOPinTypePWM</name>
         <load_address>0x8f52</load_address>
         <run_address>0x8f52</run_address>
         <size>0x16</size>
         <input_file_ref idref="fl-18"/>
      </object_component>
      <object_component id="oc-454">
         <name>.text:GPIOPinTypeSSI</name>
         <load_address>0x8f68</load_address>
         <run_address>0x8f68</run_address>
         <size>0x16</size>
         <input_file_ref idref="fl-18"/>
      </object_component>
      <object_component id="oc-233">
         <name>.text:GPIOPinTypeUART</name>
         <load_address>0x8f7e</load_address>
         <run_address>0x8f7e</run_address>
         <size>0x16</size>
         <input_file_ref idref="fl-18"/>
      </object_component>
      <object_component id="oc-28d">
         <name>.text:strchr</name>
         <load_address>0x8f94</load_address>
         <run_address>0x8f94</run_address>
         <size>0x16</size>
         <input_file_ref idref="fl-dc"/>
      </object_component>
      <object_component id="oc-1df">
         <name>.text:SysCtlPWMClockSet</name>
         <load_address>0x8fac</load_address>
         <run_address>0x8fac</run_address>
         <size>0x14</size>
         <input_file_ref idref="fl-1c"/>
      </object_component>
      <object_component id="oc-257">
         <name>.text:UARTEnable</name>
         <load_address>0x8fc0</load_address>
         <run_address>0x8fc0</run_address>
         <size>0x14</size>
         <input_file_ref idref="fl-1e"/>
      </object_component>
      <object_component id="oc-209">
         <name>.text:PWMOutputState</name>
         <load_address>0x8fd4</load_address>
         <run_address>0x8fd4</run_address>
         <size>0x12</size>
         <input_file_ref idref="fl-1a"/>
      </object_component>
      <object_component id="oc-466">
         <name>.text:SSIDataGetNonBlocking</name>
         <load_address>0x8fe6</load_address>
         <run_address>0x8fe6</run_address>
         <size>0x12</size>
         <input_file_ref idref="fl-1b"/>
      </object_component>
      <object_component id="oc-21b">
         <name>.text:TimerLoadSet</name>
         <load_address>0x8ff8</load_address>
         <run_address>0x8ff8</run_address>
         <size>0x12</size>
         <input_file_ref idref="fl-1d"/>
      </object_component>
      <object_component id="oc-27">
         <name>.text</name>
         <load_address>0x900a</load_address>
         <run_address>0x900a</run_address>
         <size>0x12</size>
         <input_file_ref idref="fl-2"/>
      </object_component>
      <object_component id="oc-f2">
         <name>.text:IntMasterDisable</name>
         <load_address>0x901c</load_address>
         <run_address>0x901c</run_address>
         <size>0x10</size>
         <input_file_ref idref="fl-19"/>
      </object_component>
      <object_component id="oc-10a">
         <name>.text:IntMasterEnable</name>
         <load_address>0x902c</load_address>
         <run_address>0x902c</run_address>
         <size>0x10</size>
         <input_file_ref idref="fl-19"/>
      </object_component>
      <object_component id="oc-1f7">
         <name>.text:PWMGenPeriodSet</name>
         <load_address>0x903c</load_address>
         <run_address>0x903c</run_address>
         <size>0x10</size>
         <input_file_ref idref="fl-1a"/>
      </object_component>
      <object_component id="oc-f8">
         <name>.text:GPIOIntStatus</name>
         <load_address>0x904c</load_address>
         <run_address>0x904c</run_address>
         <size>0xe</size>
         <input_file_ref idref="fl-18"/>
      </object_component>
      <object_component id="oc-22d">
         <name>.text:TimerEnable</name>
         <load_address>0x905a</load_address>
         <run_address>0x905a</run_address>
         <size>0xe</size>
         <input_file_ref idref="fl-1d"/>
      </object_component>
      <object_component id="oc-1b">
         <name>.text:decompress:none:__TI_decompress_none</name>
         <load_address>0x9068</load_address>
         <run_address>0x9068</run_address>
         <size>0xe</size>
         <input_file_ref idref="fl-d9"/>
      </object_component>
      <object_component id="oc-2c8">
         <name>.text:CPUcpsid</name>
         <load_address>0x9076</load_address>
         <run_address>0x9076</run_address>
         <size>0xc</size>
         <input_file_ref idref="fl-1f"/>
      </object_component>
      <object_component id="oc-2d2">
         <name>.text:CPUcpsie</name>
         <load_address>0x9082</load_address>
         <run_address>0x9082</run_address>
         <size>0xc</size>
         <input_file_ref idref="fl-1f"/>
      </object_component>
      <object_component id="oc-1c1">
         <name>.text:GPIOIntEnable</name>
         <load_address>0x908e</load_address>
         <run_address>0x908e</run_address>
         <size>0xc</size>
         <input_file_ref idref="fl-18"/>
      </object_component>
      <object_component id="oc-ec">
         <name>.text:PWMGenDisable</name>
         <load_address>0x909a</load_address>
         <run_address>0x909a</run_address>
         <size>0xc</size>
         <input_file_ref idref="fl-1a"/>
      </object_component>
      <object_component id="oc-e6">
         <name>.text:PWMGenEnable</name>
         <load_address>0x90a6</load_address>
         <run_address>0x90a6</run_address>
         <size>0xc</size>
         <input_file_ref idref="fl-1a"/>
      </object_component>
      <object_component id="oc-3d9">
         <name>.text:SSIDataGet</name>
         <load_address>0x90b2</load_address>
         <run_address>0x90b2</run_address>
         <size>0xc</size>
         <input_file_ref idref="fl-1b"/>
      </object_component>
      <object_component id="oc-5e">
         <name>.text:decompress:ZI:__TI_zero_init</name>
         <load_address>0x90be</load_address>
         <run_address>0x90be</run_address>
         <size>0xc</size>
         <input_file_ref idref="fl-d8"/>
      </object_component>
      <object_component id="oc-203">
         <name>.text:PWMGenIntTrigEnable</name>
         <load_address>0x90ca</load_address>
         <run_address>0x90ca</run_address>
         <size>0xa</size>
         <input_file_ref idref="fl-1a"/>
      </object_component>
      <object_component id="oc-3d3">
         <name>.text:SSIDataPut</name>
         <load_address>0x90d4</load_address>
         <run_address>0x90d4</run_address>
         <size>0xa</size>
         <input_file_ref idref="fl-1b"/>
      </object_component>
      <object_component id="oc-460">
         <name>.text:SSIEnable</name>
         <load_address>0x90de</load_address>
         <run_address>0x90de</run_address>
         <size>0xa</size>
         <input_file_ref idref="fl-1b"/>
      </object_component>
      <object_component id="oc-263">
         <name>.text:UARTCharGet</name>
         <load_address>0x90e8</load_address>
         <run_address>0x90e8</run_address>
         <size>0xa</size>
         <input_file_ref idref="fl-1e"/>
      </object_component>
      <object_component id="oc-25d">
         <name>.text:UARTCharPut</name>
         <load_address>0x90f2</load_address>
         <run_address>0x90f2</run_address>
         <size>0xa</size>
         <input_file_ref idref="fl-1e"/>
      </object_component>
      <object_component id="oc-1fd">
         <name>.text:PWMIntEnable</name>
         <load_address>0x90fc</load_address>
         <run_address>0x90fc</run_address>
         <size>0x8</size>
         <input_file_ref idref="fl-1a"/>
      </object_component>
      <object_component id="oc-227">
         <name>.text:TimerIntEnable</name>
         <load_address>0x9104</load_address>
         <run_address>0x9104</run_address>
         <size>0x8</size>
         <input_file_ref idref="fl-1d"/>
      </object_component>
      <object_component id="oc-104">
         <name>.text:GPIOIntClear</name>
         <load_address>0x910c</load_address>
         <run_address>0x910c</run_address>
         <size>0x6</size>
         <input_file_ref idref="fl-18"/>
      </object_component>
      <object_component id="oc-fe">
         <name>.text:GPIOPinRead</name>
         <load_address>0x9112</load_address>
         <run_address>0x9112</run_address>
         <size>0x6</size>
         <input_file_ref idref="fl-18"/>
      </object_component>
      <object_component id="oc-3df">
         <name>.text:GPIOPinWrite</name>
         <load_address>0x9118</load_address>
         <run_address>0x9118</run_address>
         <size>0x6</size>
         <input_file_ref idref="fl-18"/>
      </object_component>
      <object_component id="oc-d0">
         <name>.text:PWMGenIntClear</name>
         <load_address>0x911e</load_address>
         <run_address>0x911e</run_address>
         <size>0x6</size>
         <input_file_ref idref="fl-1a"/>
      </object_component>
      <object_component id="oc-cb">
         <name>.text:SysCtlDelay</name>
         <load_address>0x9124</load_address>
         <run_address>0x9124</run_address>
         <size>0x6</size>
         <input_file_ref idref="fl-1c"/>
      </object_component>
      <object_component id="oc-111">
         <name>.text:TimerIntClear</name>
         <load_address>0x912a</load_address>
         <run_address>0x912a</run_address>
         <size>0x4</size>
         <input_file_ref idref="fl-1d"/>
      </object_component>
      <object_component id="oc-151">
         <name>.text:_system_pre_init</name>
         <load_address>0x912e</load_address>
         <run_address>0x912e</run_address>
         <size>0x4</size>
         <input_file_ref idref="fl-e0"/>
      </object_component>
      <object_component id="oc-2f0">
         <name>.text:abort:abort</name>
         <load_address>0x9132</load_address>
         <run_address>0x9132</run_address>
         <size>0x4</size>
         <input_file_ref idref="fl-e2"/>
      </object_component>
      <object_component id="oc-37b">
         <name>.const:g_pui32Regs</name>
         <load_address>0x9138</load_address>
         <run_address>0x9138</run_address>
         <size>0x9c</size>
         <input_file_ref idref="fl-19"/>
      </object_component>
      <object_component id="oc-389">
         <name>.const:g_pui32GPIOBaseAddrs</name>
         <load_address>0x91d4</load_address>
         <run_address>0x91d4</run_address>
         <size>0x90</size>
         <input_file_ref idref="fl-18"/>
      </object_component>
      <object_component id="oc-293">
         <name>.const:.string:ExCvt</name>
         <load_address>0x9264</load_address>
         <run_address>0x9264</run_address>
         <size>0x80</size>
         <input_file_ref idref="fl-7"/>
      </object_component>
      <object_component id="oc-2ac">
         <name>.const:g_pui32Xtals</name>
         <load_address>0x92e4</load_address>
         <run_address>0x92e4</run_address>
         <size>0x6c</size>
         <input_file_ref idref="fl-1c"/>
      </object_component>
      <object_component id="oc-43d">
         <name>.const:g_ppui32TimerIntMap</name>
         <load_address>0x9350</load_address>
         <run_address>0x9350</run_address>
         <size>0x60</size>
         <input_file_ref idref="fl-1d"/>
      </object_component>
      <object_component id="oc-440">
         <name>.const:g_ppui32TimerIntMapSnowflake</name>
         <load_address>0x93b0</load_address>
         <run_address>0x93b0</run_address>
         <size>0x40</size>
         <input_file_ref idref="fl-1d"/>
      </object_component>
      <object_component id="oc-384">
         <name>.const:g_pui32EnRegs</name>
         <load_address>0x93f0</load_address>
         <run_address>0x93f0</run_address>
         <size>0x14</size>
         <input_file_ref idref="fl-19"/>
      </object_component>
      <object_component id="oc-29c">
         <name>.const:.string:badchr$1</name>
         <load_address>0x9404</load_address>
         <run_address>0x9404</run_address>
         <size>0x12</size>
         <input_file_ref idref="fl-7"/>
      </object_component>
      <object_component id="oc-3c8">
         <name>.const:.string</name>
         <load_address>0x9418</load_address>
         <run_address>0x9418</run_address>
         <size>0x12</size>
         <input_file_ref idref="fl-5"/>
      </object_component>
      <object_component id="oc-29d">
         <name>.const:defopt$4</name>
         <load_address>0x942c</load_address>
         <run_address>0x942c</run_address>
         <size>0x10</size>
         <input_file_ref idref="fl-7"/>
      </object_component>
      <object_component id="oc-119">
         <name>.const:.string:$P$T3$4</name>
         <load_address>0x943c</load_address>
         <run_address>0x943c</run_address>
         <size>0xf</size>
         <input_file_ref idref="fl-4"/>
      </object_component>
      <object_component id="oc-29f">
         <name>.const:cst$2</name>
         <load_address>0x944c</load_address>
         <run_address>0x944c</run_address>
         <size>0xe</size>
         <input_file_ref idref="fl-7"/>
      </object_component>
      <object_component id="oc-29e">
         <name>.const:cst32$3</name>
         <load_address>0x945a</load_address>
         <run_address>0x945a</run_address>
         <size>0xe</size>
         <input_file_ref idref="fl-7"/>
      </object_component>
      <object_component id="oc-26f">
         <name>.const:g_ui32UARTBase</name>
         <load_address>0x9468</load_address>
         <run_address>0x9468</run_address>
         <size>0xc</size>
         <input_file_ref idref="fl-5"/>
      </object_component>
      <object_component id="oc-269">
         <name>.const:g_ui32UARTPeriph</name>
         <load_address>0x9474</load_address>
         <run_address>0x9474</run_address>
         <size>0xc</size>
         <input_file_ref idref="fl-5"/>
      </object_component>
      <object_component id="oc-23a">
         <name>.const:.string:$P$T1$2</name>
         <load_address>0x9480</load_address>
         <run_address>0x9480</run_address>
         <size>0xa</size>
         <input_file_ref idref="fl-3"/>
      </object_component>
      <object_component id="oc-118">
         <name>.const:.string:$P$T2$3</name>
         <load_address>0x948a</load_address>
         <run_address>0x948a</run_address>
         <size>0xa</size>
         <input_file_ref idref="fl-4"/>
      </object_component>
      <object_component id="oc-e1">
         <name>.const:.string:$P$T1$2</name>
         <load_address>0x9494</load_address>
         <run_address>0x9494</run_address>
         <size>0x9</size>
         <input_file_ref idref="fl-4"/>
      </object_component>
      <object_component id="oc-239">
         <name>.const:.string:$P$T0$1</name>
         <load_address>0x949d</load_address>
         <run_address>0x949d</run_address>
         <size>0x8</size>
         <input_file_ref idref="fl-3"/>
      </object_component>
      <object_component id="oc-cf">
         <name>.const:.string:$P$T0$1</name>
         <load_address>0x94a5</load_address>
         <run_address>0x94a5</run_address>
         <size>0x5</size>
         <input_file_ref idref="fl-4"/>
      </object_component>
      <object_component id="oc-82">
         <name>.const</name>
         <load_address>0x94ac</load_address>
         <run_address>0x94ac</run_address>
         <size>0x4</size>
         <input_file_ref idref="fl-10"/>
      </object_component>
      <object_component id="oc-188">
         <name>.const</name>
         <load_address>0x94b0</load_address>
         <run_address>0x94b0</run_address>
         <size>0x4</size>
         <input_file_ref idref="fl-e"/>
      </object_component>
      <object_component id="oc-277">
         <name>.const</name>
         <load_address>0x94b4</load_address>
         <run_address>0x94b4</run_address>
         <size>0x4</size>
         <input_file_ref idref="fl-5"/>
      </object_component>
      <object_component id="oc-4e1">
         <name>.cinit..data.load</name>
         <load_address>0x94b8</load_address>
         <run_address>0x94b8</run_address>
         <size>0x13</size>
      </object_component>
      <object_component id="oc-4de">
         <name>__TI_handler_table</name>
         <load_address>0x94cc</load_address>
         <run_address>0x94cc</run_address>
         <size>0xc</size>
      </object_component>
      <object_component id="oc-4e2">
         <name>.cinit..bss.load</name>
         <load_address>0x94d8</load_address>
         <run_address>0x94d8</run_address>
         <size>0x8</size>
      </object_component>
      <object_component id="oc-4e0">
         <name>.cinit..vtable.load</name>
         <load_address>0x94e0</load_address>
         <run_address>0x94e0</run_address>
         <size>0x8</size>
      </object_component>
      <object_component id="oc-4df">
         <name>__TI_cinit_table</name>
         <load_address>0x94e8</load_address>
         <run_address>0x94e8</run_address>
         <size>0x18</size>
      </object_component>
      <object_component id="oc-380">
         <name>.vtable</name>
         <uninitialized>true</uninitialized>
         <run_address>0x20000000</run_address>
         <size>0x26c</size>
         <input_file_ref idref="fl-19"/>
      </object_component>
      <object_component id="oc-e2">
         <name>.data</name>
         <load_address>0x20005c19</load_address>
         <run_address>0x20005c19</run_address>
         <size>0x2</size>
         <input_file_ref idref="fl-4"/>
      </object_component>
      <object_component id="oc-26c">
         <name>.data</name>
         <load_address>0x20005c14</load_address>
         <run_address>0x20005c14</run_address>
         <size>0x5</size>
         <input_file_ref idref="fl-5"/>
      </object_component>
      <object_component id="oc-3e5">
         <name>.data</name>
         <load_address>0x20005c1b</load_address>
         <run_address>0x20005c1b</run_address>
         <size>0x1</size>
         <input_file_ref idref="fl-8"/>
      </object_component>
      <object_component id="oc-7f">
         <name>.data</name>
         <load_address>0x20005bd8</load_address>
         <run_address>0x20005bd8</run_address>
         <size>0x34</size>
         <input_file_ref idref="fl-e"/>
      </object_component>
      <object_component id="oc-8c">
         <name>.data</name>
         <load_address>0x20005c1c</load_address>
         <run_address>0x20005c1c</run_address>
         <size>0x4</size>
         <input_file_ref idref="fl-10"/>
      </object_component>
      <object_component id="oc-33f">
         <name>.data</name>
         <load_address>0x20005c0c</load_address>
         <run_address>0x20005c0c</run_address>
         <size>0x8</size>
         <input_file_ref idref="fl-12"/>
      </object_component>
      <object_component id="oc-296">
         <name>.bss:FatFs</name>
         <uninitialized>true</uninitialized>
         <run_address>0x200057c0</run_address>
         <size>0x4</size>
         <input_file_ref idref="fl-7"/>
      </object_component>
      <object_component id="oc-299">
         <name>.bss</name>
         <uninitialized>true</uninitialized>
         <run_address>0x200057cc</run_address>
         <size>0x2</size>
         <input_file_ref idref="fl-7"/>
      </object_component>
      <object_component id="oc-3e8">
         <name>.bss</name>
         <uninitialized>true</uninitialized>
         <run_address>0x200057ce</run_address>
         <size>0x1</size>
         <input_file_ref idref="fl-8"/>
      </object_component>
      <object_component id="oc-179">
         <name>.bss:pxReadyTasksLists</name>
         <uninitialized>true</uninitialized>
         <run_address>0x200054e8</run_address>
         <size>0x140</size>
         <input_file_ref idref="fl-e"/>
      </object_component>
      <object_component id="oc-18b">
         <name>.bss:xDelayedTaskList1</name>
         <uninitialized>true</uninitialized>
         <run_address>0x20005744</run_address>
         <size>0x14</size>
         <input_file_ref idref="fl-e"/>
      </object_component>
      <object_component id="oc-18e">
         <name>.bss:xDelayedTaskList2</name>
         <uninitialized>true</uninitialized>
         <run_address>0x20005758</run_address>
         <size>0x14</size>
         <input_file_ref idref="fl-e"/>
      </object_component>
      <object_component id="oc-17f">
         <name>.bss</name>
         <uninitialized>true</uninitialized>
         <run_address>0x200057a8</run_address>
         <size>0x8</size>
         <input_file_ref idref="fl-e"/>
      </object_component>
      <object_component id="oc-185">
         <name>.bss:xPendingReadyList</name>
         <uninitialized>true</uninitialized>
         <run_address>0x2000576c</run_address>
         <size>0x14</size>
         <input_file_ref idref="fl-e"/>
      </object_component>
      <object_component id="oc-17c">
         <name>.bss:xTasksWaitingTermination</name>
         <uninitialized>true</uninitialized>
         <run_address>0x20005794</run_address>
         <size>0x14</size>
         <input_file_ref idref="fl-e"/>
      </object_component>
      <object_component id="oc-182">
         <name>.bss:xSuspendedTaskList</name>
         <uninitialized>true</uninitialized>
         <run_address>0x20005780</run_address>
         <size>0x14</size>
         <input_file_ref idref="fl-e"/>
      </object_component>
      <object_component id="oc-348">
         <name>.bss:ucHeap</name>
         <uninitialized>true</uninitialized>
         <run_address>0x2000026c</run_address>
         <size>0x4e20</size>
         <input_file_ref idref="fl-12"/>
      </object_component>
      <object_component id="oc-342">
         <name>.bss:xStart</name>
         <uninitialized>true</uninitialized>
         <run_address>0x200057b8</run_address>
         <size>0x8</size>
         <input_file_ref idref="fl-12"/>
      </object_component>
      <object_component id="oc-345">
         <name>.bss:xEnd</name>
         <uninitialized>true</uninitialized>
         <run_address>0x200057b0</run_address>
         <size>0x8</size>
         <input_file_ref idref="fl-12"/>
      </object_component>
      <object_component id="oc-110">
         <name>.common:audioState</name>
         <uninitialized>true</uninitialized>
         <run_address>0x200057cf</run_address>
         <size>0x1</size>
      </object_component>
      <object_component id="oc-dd">
         <name>.common:FatFs</name>
         <uninitialized>true</uninitialized>
         <run_address>0x2000508c</run_address>
         <size>0x230</size>
      </object_component>
      <object_component id="oc-117">
         <name>.common:Fil</name>
         <uninitialized>true</uninitialized>
         <run_address>0x200052bc</run_address>
         <size>0x22c</size>
      </object_component>
      <object_component id="oc-de">
         <name>.common:DirMusic</name>
         <uninitialized>true</uninitialized>
         <run_address>0x200056fc</run_address>
         <size>0x30</size>
      </object_component>
      <object_component id="oc-df">
         <name>.common:FileInfo</name>
         <uninitialized>true</uninitialized>
         <run_address>0x2000572c</run_address>
         <size>0x18</size>
      </object_component>
      <object_component id="oc-e5">
         <name>.common:allSongName</name>
         <uninitialized>true</uninitialized>
         <run_address>0x20005628</run_address>
         <size>0x84</size>
      </object_component>
      <object_component id="oc-e0">
         <name>.common:numOrderOfSong</name>
         <uninitialized>true</uninitialized>
         <run_address>0x200057d0</run_address>
         <size>0x1</size>
      </object_component>
      <object_component id="oc-cc">
         <name>.common:BiSemap_PWM</name>
         <uninitialized>true</uninitialized>
         <run_address>0x200057c4</run_address>
         <size>0x4</size>
      </object_component>
      <object_component id="oc-dc">
         <name>.common:QueueMainBuffer</name>
         <uninitialized>true</uninitialized>
         <run_address>0x200057c8</run_address>
         <size>0x4</size>
      </object_component>
      <object_component id="oc-23d">
         <name>.common:xQueueRegistry</name>
         <uninitialized>true</uninitialized>
         <run_address>0x200056ac</run_address>
         <size>0x50</size>
      </object_component>
      <object_component id="oc-24">
         <name>.stack</name>
         <uninitialized>true</uninitialized>
         <run_address>0x200057d8</run_address>
         <size>0x4</size>
         <input_file_ref idref="fl-dd"/>
      </object_component>
      <object_component id="oc-4e4">
         <name>.stack</name>
         <uninitialized>true</uninitialized>
         <run_address>0x200057d8</run_address>
         <size>0x0</size>
      </object_component>
      <object_component id="oc-40">
         <name>.debug_info</name>
         <load_address>0x0</load_address>
         <run_address>0x0</run_address>
         <size>0x369</size>
         <input_file_ref idref="fl-2"/>
      </object_component>
      <object_component id="oc-13">
         <name>.debug_info</name>
         <load_address>0x369</load_address>
         <run_address>0x369</run_address>
         <size>0xfc</size>
         <input_file_ref idref="fl-2"/>
      </object_component>
      <object_component id="oc-28">
         <name>.debug_info</name>
         <load_address>0x465</load_address>
         <run_address>0x465</run_address>
         <size>0x3e1</size>
         <input_file_ref idref="fl-2"/>
      </object_component>
      <object_component id="oc-131">
         <name>.debug_info</name>
         <load_address>0x846</load_address>
         <run_address>0x846</run_address>
         <size>0x26b</size>
         <input_file_ref idref="fl-2"/>
      </object_component>
      <object_component id="oc-47">
         <name>.debug_info</name>
         <load_address>0xab1</load_address>
         <run_address>0xab1</run_address>
         <size>0x84</size>
         <input_file_ref idref="fl-2"/>
      </object_component>
      <object_component id="oc-2db">
         <name>.debug_info</name>
         <load_address>0xb35</load_address>
         <run_address>0xb35</run_address>
         <size>0x2a4</size>
         <input_file_ref idref="fl-2"/>
      </object_component>
      <object_component id="oc-12a">
         <name>.debug_info</name>
         <load_address>0xdd9</load_address>
         <run_address>0xdd9</run_address>
         <size>0xbb</size>
         <input_file_ref idref="fl-2"/>
      </object_component>
      <object_component id="oc-23c">
         <name>.debug_info</name>
         <load_address>0xe94</load_address>
         <run_address>0xe94</run_address>
         <size>0x95c</size>
         <input_file_ref idref="fl-3"/>
      </object_component>
      <object_component id="oc-ae">
         <name>.debug_info</name>
         <load_address>0x17f0</load_address>
         <run_address>0x17f0</run_address>
         <size>0x6ac</size>
         <input_file_ref idref="fl-3"/>
      </object_component>
      <object_component id="oc-120">
         <name>.debug_info</name>
         <load_address>0x1e9c</load_address>
         <run_address>0x1e9c</run_address>
         <size>0x8b</size>
         <input_file_ref idref="fl-3"/>
      </object_component>
      <object_component id="oc-27c">
         <name>.debug_info</name>
         <load_address>0x1f27</load_address>
         <run_address>0x1f27</run_address>
         <size>0x2c</size>
         <input_file_ref idref="fl-3"/>
      </object_component>
      <object_component id="oc-cd">
         <name>.debug_info</name>
         <load_address>0x1f53</load_address>
         <run_address>0x1f53</run_address>
         <size>0xbfe</size>
         <input_file_ref idref="fl-4"/>
      </object_component>
      <object_component id="oc-e3">
         <name>.debug_info</name>
         <load_address>0x2b51</load_address>
         <run_address>0x2b51</run_address>
         <size>0x11b</size>
         <input_file_ref idref="fl-4"/>
      </object_component>
      <object_component id="oc-39">
         <name>.debug_info</name>
         <load_address>0x2c6c</load_address>
         <run_address>0x2c6c</run_address>
         <size>0xa59</size>
         <input_file_ref idref="fl-4"/>
      </object_component>
      <object_component id="oc-11b">
         <name>.debug_info</name>
         <load_address>0x36c5</load_address>
         <run_address>0x36c5</run_address>
         <size>0x315</size>
         <input_file_ref idref="fl-4"/>
      </object_component>
      <object_component id="oc-125">
         <name>.debug_info</name>
         <load_address>0x39da</load_address>
         <run_address>0x39da</run_address>
         <size>0x5f9</size>
         <input_file_ref idref="fl-4"/>
      </object_component>
      <object_component id="oc-2b7">
         <name>.debug_info</name>
         <load_address>0x3fd3</load_address>
         <run_address>0x3fd3</run_address>
         <size>0x51</size>
         <input_file_ref idref="fl-4"/>
      </object_component>
      <object_component id="oc-1a0">
         <name>.debug_info</name>
         <load_address>0x4024</load_address>
         <run_address>0x4024</run_address>
         <size>0x461</size>
         <input_file_ref idref="fl-4"/>
      </object_component>
      <object_component id="oc-2b2">
         <name>.debug_info</name>
         <load_address>0x4485</load_address>
         <run_address>0x4485</run_address>
         <size>0x4f</size>
         <input_file_ref idref="fl-4"/>
      </object_component>
      <object_component id="oc-2bc">
         <name>.debug_info</name>
         <load_address>0x44d4</load_address>
         <run_address>0x44d4</run_address>
         <size>0x2c</size>
         <input_file_ref idref="fl-4"/>
      </object_component>
      <object_component id="oc-91">
         <name>.debug_info</name>
         <load_address>0x4500</load_address>
         <run_address>0x4500</run_address>
         <size>0x2c</size>
         <input_file_ref idref="fl-4"/>
      </object_component>
      <object_component id="oc-196">
         <name>.debug_info</name>
         <load_address>0x452c</load_address>
         <run_address>0x452c</run_address>
         <size>0x53</size>
         <input_file_ref idref="fl-4"/>
      </object_component>
      <object_component id="oc-96">
         <name>.debug_info</name>
         <load_address>0x457f</load_address>
         <run_address>0x457f</run_address>
         <size>0x53</size>
         <input_file_ref idref="fl-4"/>
      </object_component>
      <object_component id="oc-19b">
         <name>.debug_info</name>
         <load_address>0x45d2</load_address>
         <run_address>0x45d2</run_address>
         <size>0x14c</size>
         <input_file_ref idref="fl-4"/>
      </object_component>
      <object_component id="oc-27b">
         <name>.debug_info</name>
         <load_address>0x471e</load_address>
         <run_address>0x471e</run_address>
         <size>0x3fd</size>
         <input_file_ref idref="fl-5"/>
      </object_component>
      <object_component id="oc-26d">
         <name>.debug_info</name>
         <load_address>0x4b1b</load_address>
         <run_address>0x4b1b</run_address>
         <size>0xf4</size>
         <input_file_ref idref="fl-5"/>
      </object_component>
      <object_component id="oc-278">
         <name>.debug_info</name>
         <load_address>0x4c0f</load_address>
         <run_address>0x4c0f</run_address>
         <size>0xee</size>
         <input_file_ref idref="fl-5"/>
      </object_component>
      <object_component id="oc-270">
         <name>.debug_info</name>
         <load_address>0x4cfd</load_address>
         <run_address>0x4cfd</run_address>
         <size>0xfc</size>
         <input_file_ref idref="fl-5"/>
      </object_component>
      <object_component id="oc-26a">
         <name>.debug_info</name>
         <load_address>0x4df9</load_address>
         <run_address>0x4df9</run_address>
         <size>0x100</size>
         <input_file_ref idref="fl-5"/>
      </object_component>
      <object_component id="oc-ba">
         <name>.debug_info</name>
         <load_address>0x4ef9</load_address>
         <run_address>0x4ef9</run_address>
         <size>0x82d</size>
         <input_file_ref idref="fl-5"/>
      </object_component>
      <object_component id="oc-3ce">
         <name>.debug_info</name>
         <load_address>0x5726</load_address>
         <run_address>0x5726</run_address>
         <size>0x401</size>
         <input_file_ref idref="fl-6"/>
      </object_component>
      <object_component id="oc-2a1">
         <name>.debug_info</name>
         <load_address>0x5b27</load_address>
         <run_address>0x5b27</run_address>
         <size>0x57b</size>
         <input_file_ref idref="fl-7"/>
      </object_component>
      <object_component id="oc-297">
         <name>.debug_info</name>
         <load_address>0x60a2</load_address>
         <run_address>0x60a2</run_address>
         <size>0xe6</size>
         <input_file_ref idref="fl-7"/>
      </object_component>
      <object_component id="oc-29a">
         <name>.debug_info</name>
         <load_address>0x6188</load_address>
         <run_address>0x6188</run_address>
         <size>0xe4</size>
         <input_file_ref idref="fl-7"/>
      </object_component>
      <object_component id="oc-294">
         <name>.debug_info</name>
         <load_address>0x626c</load_address>
         <run_address>0x626c</run_address>
         <size>0xe6</size>
         <input_file_ref idref="fl-7"/>
      </object_component>
      <object_component id="oc-c1">
         <name>.debug_info</name>
         <load_address>0x6352</load_address>
         <run_address>0x6352</run_address>
         <size>0x5356</size>
         <input_file_ref idref="fl-7"/>
      </object_component>
      <object_component id="oc-2a2">
         <name>.debug_info</name>
         <load_address>0xb6a8</load_address>
         <run_address>0xb6a8</run_address>
         <size>0x70</size>
         <input_file_ref idref="fl-7"/>
      </object_component>
      <object_component id="oc-2a7">
         <name>.debug_info</name>
         <load_address>0xb718</load_address>
         <run_address>0xb718</run_address>
         <size>0x8c</size>
         <input_file_ref idref="fl-7"/>
      </object_component>
      <object_component id="oc-2e7">
         <name>.debug_info</name>
         <load_address>0xb7a4</load_address>
         <run_address>0xb7a4</run_address>
         <size>0x2c</size>
         <input_file_ref idref="fl-7"/>
      </object_component>
      <object_component id="oc-3ec">
         <name>.debug_info</name>
         <load_address>0xb7d0</load_address>
         <run_address>0xb7d0</run_address>
         <size>0x3cd</size>
         <input_file_ref idref="fl-8"/>
      </object_component>
      <object_component id="oc-3e6">
         <name>.debug_info</name>
         <load_address>0xbb9d</load_address>
         <run_address>0xbb9d</run_address>
         <size>0xf6</size>
         <input_file_ref idref="fl-8"/>
      </object_component>
      <object_component id="oc-3e9">
         <name>.debug_info</name>
         <load_address>0xbc93</load_address>
         <run_address>0xbc93</run_address>
         <size>0xed</size>
         <input_file_ref idref="fl-8"/>
      </object_component>
      <object_component id="oc-282">
         <name>.debug_info</name>
         <load_address>0xbd80</load_address>
         <run_address>0xbd80</run_address>
         <size>0xee9</size>
         <input_file_ref idref="fl-8"/>
      </object_component>
      <object_component id="oc-3af">
         <name>.debug_info</name>
         <load_address>0xcc69</load_address>
         <run_address>0xcc69</run_address>
         <size>0x655</size>
         <input_file_ref idref="fl-a"/>
      </object_component>
      <object_component id="oc-246">
         <name>.debug_info</name>
         <load_address>0xd2be</load_address>
         <run_address>0xd2be</run_address>
         <size>0x110</size>
         <input_file_ref idref="fl-a"/>
      </object_component>
      <object_component id="oc-33a">
         <name>.debug_info</name>
         <load_address>0xd3ce</load_address>
         <run_address>0xd3ce</run_address>
         <size>0x461</size>
         <input_file_ref idref="fl-a"/>
      </object_component>
      <object_component id="oc-446">
         <name>.debug_info</name>
         <load_address>0xd82f</load_address>
         <run_address>0xd82f</run_address>
         <size>0x76</size>
         <input_file_ref idref="fl-a"/>
      </object_component>
      <object_component id="oc-44b">
         <name>.debug_info</name>
         <load_address>0xd8a5</load_address>
         <run_address>0xd8a5</run_address>
         <size>0x39</size>
         <input_file_ref idref="fl-a"/>
      </object_component>
      <object_component id="oc-330">
         <name>.debug_info</name>
         <load_address>0xd8de</load_address>
         <run_address>0xd8de</run_address>
         <size>0x4f</size>
         <input_file_ref idref="fl-a"/>
      </object_component>
      <object_component id="oc-34e">
         <name>.debug_info</name>
         <load_address>0xd92d</load_address>
         <run_address>0xd92d</run_address>
         <size>0x38c</size>
         <input_file_ref idref="fl-b"/>
      </object_component>
      <object_component id="oc-174">
         <name>.debug_info</name>
         <load_address>0xdcb9</load_address>
         <run_address>0xdcb9</run_address>
         <size>0x4a2</size>
         <input_file_ref idref="fl-b"/>
      </object_component>
      <object_component id="oc-23e">
         <name>.debug_info</name>
         <load_address>0xe15b</load_address>
         <run_address>0xe15b</run_address>
         <size>0x855</size>
         <input_file_ref idref="fl-c"/>
      </object_component>
      <object_component id="oc-b4">
         <name>.debug_info</name>
         <load_address>0xe9b0</load_address>
         <run_address>0xe9b0</run_address>
         <size>0x32f1</size>
         <input_file_ref idref="fl-c"/>
      </object_component>
      <object_component id="oc-3aa">
         <name>.debug_info</name>
         <load_address>0x11ca1</load_address>
         <run_address>0x11ca1</run_address>
         <size>0x23f</size>
         <input_file_ref idref="fl-c"/>
      </object_component>
      <object_component id="oc-241">
         <name>.debug_info</name>
         <load_address>0x11ee0</load_address>
         <run_address>0x11ee0</run_address>
         <size>0x46</size>
         <input_file_ref idref="fl-c"/>
      </object_component>
      <object_component id="oc-165">
         <name>.debug_info</name>
         <load_address>0x11f26</load_address>
         <run_address>0x11f26</run_address>
         <size>0x7e1</size>
         <input_file_ref idref="fl-e"/>
      </object_component>
      <object_component id="oc-80">
         <name>.debug_info</name>
         <load_address>0x12707</load_address>
         <run_address>0x12707</run_address>
         <size>0x351</size>
         <input_file_ref idref="fl-e"/>
      </object_component>
      <object_component id="oc-17a">
         <name>.debug_info</name>
         <load_address>0x12a58</load_address>
         <run_address>0x12a58</run_address>
         <size>0xfa</size>
         <input_file_ref idref="fl-e"/>
      </object_component>
      <object_component id="oc-18c">
         <name>.debug_info</name>
         <load_address>0x12b52</load_address>
         <run_address>0x12b52</run_address>
         <size>0xfa</size>
         <input_file_ref idref="fl-e"/>
      </object_component>
      <object_component id="oc-18f">
         <name>.debug_info</name>
         <load_address>0x12c4c</load_address>
         <run_address>0x12c4c</run_address>
         <size>0xfa</size>
         <input_file_ref idref="fl-e"/>
      </object_component>
      <object_component id="oc-180">
         <name>.debug_info</name>
         <load_address>0x12d46</load_address>
         <run_address>0x12d46</run_address>
         <size>0x13d</size>
         <input_file_ref idref="fl-e"/>
      </object_component>
      <object_component id="oc-186">
         <name>.debug_info</name>
         <load_address>0x12e83</load_address>
         <run_address>0x12e83</run_address>
         <size>0xfa</size>
         <input_file_ref idref="fl-e"/>
      </object_component>
      <object_component id="oc-17d">
         <name>.debug_info</name>
         <load_address>0x12f7d</load_address>
         <run_address>0x12f7d</run_address>
         <size>0x108</size>
         <input_file_ref idref="fl-e"/>
      </object_component>
      <object_component id="oc-183">
         <name>.debug_info</name>
         <load_address>0x13085</load_address>
         <run_address>0x13085</run_address>
         <size>0xfc</size>
         <input_file_ref idref="fl-e"/>
      </object_component>
      <object_component id="oc-189">
         <name>.debug_info</name>
         <load_address>0x13181</load_address>
         <run_address>0x13181</run_address>
         <size>0xfb</size>
         <input_file_ref idref="fl-e"/>
      </object_component>
      <object_component id="oc-86">
         <name>.debug_info</name>
         <load_address>0x1327c</load_address>
         <run_address>0x1327c</run_address>
         <size>0x4c98</size>
         <input_file_ref idref="fl-e"/>
      </object_component>
      <object_component id="oc-166">
         <name>.debug_info</name>
         <load_address>0x17f14</load_address>
         <run_address>0x17f14</run_address>
         <size>0x30c</size>
         <input_file_ref idref="fl-e"/>
      </object_component>
      <object_component id="oc-335">
         <name>.debug_info</name>
         <load_address>0x18220</load_address>
         <run_address>0x18220</run_address>
         <size>0x144</size>
         <input_file_ref idref="fl-e"/>
      </object_component>
      <object_component id="oc-90">
         <name>.debug_info</name>
         <load_address>0x18364</load_address>
         <run_address>0x18364</run_address>
         <size>0x422</size>
         <input_file_ref idref="fl-10"/>
      </object_component>
      <object_component id="oc-83">
         <name>.debug_info</name>
         <load_address>0x18786</load_address>
         <run_address>0x18786</run_address>
         <size>0x127</size>
         <input_file_ref idref="fl-10"/>
      </object_component>
      <object_component id="oc-8d">
         <name>.debug_info</name>
         <load_address>0x188ad</load_address>
         <run_address>0x188ad</run_address>
         <size>0x10e</size>
         <input_file_ref idref="fl-10"/>
      </object_component>
      <object_component id="oc-36">
         <name>.debug_info</name>
         <load_address>0x189bb</load_address>
         <run_address>0x189bb</run_address>
         <size>0x69e</size>
         <input_file_ref idref="fl-10"/>
      </object_component>
      <object_component id="oc-2f">
         <name>.debug_info</name>
         <load_address>0x19059</load_address>
         <run_address>0x19059</run_address>
         <size>0x25c</size>
         <input_file_ref idref="fl-11"/>
      </object_component>
      <object_component id="oc-34c">
         <name>.debug_info</name>
         <load_address>0x192b5</load_address>
         <run_address>0x192b5</run_address>
         <size>0x431</size>
         <input_file_ref idref="fl-12"/>
      </object_component>
      <object_component id="oc-349">
         <name>.debug_info</name>
         <load_address>0x196e6</load_address>
         <run_address>0x196e6</run_address>
         <size>0xf5</size>
         <input_file_ref idref="fl-12"/>
      </object_component>
      <object_component id="oc-343">
         <name>.debug_info</name>
         <load_address>0x197db</load_address>
         <run_address>0x197db</run_address>
         <size>0xf5</size>
         <input_file_ref idref="fl-12"/>
      </object_component>
      <object_component id="oc-346">
         <name>.debug_info</name>
         <load_address>0x198d0</load_address>
         <run_address>0x198d0</run_address>
         <size>0xf1</size>
         <input_file_ref idref="fl-12"/>
      </object_component>
      <object_component id="oc-340">
         <name>.debug_info</name>
         <load_address>0x199c1</load_address>
         <run_address>0x199c1</run_address>
         <size>0x10f</size>
         <input_file_ref idref="fl-12"/>
      </object_component>
      <object_component id="oc-170">
         <name>.debug_info</name>
         <load_address>0x19ad0</load_address>
         <run_address>0x19ad0</run_address>
         <size>0x65e</size>
         <input_file_ref idref="fl-12"/>
      </object_component>
      <object_component id="oc-425">
         <name>.debug_info</name>
         <load_address>0x1a12e</load_address>
         <run_address>0x1a12e</run_address>
         <size>0x62</size>
         <input_file_ref idref="fl-12"/>
      </object_component>
      <object_component id="oc-1ba">
         <name>.debug_info</name>
         <load_address>0x1a190</load_address>
         <run_address>0x1a190</run_address>
         <size>0x3e4</size>
         <input_file_ref idref="fl-18"/>
      </object_component>
      <object_component id="oc-38a">
         <name>.debug_info</name>
         <load_address>0x1a574</load_address>
         <run_address>0x1a574</run_address>
         <size>0x164</size>
         <input_file_ref idref="fl-18"/>
      </object_component>
      <object_component id="oc-3e3">
         <name>.debug_info</name>
         <load_address>0x1a6d8</load_address>
         <run_address>0x1a6d8</run_address>
         <size>0x2ac</size>
         <input_file_ref idref="fl-18"/>
      </object_component>
      <object_component id="oc-1b7">
         <name>.debug_info</name>
         <load_address>0x1a984</load_address>
         <run_address>0x1a984</run_address>
         <size>0x2bc</size>
         <input_file_ref idref="fl-18"/>
      </object_component>
      <object_component id="oc-1b1">
         <name>.debug_info</name>
         <load_address>0x1ac40</load_address>
         <run_address>0x1ac40</run_address>
         <size>0x31f</size>
         <input_file_ref idref="fl-18"/>
      </object_component>
      <object_component id="oc-237">
         <name>.debug_info</name>
         <load_address>0x1af5f</load_address>
         <run_address>0x1af5f</run_address>
         <size>0x29b</size>
         <input_file_ref idref="fl-18"/>
      </object_component>
      <object_component id="oc-458">
         <name>.debug_info</name>
         <load_address>0x1b1fa</load_address>
         <run_address>0x1b1fa</run_address>
         <size>0x299</size>
         <input_file_ref idref="fl-18"/>
      </object_component>
      <object_component id="oc-1ef">
         <name>.debug_info</name>
         <load_address>0x1b493</load_address>
         <run_address>0x1b493</run_address>
         <size>0x299</size>
         <input_file_ref idref="fl-18"/>
      </object_component>
      <object_component id="oc-ab">
         <name>.debug_info</name>
         <load_address>0x1b72c</load_address>
         <run_address>0x1b72c</run_address>
         <size>0x2c0</size>
         <input_file_ref idref="fl-18"/>
      </object_component>
      <object_component id="oc-1bf">
         <name>.debug_info</name>
         <load_address>0x1b9ec</load_address>
         <run_address>0x1b9ec</run_address>
         <size>0x2a5</size>
         <input_file_ref idref="fl-18"/>
      </object_component>
      <object_component id="oc-102">
         <name>.debug_info</name>
         <load_address>0x1bc91</load_address>
         <run_address>0x1bc91</run_address>
         <size>0x284</size>
         <input_file_ref idref="fl-18"/>
      </object_component>
      <object_component id="oc-1e9">
         <name>.debug_info</name>
         <load_address>0x1bf15</load_address>
         <run_address>0x1bf15</run_address>
         <size>0x289</size>
         <input_file_ref idref="fl-18"/>
      </object_component>
      <object_component id="oc-1cb">
         <name>.debug_info</name>
         <load_address>0x1c19e</load_address>
         <run_address>0x1c19e</run_address>
         <size>0x2c4</size>
         <input_file_ref idref="fl-18"/>
      </object_component>
      <object_component id="oc-fc">
         <name>.debug_info</name>
         <load_address>0x1c462</load_address>
         <run_address>0x1c462</run_address>
         <size>0x288</size>
         <input_file_ref idref="fl-18"/>
      </object_component>
      <object_component id="oc-1c5">
         <name>.debug_info</name>
         <load_address>0x1c6ea</load_address>
         <run_address>0x1c6ea</run_address>
         <size>0x298</size>
         <input_file_ref idref="fl-18"/>
      </object_component>
      <object_component id="oc-108">
         <name>.debug_info</name>
         <load_address>0x1c982</load_address>
         <run_address>0x1c982</run_address>
         <size>0x296</size>
         <input_file_ref idref="fl-18"/>
      </object_component>
      <object_component id="oc-36f">
         <name>.debug_info</name>
         <load_address>0x1cc18</load_address>
         <run_address>0x1cc18</run_address>
         <size>0x26b</size>
         <input_file_ref idref="fl-18"/>
      </object_component>
      <object_component id="oc-35f">
         <name>.debug_info</name>
         <load_address>0x1ce83</load_address>
         <run_address>0x1ce83</run_address>
         <size>0x297</size>
         <input_file_ref idref="fl-18"/>
      </object_component>
      <object_component id="oc-36a">
         <name>.debug_info</name>
         <load_address>0x1d11a</load_address>
         <run_address>0x1d11a</run_address>
         <size>0xef</size>
         <input_file_ref idref="fl-18"/>
      </object_component>
      <object_component id="oc-1a6">
         <name>.debug_info</name>
         <load_address>0x1d209</load_address>
         <run_address>0x1d209</run_address>
         <size>0xbb</size>
         <input_file_ref idref="fl-18"/>
      </object_component>
      <object_component id="oc-37f">
         <name>.debug_info</name>
         <load_address>0x1d2c4</load_address>
         <run_address>0x1d2c4</run_address>
         <size>0x3b7</size>
         <input_file_ref idref="fl-19"/>
      </object_component>
      <object_component id="oc-37c">
         <name>.debug_info</name>
         <load_address>0x1d67b</load_address>
         <run_address>0x1d67b</run_address>
         <size>0x157</size>
         <input_file_ref idref="fl-19"/>
      </object_component>
      <object_component id="oc-385">
         <name>.debug_info</name>
         <load_address>0x1d7d2</load_address>
         <run_address>0x1d7d2</run_address>
         <size>0x15b</size>
         <input_file_ref idref="fl-19"/>
      </object_component>
      <object_component id="oc-381">
         <name>.debug_info</name>
         <load_address>0x1d92d</load_address>
         <run_address>0x1d92d</run_address>
         <size>0x160</size>
         <input_file_ref idref="fl-19"/>
      </object_component>
      <object_component id="oc-1d5">
         <name>.debug_info</name>
         <load_address>0x1da8d</load_address>
         <run_address>0x1da8d</run_address>
         <size>0x2ca</size>
         <input_file_ref idref="fl-19"/>
      </object_component>
      <object_component id="oc-1cf">
         <name>.debug_info</name>
         <load_address>0x1dd57</load_address>
         <run_address>0x1dd57</run_address>
         <size>0x2d2</size>
         <input_file_ref idref="fl-19"/>
      </object_component>
      <object_component id="oc-10c">
         <name>.debug_info</name>
         <load_address>0x1e029</load_address>
         <run_address>0x1e029</run_address>
         <size>0x247</size>
         <input_file_ref idref="fl-19"/>
      </object_component>
      <object_component id="oc-f4">
         <name>.debug_info</name>
         <load_address>0x1e270</load_address>
         <run_address>0x1e270</run_address>
         <size>0x249</size>
         <input_file_ref idref="fl-19"/>
      </object_component>
      <object_component id="oc-1db">
         <name>.debug_info</name>
         <load_address>0x1e4b9</load_address>
         <run_address>0x1e4b9</run_address>
         <size>0x271</size>
         <input_file_ref idref="fl-19"/>
      </object_component>
      <object_component id="oc-2c2">
         <name>.debug_info</name>
         <load_address>0x1e72a</load_address>
         <run_address>0x1e72a</run_address>
         <size>0x396</size>
         <input_file_ref idref="fl-1a"/>
      </object_component>
      <object_component id="oc-d7">
         <name>.debug_info</name>
         <load_address>0x1eac0</load_address>
         <run_address>0x1eac0</run_address>
         <size>0x2ff</size>
         <input_file_ref idref="fl-1a"/>
      </object_component>
      <object_component id="oc-20a">
         <name>.debug_info</name>
         <load_address>0x1edbf</load_address>
         <run_address>0x1edbf</run_address>
         <size>0x2cd</size>
         <input_file_ref idref="fl-1a"/>
      </object_component>
      <object_component id="oc-1fe">
         <name>.debug_info</name>
         <load_address>0x1f08c</load_address>
         <run_address>0x1f08c</run_address>
         <size>0x293</size>
         <input_file_ref idref="fl-1a"/>
      </object_component>
      <object_component id="oc-1f8">
         <name>.debug_info</name>
         <load_address>0x1f31f</load_address>
         <run_address>0x1f31f</run_address>
         <size>0x2bf</size>
         <input_file_ref idref="fl-1a"/>
      </object_component>
      <object_component id="oc-395">
         <name>.debug_info</name>
         <load_address>0x1f5de</load_address>
         <run_address>0x1f5de</run_address>
         <size>0x2c0</size>
         <input_file_ref idref="fl-1a"/>
      </object_component>
      <object_component id="oc-205">
         <name>.debug_info</name>
         <load_address>0x1f89e</load_address>
         <run_address>0x1f89e</run_address>
         <size>0x2cb</size>
         <input_file_ref idref="fl-1a"/>
      </object_component>
      <object_component id="oc-211">
         <name>.debug_info</name>
         <load_address>0x1fb69</load_address>
         <run_address>0x1fb69</run_address>
         <size>0x2f2</size>
         <input_file_ref idref="fl-1a"/>
      </object_component>
      <object_component id="oc-d2">
         <name>.debug_info</name>
         <load_address>0x1fe5b</load_address>
         <run_address>0x1fe5b</run_address>
         <size>0x2b5</size>
         <input_file_ref idref="fl-1a"/>
      </object_component>
      <object_component id="oc-e8">
         <name>.debug_info</name>
         <load_address>0x20110</load_address>
         <run_address>0x20110</run_address>
         <size>0x27f</size>
         <input_file_ref idref="fl-1a"/>
      </object_component>
      <object_component id="oc-ee">
         <name>.debug_info</name>
         <load_address>0x2038f</load_address>
         <run_address>0x2038f</run_address>
         <size>0x281</size>
         <input_file_ref idref="fl-1a"/>
      </object_component>
      <object_component id="oc-1f3">
         <name>.debug_info</name>
         <load_address>0x20610</load_address>
         <run_address>0x20610</run_address>
         <size>0x2bc</size>
         <input_file_ref idref="fl-1a"/>
      </object_component>
      <object_component id="oc-46e">
         <name>.debug_info</name>
         <load_address>0x208cc</load_address>
         <run_address>0x208cc</run_address>
         <size>0x3c0</size>
         <input_file_ref idref="fl-1b"/>
      </object_component>
      <object_component id="oc-462">
         <name>.debug_info</name>
         <load_address>0x20c8c</load_address>
         <run_address>0x20c8c</run_address>
         <size>0x24b</size>
         <input_file_ref idref="fl-1b"/>
      </object_component>
      <object_component id="oc-3d5">
         <name>.debug_info</name>
         <load_address>0x20ed7</load_address>
         <run_address>0x20ed7</run_address>
         <size>0x27f</size>
         <input_file_ref idref="fl-1b"/>
      </object_component>
      <object_component id="oc-468">
         <name>.debug_info</name>
         <load_address>0x21156</load_address>
         <run_address>0x21156</run_address>
         <size>0x2a3</size>
         <input_file_ref idref="fl-1b"/>
      </object_component>
      <object_component id="oc-3db">
         <name>.debug_info</name>
         <load_address>0x213f9</load_address>
         <run_address>0x213f9</run_address>
         <size>0x283</size>
         <input_file_ref idref="fl-1b"/>
      </object_component>
      <object_component id="oc-45c">
         <name>.debug_info</name>
         <load_address>0x2167c</load_address>
         <run_address>0x2167c</run_address>
         <size>0x3e2</size>
         <input_file_ref idref="fl-1b"/>
      </object_component>
      <object_component id="oc-1ab">
         <name>.debug_info</name>
         <load_address>0x21a5e</load_address>
         <run_address>0x21a5e</run_address>
         <size>0x441</size>
         <input_file_ref idref="fl-1c"/>
      </object_component>
      <object_component id="oc-2ad">
         <name>.debug_info</name>
         <load_address>0x21e9f</load_address>
         <run_address>0x21e9f</run_address>
         <size>0x156</size>
         <input_file_ref idref="fl-1c"/>
      </object_component>
      <object_component id="oc-24c">
         <name>.debug_info</name>
         <load_address>0x21ff5</load_address>
         <run_address>0x21ff5</run_address>
         <size>0x28c</size>
         <input_file_ref idref="fl-1c"/>
      </object_component>
      <object_component id="oc-a3">
         <name>.debug_info</name>
         <load_address>0x22281</load_address>
         <run_address>0x22281</run_address>
         <size>0x286</size>
         <input_file_ref idref="fl-1c"/>
      </object_component>
      <object_component id="oc-1e1">
         <name>.debug_info</name>
         <load_address>0x22507</load_address>
         <run_address>0x22507</run_address>
         <size>0x26c</size>
         <input_file_ref idref="fl-1c"/>
      </object_component>
      <object_component id="oc-9c">
         <name>.debug_info</name>
         <load_address>0x22773</load_address>
         <run_address>0x22773</run_address>
         <size>0x2e4</size>
         <input_file_ref idref="fl-1c"/>
      </object_component>
      <object_component id="oc-c6">
         <name>.debug_info</name>
         <load_address>0x22a57</load_address>
         <run_address>0x22a57</run_address>
         <size>0x2be</size>
         <input_file_ref idref="fl-1c"/>
      </object_component>
      <object_component id="oc-366">
         <name>.debug_info</name>
         <load_address>0x22d15</load_address>
[...]
         <object_component_ref idref="oc-85"/>
      </symbol>
      <symbol id="sm-90e">
         <name>xTaskGenericNotifyFromISR</name>
         <value>0x5bc5</value>
         <object_component_ref idref="oc-85"/>
      </symbol>
      <symbol id="sm-90f">
         <name>vTaskGetInfo</name>
         <value>0x54bd</value>
         <object_component_ref idref="oc-85"/>
      </symbol>
      <symbol id="sm-910">
         <name>uxTaskPriorityGet</name>
         <value>0x4969</value>
         <object_component_ref idref="oc-85"/>
      </symbol>
      <symbol id="sm-911">
         <name>xTaskResumeAll</name>
         <value>0x4db1</value>
         <object_component_ref idref="oc-85"/>
      </symbol>
      <symbol id="sm-912">
         <name>xTaskGetTickCount</name>
         <value>0x4e93</value>
         <object_component_ref idref="oc-85"/>
      </symbol>
      <symbol id="sm-913">
         <name>ulTaskGenericNotifyTake</name>
         <value>0x5949</value>
         <object_component_ref idref="oc-85"/>
      </symbol>
      <symbol id="sm-914">
         <name>uxTaskGetSystemState</name>
         <value>0x4eed</value>
         <object_component_ref idref="oc-85"/>
      </symbol>
      <symbol id="sm-915">
         <name>vTaskDelete</name>
         <value>0x471f</value>
         <object_component_ref idref="oc-85"/>
      </symbol>
      <symbol id="sm-916">
         <name>ulTaskGenericNotifyValueClear</name>
         <value>0x5e09</value>
         <object_component_ref idref="oc-85"/>
      </symbol>
      <symbol id="sm-917">
         <name>xTaskGenericNotifyWait</name>
         <value>0x59ed</value>
         <object_component_ref idref="oc-85"/>
      </symbol>
      <symbol id="sm-918">
         <name>pxCurrentTCB</name>
         <value>0x20005bd8</value>
         <object_component_ref idref="oc-7f"/>
      </symbol>
      <symbol id="sm-919">
         <name>eTaskGetState</name>
         <value>0x48a1</value>
         <object_component_ref idref="oc-85"/>
      </symbol>
      <symbol id="sm-91a">
         <name>vTaskSuspend</name>
         <value>0x4af1</value>
         <object_component_ref idref="oc-85"/>
      </symbol>
      <symbol id="sm-91b">
         <name>xTaskGetTickCountFromISR</name>
         <value>0x4ea9</value>
         <object_component_ref idref="oc-85"/>
      </symbol>
      <symbol id="sm-91c">
         <name>vTaskResume</name>
         <value>0x4c23</value>
         <object_component_ref idref="oc-85"/>
      </symbol>
      <symbol id="sm-91d">
         <name>uxTopUsedPriority</name>
         <value>0x94b0</value>
         <object_component_ref idref="oc-188"/>
      </symbol>
      <symbol id="sm-91e">
         <name>vTaskSetTimeOutState</name>
         <value>0x5309</value>
         <object_component_ref idref="oc-85"/>
      </symbol>
      <symbol id="sm-91f">
         <name>xTaskIncrementTick</name>
         <value>0x5005</value>
         <object_component_ref idref="oc-85"/>
      </symbol>
      <symbol id="sm-920">
         <name>vTaskSwitchContext</name>
         <value>0x5121</value>
         <object_component_ref idref="oc-85"/>
      </symbol>
      <symbol id="sm-921">
         <name>uxTaskResetEventItemValue</name>
         <value>0x5905</value>
         <object_component_ref idref="oc-85"/>
      </symbol>
      <symbol id="sm-922">
         <name>xTaskResumeFromISR</name>
         <value>0x4ca1</value>
         <object_component_ref idref="oc-85"/>
      </symbol>
      <symbol id="sm-923">
         <name>xTaskGetCurrentTaskHandle</name>
         <value>0x56b3</value>
         <object_component_ref idref="oc-85"/>
      </symbol>
      <symbol id="sm-924">
         <name>vTaskPlaceOnUnorderedEventList</name>
         <value>0x51e5</value>
         <object_component_ref idref="oc-85"/>
      </symbol>
      <symbol id="sm-925">
         <name>xTaskRemoveFromEventList</name>
         <value>0x521d</value>
         <object_component_ref idref="oc-85"/>
      </symbol>
      <symbol id="sm-926">
         <name>xTaskPriorityInherit</name>
         <value>0x56ed</value>
         <object_component_ref idref="oc-85"/>
      </symbol>
      <symbol id="sm-957">
         <name>ulMaxSyscallInterruptPriority</name>
         <value>0x94ac</value>
         <object_component_ref idref="oc-82"/>
      </symbol>
      <symbol id="sm-958">
         <name>vPortSetupTimerInterrupt</name>
         <value>0x8333</value>
         <object_component_ref idref="oc-32"/>
      </symbol>
      <symbol id="sm-959">
         <name>vPortEndScheduler</name>
         <value>0x82d5</value>
         <object_component_ref idref="oc-32"/>
      </symbol>
      <symbol id="sm-95a">
         <name>xPortSysTickHandler</name>
         <value>0x830d</value>
         <object_component_ref idref="oc-32"/>
      </symbol>
      <symbol id="sm-95b">
         <name>pxPortInitialiseStack</name>
         <value>0x8235</value>
         <object_component_ref idref="oc-32"/>
      </symbol>
      <symbol id="sm-95c">
         <name>vPortExitCritical</name>
         <value>0x82f7</value>
         <object_component_ref idref="oc-32"/>
      </symbol>
      <symbol id="sm-95d">
         <name>xPortStartScheduler</name>
         <value>0x829f</value>
         <object_component_ref idref="oc-32"/>
      </symbol>
      <symbol id="sm-95e">
         <name>vPortEnterCritical</name>
         <value>0x82d7</value>
         <object_component_ref idref="oc-32"/>
      </symbol>
      <symbol id="sm-96d">
         <name>vPortStartFirstTask</name>
         <value>0x8751</value>
         <object_component_ref idref="oc-2d"/>
      </symbol>
      <symbol id="sm-96e">
         <name>ulPortGetIPSR</name>
         <value>0x86b9</value>
         <object_component_ref idref="oc-2d"/>
      </symbol>
      <symbol id="sm-96f">
         <name>vPortEnableVFP</name>
         <value>0x8775</value>
         <object_component_ref idref="oc-2d"/>
      </symbol>
      <symbol id="sm-970">
         <name>xPortPendSVHandler</name>
         <value>0x86d1</value>
         <object_component_ref idref="oc-2d"/>
      </symbol>
      <symbol id="sm-971">
         <name>vPortSVCHandler</name>
         <value>0x8731</value>
         <object_component_ref idref="oc-2d"/>
      </symbol>
      <symbol id="sm-9ba">
         <name>vPortInitialiseBlocks</name>
         <value>0x806d</value>
         <object_component_ref idref="oc-16d"/>
      </symbol>
      <symbol id="sm-9bb">
         <name>xPortGetFreeHeapSize</name>
         <value>0x8067</value>
         <object_component_ref idref="oc-16d"/>
      </symbol>
      <symbol id="sm-9bc">
         <name>pvPortMalloc</name>
         <value>0x7ef1</value>
         <object_component_ref idref="oc-16d"/>
      </symbol>
      <symbol id="sm-9bd">
         <name>vPortFree</name>
         <value>0x8009</value>
         <object_component_ref idref="oc-16d"/>
      </symbol>
      <symbol id="sm-a5b">
         <name>GPIOPinTypePWM</name>
         <value>0x8f53</value>
         <object_component_ref idref="oc-1eb"/>
      </symbol>
      <symbol id="sm-a5c">
         <name>GPIOPinConfigure</name>
         <value>0x8ba9</value>
         <object_component_ref idref="oc-1e5"/>
      </symbol>
      <symbol id="sm-a5d">
         <name>GPIOIntEnable</name>
         <value>0x908f</value>
         <object_component_ref idref="oc-1c1"/>
      </symbol>
      <symbol id="sm-a5e">
         <name>GPIOIntTypeSet</name>
         <value>0x8b51</value>
         <object_component_ref idref="oc-1c7"/>
      </symbol>
      <symbol id="sm-a5f">
         <name>GPIOPinTypeGPIOInput</name>
         <value>0x8f3d</value>
         <object_component_ref idref="oc-1bb"/>
      </symbol>
      <symbol id="sm-a60">
         <name>GPIOIntClear</name>
         <value>0x910d</value>
         <object_component_ref idref="oc-104"/>
      </symbol>
      <symbol id="sm-a61">
         <name>GPIOPinTypeUART</name>
         <value>0x8f7f</value>
         <object_component_ref idref="oc-233"/>
      </symbol>
      <symbol id="sm-a62">
         <name>GPIOIntStatus</name>
         <value>0x904d</value>
         <object_component_ref idref="oc-f8"/>
      </symbol>
      <symbol id="sm-a63">
         <name>GPIOPinTypeGPIOOutput</name>
         <value>0x8ef3</value>
         <object_component_ref idref="oc-a7"/>
      </symbol>
      <symbol id="sm-a64">
         <name>GPIOPinRead</name>
         <value>0x9113</value>
         <object_component_ref idref="oc-fe"/>
      </symbol>
      <symbol id="sm-a65">
         <name>GPIODirModeSet</name>
         <value>0x8e1d</value>
         <object_component_ref idref="oc-1b3"/>
      </symbol>
      <symbol id="sm-a66">
         <name>GPIOPinWrite</name>
         <value>0x9119</value>
         <object_component_ref idref="oc-3df"/>
      </symbol>
      <symbol id="sm-a67">
         <name>GPIOPadConfigSet</name>
         <value>0x80c9</value>
         <object_component_ref idref="oc-1ad"/>
      </symbol>
      <symbol id="sm-a68">
         <name>GPIOPinTypeSSI</name>
         <value>0x8f69</value>
         <object_component_ref idref="oc-454"/>
      </symbol>
      <symbol id="sm-abc">
         <name>IntPrioritySet</name>
         <value>0x8e49</value>
         <object_component_ref idref="oc-1cd"/>
      </symbol>
      <symbol id="sm-abd">
         <name>IntEnable</name>
         <value>0x8a21</value>
         <object_component_ref idref="oc-1d9"/>
      </symbol>
      <symbol id="sm-abe">
         <name>IntRegister</name>
         <value>0x8d81</value>
         <object_component_ref idref="oc-1d3"/>
      </symbol>
      <symbol id="sm-abf">
         <name>IntMasterDisable</name>
         <value>0x901d</value>
         <object_component_ref idref="oc-f2"/>
      </symbol>
      <symbol id="sm-ac0">
         <name>g_pfnRAMVectors</name>
         <value>0x20000000</value>
         <object_component_ref idref="oc-380"/>
      </symbol>
      <symbol id="sm-ac1">
         <name>IntMasterEnable</name>
         <value>0x902d</value>
         <object_component_ref idref="oc-10a"/>
      </symbol>
      <symbol id="sm-b2e">
         <name>PWMGenPeriodSet</name>
         <value>0x903d</value>
         <object_component_ref idref="oc-1f7"/>
      </symbol>
      <symbol id="sm-b2f">
         <name>PWMGenIntTrigEnable</name>
         <value>0x90cb</value>
         <object_component_ref idref="oc-203"/>
      </symbol>
      <symbol id="sm-b30">
         <name>PWMGenDisable</name>
         <value>0x909b</value>
         <object_component_ref idref="oc-ec"/>
      </symbol>
      <symbol id="sm-b31">
         <name>PWMPulseWidthSet</name>
         <value>0x8ed5</value>
         <object_component_ref idref="oc-d6"/>
      </symbol>
      <symbol id="sm-b32">
         <name>PWMGenIntClear</name>
         <value>0x911f</value>
         <object_component_ref idref="oc-d0"/>
      </symbol>
      <symbol id="sm-b33">
         <name>PWMGenIntRegister</name>
         <value>0x8f0d</value>
         <object_component_ref idref="oc-20f"/>
      </symbol>
      <symbol id="sm-b34">
         <name>PWMOutputState</name>
         <value>0x8fd5</value>
         <object_component_ref idref="oc-209"/>
      </symbol>
      <symbol id="sm-b35">
         <name>PWMGenEnable</name>
         <value>0x90a7</value>
         <object_component_ref idref="oc-e6"/>
      </symbol>
      <symbol id="sm-b36">
         <name>PWMIntEnable</name>
         <value>0x90fd</value>
         <object_component_ref idref="oc-1fd"/>
      </symbol>
      <symbol id="sm-b37">
         <name>PWMGenConfigure</name>
         <value>0x8e91</value>
         <object_component_ref idref="oc-1f1"/>
      </symbol>
      <symbol id="sm-b68">
         <name>SSIDataPut</name>
         <value>0x90d5</value>
         <object_component_ref idref="oc-3d3"/>
      </symbol>
      <symbol id="sm-b69">
         <name>SSIDataGet</name>
         <value>0x90b3</value>
         <object_component_ref idref="oc-3d9"/>
      </symbol>
      <symbol id="sm-b6a">
         <name>SSIDataGetNonBlocking</name>
         <value>0x8fe7</value>
         <object_component_ref idref="oc-466"/>
      </symbol>
      <symbol id="sm-b6b">
         <name>SSIConfigSetExpClk</name>
         <value>0x8d0d</value>
         <object_component_ref idref="oc-45a"/>
      </symbol>
      <symbol id="sm-b6c">
         <name>SSIEnable</name>
         <value>0x90df</value>
         <object_component_ref idref="oc-460"/>
      </symbol>
      <symbol id="sm-bd4">
         <name>SysCtlPeripheralPresent</name>
         <value>0x8d49</value>
         <object_component_ref idref="oc-24b"/>
      </symbol>
      <symbol id="sm-bd5">
         <name>SysCtlClockSet</name>
         <value>0x85b5</value>
         <object_component_ref idref="oc-9b"/>
      </symbol>
      <symbol id="sm-bd6">
         <name>SysCtlDelay</name>
         <value>0x9125</value>
         <object_component_ref idref="oc-cb"/>
      </symbol>
      <symbol id="sm-bd7">
         <name>SysCtlPeripheralEnable</name>
         <value>0x8db5</value>
         <object_component_ref idref="oc-a1"/>
      </symbol>
      <symbol id="sm-bd8">
         <name>SysCtlClockGet</name>
         <value>0x849d</value>
         <object_component_ref idref="oc-c5"/>
      </symbol>
      <symbol id="sm-bd9">
         <name>SysCtlPWMClockSet</name>
         <value>0x8fad</value>
         <object_component_ref idref="oc-1df"/>
      </symbol>
      <symbol id="sm-c34">
         <name>TimerLoadSet</name>
         <value>0x8ff9</value>
         <object_component_ref idref="oc-21b"/>
      </symbol>
      <symbol id="sm-c35">
         <name>TimerIntRegister</name>
         <value>0x8f25</value>
         <object_component_ref idref="oc-221"/>
      </symbol>
      <symbol id="sm-c36">
         <name>TimerEnable</name>
         <value>0x905b</value>
         <object_component_ref idref="oc-22d"/>
      </symbol>
      <symbol id="sm-c37">
         <name>TimerIntEnable</name>
         <value>0x9105</value>
         <object_component_ref idref="oc-227"/>
      </symbol>
      <symbol id="sm-c38">
         <name>TimerConfigure</name>
         <value>0x8af1</value>
         <object_component_ref idref="oc-215"/>
      </symbol>
      <symbol id="sm-c39">
         <name>TimerIntClear</name>
         <value>0x912b</value>
         <object_component_ref idref="oc-111"/>
      </symbol>
      <symbol id="sm-c6c">
         <name>UARTConfigSetExpClk</name>
         <value>0x8c41</value>
         <object_component_ref idref="oc-251"/>
      </symbol>
      <symbol id="sm-c6d">
         <name>UARTDisable</name>
         <value>0x8eb5</value>
         <object_component_ref idref="oc-3b1"/>
      </symbol>
      <symbol id="sm-c6e">
         <name>UARTCharPut</name>
         <value>0x90f3</value>
         <object_component_ref idref="oc-25d"/>
      </symbol>
      <symbol id="sm-c6f">
         <name>UARTEnable</name>
         <value>0x8fc1</value>
         <object_component_ref idref="oc-257"/>
      </symbol>
      <symbol id="sm-c70">
         <name>UARTCharGet</name>
         <value>0x90e9</value>
         <object_component_ref idref="oc-263"/>
      </symbol>
      <symbol id="sm-c82">
         <name>CPUcpsie</name>
         <value>0x9083</value>
         <object_component_ref idref="oc-2d2"/>
      </symbol>
      <symbol id="sm-c83">
         <name>CPUcpsid</name>
         <value>0x9077</value>
         <object_component_ref idref="oc-2c8"/>
      </symbol>
      <symbol id="sm-c9e">
         <name>memcpy</name>
         <value>0x8909</value>
         <object_component_ref idref="oc-4c"/>
      </symbol>
      <symbol id="sm-c9f">
         <name>__aeabi_memcpy</name>
         <value>0x8909</value>
         <object_component_ref idref="oc-4c"/>
      </symbol>
      <symbol id="sm-ca0">
         <name>__aeabi_memcpy8</name>
         <value>0x8909</value>
         <object_component_ref idref="oc-4c"/>
      </symbol>
      <symbol id="sm-ca1">
         <name>__aeabi_memcpy4</name>
         <value>0x8909</value>
         <object_component_ref idref="oc-4c"/>
      </symbol>
      <symbol id="sm-cb0">
         <name>__aeabi_memset</name>
         <value>0x89a7</value>
         <object_component_ref idref="oc-14b"/>
      </symbol>
      <symbol id="sm-cb1">
         <name>memset</name>
         <value>0x89ad</value>
         <object_component_ref idref="oc-14b"/>
      </symbol>
      <symbol id="sm-cb2">
         <name>__aeabi_memset8</name>
         <value>0x89a7</value>
         <object_component_ref idref="oc-14b"/>
      </symbol>
      <symbol id="sm-cb3">
         <name>__aeabi_memset4</name>
         <value>0x89a7</value>
         <object_component_ref idref="oc-14b"/>
      </symbol>
      <symbol id="sm-cb4">
         <name>__aeabi_memclr8</name>
         <value>0x89a5</value>
         <object_component_ref idref="oc-14b"/>
      </symbol>
      <symbol id="sm-cb5">
         <name>__aeabi_memclr4</name>
         <value>0x89a5</value>
         <object_component_ref idref="oc-14b"/>
      </symbol>
      <symbol id="sm-cb6">
         <name>__aeabi_memclr</name>
         <value>0x89a5</value>
         <object_component_ref idref="oc-14b"/>
      </symbol>
      <symbol id="sm-cc5">
         <name>__aeabi_uidivmod</name>
         <value>0x8ccd</value>
         <object_component_ref idref="oc-272"/>
      </symbol>
      <symbol id="sm-cc6">
         <name>__aeabi_uidiv</name>
         <value>0x8ccd</value>
         <object_component_ref idref="oc-272"/>
      </symbol>
      <symbol id="sm-cd8">
         <name>__TI_zero_init</name>
         <value>0x90bf</value>
         <object_component_ref idref="oc-5e"/>
      </symbol>
      <symbol id="sm-cef">
         <name>__TI_decompress_none</name>
         <value>0x9069</value>
         <object_component_ref idref="oc-1b"/>
      </symbol>
      <symbol id="sm-d12">
         <name>__TI_decompress_lzss</name>
         <value>0x8a89</value>
         <object_component_ref idref="oc-15"/>
      </symbol>
      <symbol id="sm-d22">
         <name>memcmp</name>
         <value>0x8e6d</value>
         <object_component_ref idref="oc-287"/>
      </symbol>
      <symbol id="sm-d32">
         <name>strchr</name>
         <value>0x8f95</value>
         <object_component_ref idref="oc-28d"/>
      </symbol>
      <symbol id="sm-d45">
         <name>__stack</name>
         <value>0x200057d8</value>
         <object_component_ref idref="oc-24"/>
      </symbol>
      <symbol id="sm-d46">
         <name>_c_int00_noargs</name>
         <value>0x8de9</value>
         <object_component_ref idref="oc-6a"/>
      </symbol>
      <symbol id="sm-d50">
         <name>__aeabi_idiv0</name>
         <value>0x450f</value>
         <object_component_ref idref="oc-3c2"/>
      </symbol>
      <symbol id="sm-d51">
         <name>__aeabi_ldiv0</name>
         <value>0x450f</value>
         <object_component_ref idref="oc-3c2"/>
      </symbol>
      <symbol id="sm-d79">
         <name>__TI_auto_init_nobinit_nopinit</name>
         <value>0x8c89</value>
         <object_component_ref idref="oc-2fc"/>
      </symbol>
      <symbol id="sm-d83">
         <name>_system_pre_init</name>
         <value>0x912f</value>
         <object_component_ref idref="oc-151"/>
      </symbol>
      <symbol id="sm-d8f">
         <name>C$$EXIT</name>
         <value>0x9133</value>
         <object_component_ref idref="oc-2f0"/>
      </symbol>
      <symbol id="sm-d90">
         <name>abort</name>
         <value>0x9133</value>
         <object_component_ref idref="oc-2f0"/>
      </symbol>
      <symbol id="sm-d93">
         <name>__TI_static_base__</name>
         <value>0x0</value>
      </symbol>
      <symbol id="sm-d96">
         <name>__mpu_init</name>
         <value>0x0</value>
      </symbol>
      <symbol id="sm-d97">
         <name>_system_post_cinit</name>
         <value>0x0</value>
      </symbol>
   </symbol_table>
   <title>Link successful</title>
</link_info>
